<?xml version="1.0" encoding="utf-8"?>
<TestRun id="9375c6b6-5eea-4dc7-b85e-bd791f6dd59c" name="stris@DESKTOP-ICI35TL 2026-08-03 22:02:15" runUser="DESKTOP-ICI35TL\stris" xmlns="http://microsoft.com/schemas/VisualStudio/TeamTest/2010">
  <Times creation="2026-08-03T22:02:15.1156625-05:00" queuing="2026-08-03T22:02:15.1156626-05:00" start="2026-08-03T22:02:14.5372096-05:00" finish="2026-08-03T22:02:15.1499321-05:00" />
  <TestSettings name="default" id="e0f48e07-a3f1-42fd-ac8f-11f32b7e6fe6">
    <Deployment runDeploymentRoot="stris_DESKTOP-ICI35TL_2026-08-03_22_02_15" />
  </TestSettings>
  <Results>
    <UnitTestResult executionId="f4ce141d-57ae-4c33-bbaa-9b52d0b5fa8f" testId="664c585c-1f4a-f0e3-c773-e5b30755fd00" testName="BrushForge.Tests.Core.CoordinateInfrastructureTests.GridSnappingUsesMidpointAwayFromZero(input: -12, expected: -16)" computerName="DESKTOP-ICI35TL" duration="00:00:00.0000052" startTime="2026-08-03T22:02:15.0923641-05:00" endTime="2026-08-03T22:02:15.0924732-05:00" testType="13cdc9d9-ddb5-4fa4-a97d-d965ccfc6d4b" outcome="Passed" testListId="8c84fa94-04c1-424b-9868-57a2d4851a1d" relativeResultsDirectory="f4ce141d-57ae-4c33-bbaa-9b52d0b5fa8f" />
    <UnitTestResult executionId="b1b38851-a5a0-48fc-9678-b2be2d0d983a" testId="9aee2fc8-7a4a-56d0-80f5-8aca0854a5ff" testName="BrushForge.Tests.Geometry.TextureAxisTests.NinetyDegreeRotationRotatesGeneratedAxes" computerName="DESKTOP-ICI35TL" duration="00:00:00.0002414" startTime="2026-08-03T22:02:15.0922294-05:00" endTime="2026-08-03T22:02:15.0943976-05:00" testType="13cdc9d9-ddb5-4fa4-a97d-d965ccfc6d4b" outcome="Passed" testListId="8c84fa94-04c1-424b-9868-57a2d4851a1d" relativeResultsDirectory="b1b38851-a5a0-48fc-9678-b2be2d0d983a" />
    <UnitTestResult executionId="6e4ed81d-b947-4e09-9883-9d222418731a" testId="ae535374-62c2-f341-39af-8f6230dc419c" testName="BrushForge.Tests.Geometry.BrushModelTests.BrushFaceRejectsInvalidTextureName" computerName="DESKTOP-ICI35TL" duration="00:00:00.0003390" startTime="2026-08-03T22:02:15.0943591-05:00" endTime="2026-08-03T22:02:15.0951104-05:00" testType="13cdc9d9-ddb5-4fa4-a97d-d965ccfc6d4b" outcome="Passed" testListId="8c84fa94-04c1-424b-9868-57a2d4851a1d" relativeResultsDirectory="6e4ed81d-b947-4e09-9883-9d222418731a" />
    <UnitTestResult executionId="6092c07e-9e67-4fd2-af42-6d90c6e62b9c" testId="62a75a68-c3d6-bd50-455f-de1bc7e5b295" testName="BrushForge.Tests.Geometry.TextureAxisTests.GeneratedOffsetsAndScaleArePreserved" computerName="DESKTOP-ICI35TL" duration="00:00:00.0002460" startTime="2026-08-03T22:02:15.0958893-05:00" endTime="2026-08-03T22:02:15.0962150-05:00" testType="13cdc9d9-ddb5-4fa4-a97d-d965ccfc6d4b" outcome="Passed" testListId="8c84fa94-04c1-424b-9868-57a2d4851a1d" relativeResultsDirectory="6092c07e-9e67-4fd2-af42-6d90c6e62b9c" />
    <UnitTestResult executionId="ba2d2396-f812-41b4-9a29-a789877ff53d" testId="bf9b69c7-ab5e-6535-42f8-fc38dc236417" testName="BrushForge.Tests.Core.DeterministicRandomTests.TextSeedHashIsStable" computerName="DESKTOP-ICI35TL" duration="00:00:00.0000773" startTime="2026-08-03T22:02:15.1009629-05:00" endTime="2026-08-03T22:02:15.1010033-05:00" testType="13cdc9d9-ddb5-4fa4-a97d-d965ccfc6d4b" outcome="Passed" testListId="8c84fa94-04c1-424b-9868-57a2d4851a1d" relativeResultsDirectory="ba2d2396-f812-41b4-9a29-a789877ff53d" />
    <UnitTestResult executionId="bd5157c3-e8ff-4801-b3c0-645f5624f7ca" testId="9f086c7e-744d-8817-3f8e-9722d8df64c3" testName="BrushForge.Tests.Geometry.Vector3dTests.CrossProductConfirmsRightHandedCoordinates" computerName="DESKTOP-ICI35TL" duration="00:00:00.0001439" startTime="2026-08-03T22:02:15.1000041-05:00" endTime="2026-08-03T22:02:15.1002170-05:00" testType="13cdc9d9-ddb5-4fa4-a97d-d965ccfc6d4b" outcome="Passed" testListId="8c84fa94-04c1-424b-9868-57a2d4851a1d" relativeResultsDirectory="bd5157c3-e8ff-4801-b3c0-645f5624f7ca" />
    <UnitTestResult executionId="d244ba59-bf13-4f84-807f-219a05e5c570" testId="200f487e-a132-cf8b-38d7-616143c0dcf2" testName="BrushForge.Tests.Geometry.Plane3dTests.ConstructorNormalizesNormalAndDistance" computerName="DESKTOP-ICI35TL" duration="00:00:00.0023766" startTime="2026-08-03T22:02:15.0923127-05:00" endTime="2026-08-03T22:02:15.0979543-05:00" testType="13cdc9d9-ddb5-4fa4-a97d-d965ccfc6d4b" outcome="Passed" testListId="8c84fa94-04c1-424b-9868-57a2d4851a1d" relativeResultsDirectory="d244ba59-bf13-4f84-807f-219a05e5c570" />
    <UnitTestResult executionId="2b07f9a8-f284-4f4b-9a1d-af5c18388102" testId="e7b3d1a4-4077-88b1-beb9-4ddafc1d0541" testName="BrushForge.Tests.Core.DeterministicRandomTests.GeneratorSequenceIsStable" computerName="DESKTOP-ICI35TL" duration="00:00:00.0055952" startTime="2026-08-03T22:02:15.0515895-05:00" endTime="2026-08-03T22:02:15.0648427-05:00" testType="13cdc9d9-ddb5-4fa4-a97d-d965ccfc6d4b" outcome="Passed" testListId="8c84fa94-04c1-424b-9868-57a2d4851a1d" relativeResultsDirectory="2b07f9a8-f284-4f4b-9a1d-af5c18388102" />
    <UnitTestResult executionId="4f52e6c9-9af6-4dee-8919-84b0d8163dd5" testId="e88eb188-bbb3-14b7-1b8f-91a3607d6542" testName="BrushForge.Tests.Core.CoordinateInfrastructureTests.GridSnappingUsesMidpointAwayFromZero(input: 11.9, expected: 8)" computerName="DESKTOP-ICI35TL" duration="00:00:00.0055494" startTime="2026-08-03T22:02:15.0508011-05:00" endTime="2026-08-03T22:02:15.0648108-05:00" testType="13cdc9d9-ddb5-4fa4-a97d-d965ccfc6d4b" outcome="Passed" testListId="8c84fa94-04c1-424b-9868-57a2d4851a1d" relativeResultsDirectory="4f52e6c9-9af6-4dee-8919-84b0d8163dd5" />
    <UnitTestResult executionId="91fe2d69-f1d9-4d3f-8edf-5e14c988aec9" testId="e8ed5ac7-906e-c1cc-d1ff-b8b1f6225f8f" testName="BrushForge.Tests.Geometry.TextureAxisTests.TopFaceUsesValveStyleFloorAxes" computerName="DESKTOP-ICI35TL" duration="00:00:00.0001552" startTime="2026-08-03T22:02:15.0946051-05:00" endTime="2026-08-03T22:02:15.0946875-05:00" testType="13cdc9d9-ddb5-4fa4-a97d-d965ccfc6d4b" outcome="Passed" testListId="8c84fa94-04c1-424b-9868-57a2d4851a1d" relativeResultsDirectory="91fe2d69-f1d9-4d3f-8edf-5e14c988aec9" />
    <UnitTestResult executionId="2ab074c5-4b3b-41b9-8154-549a3b5a4235" testId="8eed1e01-7c98-e10b-4b15-af859e282ab9" testName="BrushForge.Tests.Geometry.TextureAxisTests.PositiveXWallUsesVerticalVAxis" computerName="DESKTOP-ICI35TL" duration="00:00:00.0048926" startTime="2026-08-03T22:02:15.0516109-05:00" endTime="2026-08-03T22:02:15.0641014-05:00" testType="13cdc9d9-ddb5-4fa4-a97d-d965ccfc6d4b" outcome="Passed" testListId="8c84fa94-04c1-424b-9868-57a2d4851a1d" relativeResultsDirectory="2ab074c5-4b3b-41b9-8154-549a3b5a4235" />
    <UnitTestResult executionId="d66dc2b1-7791-4ad2-89ce-c84447e02fb9" testId="3f0f93ba-f747-e0a2-5a43-e53dca025010" testName="BrushForge.Tests.Core.DeterministicRandomTests.EqualSeedsProduceEqualSequences" computerName="DESKTOP-ICI35TL" duration="00:00:00.0002054" startTime="2026-08-03T22:02:15.0946250-05:00" endTime="2026-08-03T22:02:15.0949718-05:00" testType="13cdc9d9-ddb5-4fa4-a97d-d965ccfc6d4b" outcome="Passed" testListId="8c84fa94-04c1-424b-9868-57a2d4851a1d" relativeResultsDirectory="d66dc2b1-7791-4ad2-89ce-c84447e02fb9" />
    <UnitTestResult executionId="8468769f-92b4-4aad-8f9d-092cb863dabd" testId="15fa42c5-7d36-fd04-9ad2-2c37a71580b9" testName="BrushForge.Tests.Geometry.Vector3dTests.DistanceUsesThreeDimensionalCoordinates" computerName="DESKTOP-ICI35TL" duration="00:00:00.0055642" startTime="2026-08-03T22:02:15.0508224-05:00" endTime="2026-08-03T22:02:15.0641225-05:00" testType="13cdc9d9-ddb5-4fa4-a97d-d965ccfc6d4b" outcome="Passed" testListId="8c84fa94-04c1-424b-9868-57a2d4851a1d" relativeResultsDirectory="8468769f-92b4-4aad-8f9d-092cb863dabd" />
    <UnitTestResult executionId="c5dbfcb8-4de8-4381-bdd1-7bdd70ff48d1" testId="8a54ad06-ae36-fad4-ccd3-cbe7ee1682ab" testName="BrushForge.Tests.Geometry.BrushModelTests.BrushFaceGeneratesTextureAxes" computerName="DESKTOP-ICI35TL" duration="00:00:00.0006908" startTime="2026-08-03T22:02:15.0957442-05:00" endTime="2026-08-03T22:02:15.0964251-05:00" testType="13cdc9d9-ddb5-4fa4-a97d-d965ccfc6d4b" outcome="Passed" testListId="8c84fa94-04c1-424b-9868-57a2d4851a1d" relativeResultsDirectory="c5dbfcb8-4de8-4381-bdd1-7bdd70ff48d1" />
    <UnitTestResult executionId="4a2dc886-b9f7-4087-9a2a-c02bf6e90989" testId="0fda2d90-6835-846c-e31e-da9bc47cdb0d" testName="BrushForge.Tests.Geometry.BrushModelTests.PlanePointsRetainOrientedPlane" computerName="DESKTOP-ICI35TL" duration="00:00:00.0001352" startTime="2026-08-03T22:02:15.0955946-05:00" endTime="2026-08-03T22:02:15.0956356-05:00" testType="13cdc9d9-ddb5-4fa4-a97d-d965ccfc6d4b" outcome="Passed" testListId="8c84fa94-04c1-424b-9868-57a2d4851a1d" relativeResultsDirectory="4a2dc886-b9f7-4087-9a2a-c02bf6e90989" />
    <UnitTestResult executionId="74621e2d-b127-40ff-b04c-be8bb21d0a3e" testId="2c3eaba2-e25f-3c90-0990-cb956d8058ba" testName="BrushForge.Tests.Core.CoordinateInfrastructureTests.CoordinateSystemUsesRightHandedZUpConvention" computerName="DESKTOP-ICI35TL" duration="00:00:00.0037366" startTime="2026-08-03T22:02:15.0971804-05:00" endTime="2026-08-03T22:02:15.1011650-05:00" testType="13cdc9d9-ddb5-4fa4-a97d-d965ccfc6d4b" outcome="Passed" testListId="8c84fa94-04c1-424b-9868-57a2d4851a1d" relativeResultsDirectory="74621e2d-b127-40ff-b04c-be8bb21d0a3e" />
    <UnitTestResult executionId="651308e6-1217-4634-96c7-875ddce07085" testId="2c3685a4-d415-c41b-8284-132275282f5e" testName="BrushForge.Tests.Geometry.Bounds3dTests.InvalidMinimumAndMaximumAreRejected" computerName="DESKTOP-ICI35TL" duration="00:00:00.0003377" startTime="2026-08-03T22:02:15.0949292-05:00" endTime="2026-08-03T22:02:15.0959292-05:00" testType="13cdc9d9-ddb5-4fa4-a97d-d965ccfc6d4b" outcome="Passed" testListId="8c84fa94-04c1-424b-9868-57a2d4851a1d" relativeResultsDirectory="651308e6-1217-4634-96c7-875ddce07085" />
    <UnitTestResult executionId="31322e1d-8b8d-4643-9d0a-29974885c67b" testId="2e0d34b8-fc2a-5855-9b24-5a4222b002f8" testName="BrushForge.Tests.Geometry.Bounds3dTests.FromPointsCalculatesAllExtents" computerName="DESKTOP-ICI35TL" duration="00:00:00.0015299" startTime="2026-08-03T22:02:15.0960298-05:00" endTime="2026-08-03T22:02:15.0978403-05:00" testType="13cdc9d9-ddb5-4fa4-a97d-d965ccfc6d4b" outcome="Passed" testListId="8c84fa94-04c1-424b-9868-57a2d4851a1d" relativeResultsDirectory="31322e1d-8b8d-4643-9d0a-29974885c67b" />
    <UnitTestResult executionId="06f1eebb-7695-4060-a2e5-806fdbb3b709" testId="5888ae04-814d-f20f-735b-bea869d6e7af" testName="BrushForge.Tests.Core.CoordinateInfrastructureTests.CoordinateScaleRejectsInvalidValues" computerName="DESKTOP-ICI35TL" duration="00:00:00.0006148" startTime="2026-08-03T22:02:15.0963828-05:00" endTime="2026-08-03T22:02:15.0970755-05:00" testType="13cdc9d9-ddb5-4fa4-a97d-d965ccfc6d4b" outcome="Passed" testListId="8c84fa94-04c1-424b-9868-57a2d4851a1d" relativeResultsDirectory="06f1eebb-7695-4060-a2e5-806fdbb3b709" />
    <UnitTestResult executionId="5a533e7b-63a0-4b62-bbfc-fa20b4ce1982" testId="b0037b9c-5860-1854-d3bd-8a88422a7069" testName="BrushForge.Tests.Geometry.Plane3dTests.SignedDistanceDistinguishesPlaneSides" computerName="DESKTOP-ICI35TL" duration="00:00:00.0001056" startTime="2026-08-03T22:02:15.0989387-05:00" endTime="2026-08-03T22:02:15.0990111-05:00" testType="13cdc9d9-ddb5-4fa4-a97d-d965ccfc6d4b" outcome="Passed" testListId="8c84fa94-04c1-424b-9868-57a2d4851a1d" relativeResultsDirectory="5a533e7b-63a0-4b62-bbfc-fa20b4ce1982" />
    <UnitTestResult executionId="c7d1ea20-82df-4a07-80df-b8c677144d93" testId="7261bfe0-4d2e-3ea8-2999-747ec7c8fc0d" testName="BrushForge.Tests.Geometry.TextureAxisTests.ParallelTextureAxesAreRejected" computerName="DESKTOP-ICI35TL" duration="00:00:00.0002840" startTime="2026-08-03T22:02:15.0948850-05:00" endTime="2026-08-03T22:02:15.0957841-05:00" testType="13cdc9d9-ddb5-4fa4-a97d-d965ccfc6d4b" outcome="Passed" testListId="8c84fa94-04c1-424b-9868-57a2d4851a1d" relativeResultsDirectory="c7d1ea20-82df-4a07-80df-b8c677144d93" />
    <UnitTestResult executionId="2ac51fa9-ec11-405b-a321-eb07a0793448" testId="12c47706-f724-a5cc-7d9b-c5380c949463" testName="BrushForge.Tests.Core.CoordinateInfrastructureTests.GridSnappingUsesMidpointAwayFromZero(input: -11.9, expected: -8)" computerName="DESKTOP-ICI35TL" duration="00:00:00.0000020" startTime="2026-08-03T22:02:15.0927698-05:00" endTime="2026-08-03T22:02:15.0928076-05:00" testType="13cdc9d9-ddb5-4fa4-a97d-d965ccfc6d4b" outcome="Passed" testListId="8c84fa94-04c1-424b-9868-57a2d4851a1d" relativeResultsDirectory="2ac51fa9-ec11-405b-a321-eb07a0793448" />
    <UnitTestResult executionId="eaa54c85-8287-4a8e-bec8-4662feb4fce1" testId="90e96c3b-8a38-075a-b489-8bcd62fc7ba6" testName="BrushForge.Tests.Core.DeterministicRandomTests.SeedCanRoundTripThroughInvariantText" computerName="DESKTOP-ICI35TL" duration="00:00:00.0023090" startTime="2026-08-03T22:02:15.0970367-05:00" endTime="2026-08-03T22:02:15.1008580-05:00" testType="13cdc9d9-ddb5-4fa4-a97d-d965ccfc6d4b" outcome="Passed" testListId="8c84fa94-04c1-424b-9868-57a2d4851a1d" relativeResultsDirectory="eaa54c85-8287-4a8e-bec8-4662feb4fce1" />
    <UnitTestResult executionId="d63e2ae4-dbb1-4c3b-a3cf-675c2c9e48b5" testId="d4245e92-12e4-4f40-5591-8ef053931cfc" testName="BrushForge.Tests.Geometry.Vector3dTests.NormalizeRejectsZeroVector" computerName="DESKTOP-ICI35TL" duration="00:00:00.0004048" startTime="2026-08-03T22:02:15.0987315-05:00" endTime="2026-08-03T22:02:15.0998940-05:00" testType="13cdc9d9-ddb5-4fa4-a97d-d965ccfc6d4b" outcome="Passed" testListId="8c84fa94-04c1-424b-9868-57a2d4851a1d" relativeResultsDirectory="d63e2ae4-dbb1-4c3b-a3cf-675c2c9e48b5" />
    <UnitTestResult executionId="5c78fb6d-f18a-4c1e-b895-76e9fe9fa1fb" testId="bc23beff-11e3-1085-1a60-00dcc32c6483" testName="BrushForge.Tests.Core.CoordinateInfrastructureTests.GridSnappingUsesMidpointAwayFromZero(input: 12, expected: 16)" computerName="DESKTOP-ICI35TL" duration="00:00:00.0000019" startTime="2026-08-03T22:02:15.0926277-05:00" endTime="2026-08-03T22:02:15.0926692-05:00" testType="13cdc9d9-ddb5-4fa4-a97d-d965ccfc6d4b" outcome="Passed" testListId="8c84fa94-04c1-424b-9868-57a2d4851a1d" relativeResultsDirectory="5c78fb6d-f18a-4c1e-b895-76e9fe9fa1fb" />
    <UnitTestResult executionId="d7f61360-88bb-4929-8277-e23824450b43" testId="b1b3c74d-f281-3d06-3144-1bd6f4412b2e" testName="BrushForge.Tests.Geometry.BrushModelTests.BrushRejectsDuplicateFacePlanes" computerName="DESKTOP-ICI35TL" duration="00:00:00.0068367" startTime="2026-08-03T22:02:15.0515282-05:00" endTime="2026-08-03T22:02:15.0929507-05:00" testType="13cdc9d9-ddb5-4fa4-a97d-d965ccfc6d4b" outcome="Passed" testListId="8c84fa94-04c1-424b-9868-57a2d4851a1d" relativeResultsDirectory="d7f61360-88bb-4929-8277-e23824450b43" />
    <UnitTestResult executionId="230f817e-71b5-461e-95bd-6e4195999d48" testId="60f297e0-04e8-5e53-cc79-510134612bd8" testName="BrushForge.Tests.Geometry.Plane3dTests.CollinearPointsAreRejected" computerName="DESKTOP-ICI35TL" duration="00:00:00.0040396" startTime="2026-08-03T22:02:15.0507624-05:00" endTime="2026-08-03T22:02:15.0602683-05:00" testType="13cdc9d9-ddb5-4fa4-a97d-d965ccfc6d4b" outcome="Passed" testListId="8c84fa94-04c1-424b-9868-57a2d4851a1d" relativeResultsDirectory="230f817e-71b5-461e-95bd-6e4195999d48" />
    <UnitTestResult executionId="32131720-7a2d-43ac-8623-4219f1fbd460" testId="21f023ac-19e9-0f24-0800-5b19bdb02bff" testName="BrushForge.Tests.Core.CoordinateInfrastructureTests.GridAlignmentUsesCentralTolerance" computerName="DESKTOP-ICI35TL" duration="00:00:00.0001528" startTime="2026-08-03T22:02:15.0961751-05:00" endTime="2026-08-03T22:02:15.0962835-05:00" testType="13cdc9d9-ddb5-4fa4-a97d-d965ccfc6d4b" outcome="Passed" testListId="8c84fa94-04c1-424b-9868-57a2d4851a1d" relativeResultsDirectory="32131720-7a2d-43ac-8623-4219f1fbd460" />
    <UnitTestResult executionId="414eed99-94d8-40ea-9ead-4c2f19320f49" testId="46261481-330c-ceec-9c81-690a7d50cfe1" testName="BrushForge.Tests.Core.CoordinateInfrastructureTests.CoordinateScaleConvertsInBothDirections" computerName="DESKTOP-ICI35TL" duration="00:00:00.0008308" startTime="2026-08-03T22:02:15.0929115-05:00" endTime="2026-08-03T22:02:15.0960752-05:00" testType="13cdc9d9-ddb5-4fa4-a97d-d965ccfc6d4b" outcome="Passed" testListId="8c84fa94-04c1-424b-9868-57a2d4851a1d" relativeResultsDirectory="414eed99-94d8-40ea-9ead-4c2f19320f49" />
    <UnitTestResult executionId="47e75eca-4420-4b30-870c-ade4f8398d12" testId="a6daafc8-3cbc-df7a-1672-463bc612a36f" testName="BrushForge.Tests.Core.DiagnosticTests.DiagnosticBagTracksWarningsAndErrors" computerName="DESKTOP-ICI35TL" duration="00:00:00.0033375" startTime="2026-08-03T22:02:15.0922067-05:00" endTime="2026-08-03T22:02:15.1003000-05:00" testType="13cdc9d9-ddb5-4fa4-a97d-d965ccfc6d4b" outcome="Passed" testListId="8c84fa94-04c1-424b-9868-57a2d4851a1d" relativeResultsDirectory="47e75eca-4420-4b30-870c-ade4f8398d12" />
    <UnitTestResult executionId="6f3ade1b-d82c-4c54-960f-4f01665eab33" testId="7b158493-285d-980b-f303-a21442654683" testName="BrushForge.Tests.Geometry.Bounds3dTests.SizeAndCenterAreCalculatedCorrectly" computerName="DESKTOP-ICI35TL" duration="00:00:00.0002784" startTime="2026-08-03T22:02:15.0985112-05:00" endTime="2026-08-03T22:02:15.0988712-05:00" testType="13cdc9d9-ddb5-4fa4-a97d-d965ccfc6d4b" outcome="Passed" testListId="8c84fa94-04c1-424b-9868-57a2d4851a1d" relativeResultsDirectory="6f3ade1b-d82c-4c54-960f-4f01665eab33" />
    <UnitTestResult executionId="4d13dc41-f671-4a05-8a1d-71ff7931a59d" testId="b3e60353-dcf1-95e6-3f43-684c87cd6fe2" testName="BrushForge.Tests.Geometry.Vector3dTests.NormalizeProducesUnitLength" computerName="DESKTOP-ICI35TL" duration="00:00:00.0002379" startTime="2026-08-03T22:02:15.0985303-05:00" endTime="2026-08-03T22:02:15.0986273-05:00" testType="13cdc9d9-ddb5-4fa4-a97d-d965ccfc6d4b" outcome="Passed" testListId="8c84fa94-04c1-424b-9868-57a2d4851a1d" relativeResultsDirectory="4d13dc41-f671-4a05-8a1d-71ff7931a59d" />
    <UnitTestResult executionId="3d17ceb3-0ac8-4ffd-a9fc-049c9a8f3d0b" testId="2c0f3fae-ada8-2367-8c2c-a32a146948b6" testName="BrushForge.Tests.Geometry.Vector3dTests.VectorArithmeticPreservesDoublePrecisionValues" computerName="DESKTOP-ICI35TL" duration="00:00:00.0023812" startTime="2026-08-03T22:02:15.0923317-05:00" endTime="2026-08-03T22:02:15.0978640-05:00" testType="13cdc9d9-ddb5-4fa4-a97d-d965ccfc6d4b" outcome="Passed" testListId="8c84fa94-04c1-424b-9868-57a2d4851a1d" relativeResultsDirectory="3d17ceb3-0ac8-4ffd-a9fc-049c9a8f3d0b" />
    <UnitTestResult executionId="73654dbf-fa4c-4cc0-a5ad-de2d9da99500" testId="983d99fe-7c54-b71a-3beb-1f17757ff024" testName="BrushForge.Tests.Geometry.Plane3dTests.ProjectionMovesPointOntoPlane" computerName="DESKTOP-ICI35TL" duration="00:00:00.0002661" startTime="2026-08-03T22:02:15.0985568-05:00" endTime="2026-08-03T22:02:15.0987481-05:00" testType="13cdc9d9-ddb5-4fa4-a97d-d965ccfc6d4b" outcome="Passed" testListId="8c84fa94-04c1-424b-9868-57a2d4851a1d" relativeResultsDirectory="73654dbf-fa4c-4cc0-a5ad-de2d9da99500" />
    <UnitTestResult executionId="9fd82f5b-784c-4c35-928c-f72a763eaa70" testId="186a33b5-f158-e2cd-8a06-34ecb0dffbbe" testName="BrushForge.Tests.Core.DiagnosticTests.DiagnosticRequiresCodeAndMessage" computerName="DESKTOP-ICI35TL" duration="00:00:00.0040519" startTime="2026-08-03T22:02:15.0495171-05:00" endTime="2026-08-03T22:02:15.0640767-05:00" testType="13cdc9d9-ddb5-4fa4-a97d-d965ccfc6d4b" outcome="Passed" testListId="8c84fa94-04c1-424b-9868-57a2d4851a1d" relativeResultsDirectory="9fd82f5b-784c-4c35-928c-f72a763eaa70" />
    <UnitTestResult executionId="77690257-e029-40fa-a281-cde195d294f6" testId="fd8d74b6-e32e-48da-ccd2-7d864e749cb3" testName="BrushForge.Tests.Core.DeterministicRandomTests.IntegerRangeHonorsInclusiveAndExclusiveBounds" computerName="DESKTOP-ICI35TL" duration="00:00:00.0010444" startTime="2026-08-03T22:02:15.0950717-05:00" endTime="2026-08-03T22:02:15.0969319-05:00" testType="13cdc9d9-ddb5-4fa4-a97d-d965ccfc6d4b" outcome="Passed" testListId="8c84fa94-04c1-424b-9868-57a2d4851a1d" relativeResultsDirectory="77690257-e029-40fa-a281-cde195d294f6" />
    <UnitTestResult executionId="6a2dc17b-2ef4-4481-8cdb-2107048fac68" testId="3d1fa1eb-3fa9-17b9-39a3-9c77f851763a" testName="BrushForge.Tests.Geometry.Bounds3dTests.ContainsIncludesBoundaryPoints" computerName="DESKTOP-ICI35TL" duration="00:00:00.0004427" startTime="2026-08-03T22:02:15.0922473-05:00" endTime="2026-08-03T22:02:15.0947664-05:00" testType="13cdc9d9-ddb5-4fa4-a97d-d965ccfc6d4b" outcome="Passed" testListId="8c84fa94-04c1-424b-9868-57a2d4851a1d" relativeResultsDirectory="6a2dc17b-2ef4-4481-8cdb-2107048fac68" />
    <UnitTestResult executionId="455b7cb4-531a-4ef0-9363-80db9341f01f" testId="1f5a0601-e77a-708d-306e-717d5ed9bcfb" testName="BrushForge.Tests.Geometry.BrushModelTests.SixFaceBoxCreatesStructuralBrush" computerName="DESKTOP-ICI35TL" duration="00:00:00.0016834" startTime="2026-08-03T22:02:15.0968932-05:00" endTime="2026-08-03T22:02:15.1000442-05:00" testType="13cdc9d9-ddb5-4fa4-a97d-d965ccfc6d4b" outcome="Passed" testListId="8c84fa94-04c1-424b-9868-57a2d4851a1d" relativeResultsDirectory="455b7cb4-531a-4ef0-9363-80db9341f01f" />
    <UnitTestResult executionId="680861a4-2f36-44f6-98c6-1440adcdbd10" testId="a8e31f13-97e5-9d0c-89c9-4e705f3d46d8" testName="BrushForge.Tests.Geometry.Bounds3dTests.IntersectsDetectsTouchingBounds" computerName="DESKTOP-ICI35TL" duration="00:00:00.0040471" startTime="2026-08-03T22:02:15.0515629-05:00" endTime="2026-08-03T22:02:15.0640002-05:00" testType="13cdc9d9-ddb5-4fa4-a97d-d965ccfc6d4b" outcome="Passed" testListId="8c84fa94-04c1-424b-9868-57a2d4851a1d" relativeResultsDirectory="680861a4-2f36-44f6-98c6-1440adcdbd10" />
    <UnitTestResult executionId="4690df2f-9f79-4c7b-8775-ac598615ea87" testId="f41d7da2-3e36-66e7-97e7-467b430dd2b7" testName="BrushForge.Tests.Core.CoordinateInfrastructureTests.GridSnappingUsesMidpointAwayFromZero(input: 0, expected: 0)" computerName="DESKTOP-ICI35TL" duration="00:00:00.0001979" startTime="2026-08-03T22:02:15.0703698-05:00" endTime="2026-08-03T22:02:15.0710909-05:00" testType="13cdc9d9-ddb5-4fa4-a97d-d965ccfc6d4b" outcome="Passed" testListId="8c84fa94-04c1-424b-9868-57a2d4851a1d" relativeResultsDirectory="4690df2f-9f79-4c7b-8775-ac598615ea87" />
    <UnitTestResult executionId="152030c7-6af3-41e1-9408-23b53c6793bc" testId="e13e8b81-c540-3407-3f6a-35fb37f4dd29" testName="BrushForge.Tests.Core.DeterministicRandomTests.UnitDoubleNeverReachesOne" computerName="DESKTOP-ICI35TL" duration="00:00:00.0002227" startTime="2026-08-03T22:02:15.0924561-05:00" endTime="2026-08-03T22:02:15.0944588-05:00" testType="13cdc9d9-ddb5-4fa4-a97d-d965ccfc6d4b" outcome="Passed" testListId="8c84fa94-04c1-424b-9868-57a2d4851a1d" relativeResultsDirectory="152030c7-6af3-41e1-9408-23b53c6793bc" />
    <UnitTestResult executionId="9846cbf1-cb24-4b99-8b7c-36b1dd996e89" testId="cc6f3adc-eb1d-5ebe-a00a-9784e32498cd" testName="BrushForge.Tests.Geometry.Plane3dTests.FlipReversesPlaneOrientation" computerName="DESKTOP-ICI35TL" duration="00:00:00.0002000" startTime="2026-08-03T22:02:15.0998525-05:00" endTime="2026-08-03T22:02:15.1001351-05:00" testType="13cdc9d9-ddb5-4fa4-a97d-d965ccfc6d4b" outcome="Passed" testListId="8c84fa94-04c1-424b-9868-57a2d4851a1d" relativeResultsDirectory="9846cbf1-cb24-4b99-8b7c-36b1dd996e89" />
    <UnitTestResult executionId="e14655ce-7b1c-4417-9f6e-a0325c38debb" testId="8e83f3d1-d379-751e-0737-f1b70917f5b3" testName="BrushForge.Tests.Core.DiagnosticTests.SnapshotIsIndependentFromLaterChanges" computerName="DESKTOP-ICI35TL" duration="00:00:00.0016076" startTime="2026-08-03T22:02:15.1008167-05:00" endTime="2026-08-03T22:02:15.1010845-05:00" testType="13cdc9d9-ddb5-4fa4-a97d-d965ccfc6d4b" outcome="Passed" testListId="8c84fa94-04c1-424b-9868-57a2d4851a1d" relativeResultsDirectory="e14655ce-7b1c-4417-9f6e-a0325c38debb" />
    <UnitTestResult executionId="fc606e75-44f8-479a-83d3-acbcc2c5d32e" testId="f1a61163-fbd2-9172-892b-f4f77428718e" testName="BrushForge.Tests.Geometry.Plane3dTests.FromPointsPreservesRightHandedOrientation" computerName="DESKTOP-ICI35TL" duration="00:00:00.0001243" startTime="2026-08-03T22:02:15.0991113-05:00" endTime="2026-08-03T22:02:15.0991518-05:00" testType="13cdc9d9-ddb5-4fa4-a97d-d965ccfc6d4b" outcome="Passed" testListId="8c84fa94-04c1-424b-9868-57a2d4851a1d" relativeResultsDirectory="fc606e75-44f8-479a-83d3-acbcc2c5d32e" />
  </Results>
  <TestDefinitions>
    <UnitTest name="BrushForge.Tests.Core.CoordinateInfrastructureTests.CoordinateScaleConvertsInBothDirections" storage="c:\development\brushforge\tests\brushforge.tests\bin\debug\net10.0\brushforge.tests.dll" id="46261481-330c-ceec-9c81-690a7d50cfe1">
      <Execution id="414eed99-94d8-40ea-9ead-4c2f19320f49" />
      <TestMethod codeBase="C:\Development\BrushForge\tests\BrushForge.Tests\bin\Debug\net10.0\BrushForge.Tests.dll" adapterTypeName="executor://xunit/VsTestRunner3/netcore/" className="BrushForge.Tests.Core.CoordinateInfrastructureTests" name="CoordinateScaleConvertsInBothDirections" />
    </UnitTest>
    <UnitTest name="BrushForge.Tests.Geometry.Plane3dTests.FlipReversesPlaneOrientation" storage="c:\development\brushforge\tests\brushforge.tests\bin\debug\net10.0\brushforge.tests.dll" id="cc6f3adc-eb1d-5ebe-a00a-9784e32498cd">
      <Execution id="9846cbf1-cb24-4b99-8b7c-36b1dd996e89" />
      <TestMethod codeBase="C:\Development\BrushForge\tests\BrushForge.Tests\bin\Debug\net10.0\BrushForge.Tests.dll" adapterTypeName="executor://xunit/VsTestRunner3/netcore/" className="BrushForge.Tests.Geometry.Plane3dTests" name="FlipReversesPlaneOrientation" />
    </UnitTest>
    <UnitTest name="BrushForge.Tests.Geometry.BrushModelTests.BrushRejectsDuplicateFacePlanes" storage="c:\development\brushforge\tests\brushforge.tests\bin\debug\net10.0\brushforge.tests.dll" id="b1b3c74d-f281-3d06-3144-1bd6f4412b2e">
      <Execution id="d7f61360-88bb-4929-8277-e23824450b43" />
      <TestMethod codeBase="C:\Development\BrushForge\tests\BrushForge.Tests\bin\Debug\net10.0\BrushForge.Tests.dll" adapterTypeName="executor://xunit/VsTestRunner3/netcore/" className="BrushForge.Tests.Geometry.BrushModelTests" name="BrushRejectsDuplicateFacePlanes" />
    </UnitTest>
    <UnitTest name="BrushForge.Tests.Core.CoordinateInfrastructureTests.GridSnappingUsesMidpointAwayFromZero(input: -11.9, expected: -8)" storage="c:\development\brushforge\tests\brushforge.tests\bin\debug\net10.0\brushforge.tests.dll" id="12c47706-f724-a5cc-7d9b-c5380c949463">
      <Execution id="2ac51fa9-ec11-405b-a321-eb07a0793448" />
      <TestMethod codeBase="C:\Development\BrushForge\tests\BrushForge.Tests\bin\Debug\net10.0\BrushForge.Tests.dll" adapterTypeName="executor://xunit/VsTestRunner3/netcore/" className="BrushForge.Tests.Core.CoordinateInfrastructureTests" name="GridSnappingUsesMidpointAwayFromZero" />
    </UnitTest>
    <UnitTest name="BrushForge.Tests.Geometry.Bounds3dTests.ContainsIncludesBoundaryPoints" storage="c:\development\brushforge\tests\brushforge.tests\bin\debug\net10.0\brushforge.tests.dll" id="3d1fa1eb-3fa9-17b9-39a3-9c77f851763a">
      <Execution id="6a2dc17b-2ef4-4481-8cdb-2107048fac68" />
      <TestMethod codeBase="C:\Development\BrushForge\tests\BrushForge.Tests\bin\Debug\net10.0\BrushForge.Tests.dll" adapterTypeName="executor://xunit/VsTestRunner3/netcore/" className="BrushForge.Tests.Geometry.Bounds3dTests" name="ContainsIncludesBoundaryPoints" />
    </UnitTest>
    <UnitTest name="BrushForge.Tests.Geometry.Plane3dTests.SignedDistanceDistinguishesPlaneSides" storage="c:\development\brushforge\tests\brushforge.tests\bin\debug\net10.0\brushforge.tests.dll" id="b0037b9c-5860-1854-d3bd-8a88422a7069">
      <Execution id="5a533e7b-63a0-4b62-bbfc-fa20b4ce1982" />
      <TestMethod codeBase="C:\Development\BrushForge\tests\BrushForge.Tests\bin\Debug\net10.0\BrushForge.Tests.dll" adapterTypeName="executor://xunit/VsTestRunner3/netcore/" className="BrushForge.Tests.Geometry.Plane3dTests" name="SignedDistanceDistinguishesPlaneSides" />
    </UnitTest>
    <UnitTest name="BrushForge.Tests.Core.DeterministicRandomTests.EqualSeedsProduceEqualSequences" storage="c:\development\brushforge\tests\brushforge.tests\bin\debug\net10.0\brushforge.tests.dll" id="3f0f93ba-f747-e0a2-5a43-e53dca025010">
      <Execution id="d66dc2b1-7791-4ad2-89ce-c84447e02fb9" />
      <TestMethod codeBase="C:\Development\BrushForge\tests\BrushForge.Tests\bin\Debug\net10.0\BrushForge.Tests.dll" adapterTypeName="executor://xunit/VsTestRunner3/netcore/" className="BrushForge.Tests.Core.DeterministicRandomTests" name="EqualSeedsProduceEqualSequences" />
    </UnitTest>
    <UnitTest name="BrushForge.Tests.Core.CoordinateInfrastructureTests.GridSnappingUsesMidpointAwayFromZero(input: 0, expected: 0)" storage="c:\development\brushforge\tests\brushforge.tests\bin\debug\net10.0\brushforge.tests.dll" id="f41d7da2-3e36-66e7-97e7-467b430dd2b7">
      <Execution id="4690df2f-9f79-4c7b-8775-ac598615ea87" />
      <TestMethod codeBase="C:\Development\BrushForge\tests\BrushForge.Tests\bin\Debug\net10.0\BrushForge.Tests.dll" adapterTypeName="executor://xunit/VsTestRunner3/netcore/" className="BrushForge.Tests.Core.CoordinateInfrastructureTests" name="GridSnappingUsesMidpointAwayFromZero" />
    </UnitTest>
    <UnitTest name="BrushForge.Tests.Geometry.Bounds3dTests.SizeAndCenterAreCalculatedCorrectly" storage="c:\development\brushforge\tests\brushforge.tests\bin\debug\net10.0\brushforge.tests.dll" id="7b158493-285d-980b-f303-a21442654683">
      <Execution id="6f3ade1b-d82c-4c54-960f-4f01665eab33" />
      <TestMethod codeBase="C:\Development\BrushForge\tests\BrushForge.Tests\bin\Debug\net10.0\BrushForge.Tests.dll" adapterTypeName="executor://xunit/VsTestRunner3/netcore/" className="BrushForge.Tests.Geometry.Bounds3dTests" name="SizeAndCenterAreCalculatedCorrectly" />
    </UnitTest>
    <UnitTest name="BrushForge.Tests.Geometry.Plane3dTests.ProjectionMovesPointOntoPlane" storage="c:\development\brushforge\tests\brushforge.tests\bin\debug\net10.0\brushforge.tests.dll" id="983d99fe-7c54-b71a-3beb-1f17757ff024">
      <Execution id="73654dbf-fa4c-4cc0-a5ad-de2d9da99500" />
      <TestMethod codeBase="C:\Development\BrushForge\tests\BrushForge.Tests\bin\Debug\net10.0\BrushForge.Tests.dll" adapterTypeName="executor://xunit/VsTestRunner3/netcore/" className="BrushForge.Tests.Geometry.Plane3dTests" name="ProjectionMovesPointOntoPlane" />
    </UnitTest>
    <UnitTest name="BrushForge.Tests.Core.DeterministicRandomTests.SeedCanRoundTripThroughInvariantText" storage="c:\development\brushforge\tests\brushforge.tests\bin\debug\net10.0\brushforge.tests.dll" id="90e96c3b-8a38-075a-b489-8bcd62fc7ba6">
      <Execution id="eaa54c85-8287-4a8e-bec8-4662feb4fce1" />
      <TestMethod codeBase="C:\Development\BrushForge\tests\BrushForge.Tests\bin\Debug\net10.0\BrushForge.Tests.dll" adapterTypeName="executor://xunit/VsTestRunner3/netcore/" className="BrushForge.Tests.Core.DeterministicRandomTests" name="SeedCanRoundTripThroughInvariantText" />
    </UnitTest>
    <UnitTest name="BrushForge.Tests.Core.CoordinateInfrastructureTests.GridAlignmentUsesCentralTolerance" storage="c:\development\brushforge\tests\brushforge.tests\bin\debug\net10.0\brushforge.tests.dll" id="21f023ac-19e9-0f24-0800-5b19bdb02bff">
      <Execution id="32131720-7a2d-43ac-8623-4219f1fbd460" />
      <TestMethod codeBase="C:\Development\BrushForge\tests\BrushForge.Tests\bin\Debug\net10.0\BrushForge.Tests.dll" adapterTypeName="executor://xunit/VsTestRunner3/netcore/" className="BrushForge.Tests.Core.CoordinateInfrastructureTests" name="GridAlignmentUsesCentralTolerance" />
    </UnitTest>
    <UnitTest name="BrushForge.Tests.Geometry.Plane3dTests.ConstructorNormalizesNormalAndDistance" storage="c:\development\brushforge\tests\brushforge.tests\bin\debug\net10.0\brushforge.tests.dll" id="200f487e-a132-cf8b-38d7-616143c0dcf2">
      <Execution id="d244ba59-bf13-4f84-807f-219a05e5c570" />
      <TestMethod codeBase="C:\Development\BrushForge\tests\BrushForge.Tests\bin\Debug\net10.0\BrushForge.Tests.dll" adapterTypeName="executor://xunit/VsTestRunner3/netcore/" className="BrushForge.Tests.Geometry.Plane3dTests" name="ConstructorNormalizesNormalAndDistance" />
    </UnitTest>
    <UnitTest name="BrushForge.Tests.Core.DeterministicRandomTests.UnitDoubleNeverReachesOne" storage="c:\development\brushforge\tests\brushforge.tests\bin\debug\net10.0\brushforge.tests.dll" id="e13e8b81-c540-3407-3f6a-35fb37f4dd29">
      <Execution id="152030c7-6af3-41e1-9408-23b53c6793bc" />
      <TestMethod codeBase="C:\Development\BrushForge\tests\BrushForge.Tests\bin\Debug\net10.0\BrushForge.Tests.dll" adapterTypeName="executor://xunit/VsTestRunner3/netcore/" className="BrushForge.Tests.Core.DeterministicRandomTests" name="UnitDoubleNeverReachesOne" />
    </UnitTest>
    <UnitTest name="BrushForge.Tests.Core.CoordinateInfrastructureTests.GridSnappingUsesMidpointAwayFromZero(input: 11.9, expected: 8)" storage="c:\development\brushforge\tests\brushforge.tests\bin\debug\net10.0\brushforge.tests.dll" id="e88eb188-bbb3-14b7-1b8f-91a3607d6542">
      <Execution id="4f52e6c9-9af6-4dee-8919-84b0d8163dd5" />
      <TestMethod codeBase="C:\Development\BrushForge\tests\BrushForge.Tests\bin\Debug\net10.0\BrushForge.Tests.dll" adapterTypeName="executor://xunit/VsTestRunner3/netcore/" className="BrushForge.Tests.Core.CoordinateInfrastructureTests" name="GridSnappingUsesMidpointAwayFromZero" />
    </UnitTest>
    <UnitTest name="BrushForge.Tests.Core.DiagnosticTests.DiagnosticRequiresCodeAndMessage" storage="c:\development\brushforge\tests\brushforge.tests\bin\debug\net10.0\brushforge.tests.dll" id="186a33b5-f158-e2cd-8a06-34ecb0dffbbe">
      <Execution id="9fd82f5b-784c-4c35-928c-f72a763eaa70" />
      <TestMethod codeBase="C:\Development\BrushForge\tests\BrushForge.Tests\bin\Debug\net10.0\BrushForge.Tests.dll" adapterTypeName="executor://xunit/VsTestRunner3/netcore/" className="BrushForge.Tests.Core.DiagnosticTests" name="DiagnosticRequiresCodeAndMessage" />
    </UnitTest>
    <UnitTest name="BrushForge.Tests.Geometry.Vector3dTests.NormalizeRejectsZeroVector" storage="c:\development\brushforge\tests\brushforge.tests\bin\debug\net10.0\brushforge.tests.dll" id="d4245e92-12e4-4f40-5591-8ef053931cfc">
      <Execution id="d63e2ae4-dbb1-4c3b-a3cf-675c2c9e48b5" />
      <TestMethod codeBase="C:\Development\BrushForge\tests\BrushForge.Tests\bin\Debug\net10.0\BrushForge.Tests.dll" adapterTypeName="executor://xunit/VsTestRunner3/netcore/" className="BrushForge.Tests.Geometry.Vector3dTests" name="NormalizeRejectsZeroVector" />
    </UnitTest>
    <UnitTest name="BrushForge.Tests.Geometry.TextureAxisTests.TopFaceUsesValveStyleFloorAxes" storage="c:\development\brushforge\tests\brushforge.tests\bin\debug\net10.0\brushforge.tests.dll" id="e8ed5ac7-906e-c1cc-d1ff-b8b1f6225f8f">
      <Execution id="91fe2d69-f1d9-4d3f-8edf-5e14c988aec9" />
      <TestMethod codeBase="C:\Development\BrushForge\tests\BrushForge.Tests\bin\Debug\net10.0\BrushForge.Tests.dll" adapterTypeName="executor://xunit/VsTestRunner3/netcore/" className="BrushForge.Tests.Geometry.TextureAxisTests" name="TopFaceUsesValveStyleFloorAxes" />
    </UnitTest>
    <UnitTest name="BrushForge.Tests.Geometry.TextureAxisTests.GeneratedOffsetsAndScaleArePreserved" storage="c:\development\brushforge\tests\brushforge.tests\bin\debug\net10.0\brushforge.tests.dll" id="62a75a68-c3d6-bd50-455f-de1bc7e5b295">
      <Execution id="6092c07e-9e67-4fd2-af42-6d90c6e62b9c" />
      <TestMethod codeBase="C:\Development\BrushForge\tests\BrushForge.Tests\bin\Debug\net10.0\BrushForge.Tests.dll" adapterTypeName="executor://xunit/VsTestRunner3/netcore/" className="BrushForge.Tests.Geometry.TextureAxisTests" name="GeneratedOffsetsAndScaleArePreserved" />
    </UnitTest>
    <UnitTest name="BrushForge.Tests.Geometry.BrushModelTests.BrushFaceRejectsInvalidTextureName" storage="c:\development\brushforge\tests\brushforge.tests\bin\debug\net10.0\brushforge.tests.dll" id="ae535374-62c2-f341-39af-8f6230dc419c">
      <Execution id="6e4ed81d-b947-4e09-9883-9d222418731a" />
      <TestMethod codeBase="C:\Development\BrushForge\tests\BrushForge.Tests\bin\Debug\net10.0\BrushForge.Tests.dll" adapterTypeName="executor://xunit/VsTestRunner3/netcore/" className="BrushForge.Tests.Geometry.BrushModelTests" name="BrushFaceRejectsInvalidTextureName" />
    </UnitTest>
    <UnitTest name="BrushForge.Tests.Geometry.Vector3dTests.VectorArithmeticPreservesDoublePrecisionValues" storage="c:\development\brushforge\tests\brushforge.tests\bin\debug\net10.0\brushforge.tests.dll" id="2c0f3fae-ada8-2367-8c2c-a32a146948b6">
      <Execution id="3d17ceb3-0ac8-4ffd-a9fc-049c9a8f3d0b" />
      <TestMethod codeBase="C:\Development\BrushForge\tests\BrushForge.Tests\bin\Debug\net10.0\BrushForge.Tests.dll" adapterTypeName="executor://xunit/VsTestRunner3/netcore/" className="BrushForge.Tests.Geometry.Vector3dTests" name="VectorArithmeticPreservesDoublePrecisionValues" />
    </UnitTest>
    <UnitTest name="BrushForge.Tests.Core.CoordinateInfrastructureTests.GridSnappingUsesMidpointAwayFromZero(input: -12, expected: -16)" storage="c:\development\brushforge\tests\brushforge.tests\bin\debug\net10.0\brushforge.tests.dll" id="664c585c-1f4a-f0e3-c773-e5b30755fd00">
      <Execution id="f4ce141d-57ae-4c33-bbaa-9b52d0b5fa8f" />
      <TestMethod codeBase="C:\Development\BrushForge\tests\BrushForge.Tests\bin\Debug\net10.0\BrushForge.Tests.dll" adapterTypeName="executor://xunit/VsTestRunner3/netcore/" className="BrushForge.Tests.Core.CoordinateInfrastructureTests" name="GridSnappingUsesMidpointAwayFromZero" />
    </UnitTest>
    <UnitTest name="BrushForge.Tests.Geometry.Bounds3dTests.IntersectsDetectsTouchingBounds" storage="c:\development\brushforge\tests\brushforge.tests\bin\debug\net10.0\brushforge.tests.dll" id="a8e31f13-97e5-9d0c-89c9-4e705f3d46d8">
      <Execution id="680861a4-2f36-44f6-98c6-1440adcdbd10" />
      <TestMethod codeBase="C:\Development\BrushForge\tests\BrushForge.Tests\bin\Debug\net10.0\BrushForge.Tests.dll" adapterTypeName="executor://xunit/VsTestRunner3/netcore/" className="BrushForge.Tests.Geometry.Bounds3dTests" name="IntersectsDetectsTouchingBounds" />
    </UnitTest>
    <UnitTest name="BrushForge.Tests.Geometry.TextureAxisTests.ParallelTextureAxesAreRejected" storage="c:\development\brushforge\tests\brushforge.tests\bin\debug\net10.0\brushforge.tests.dll" id="7261bfe0-4d2e-3ea8-2999-747ec7c8fc0d">
      <Execution id="c7d1ea20-82df-4a07-80df-b8c677144d93" />
      <TestMethod codeBase="C:\Development\BrushForge\tests\BrushForge.Tests\bin\Debug\net10.0\BrushForge.Tests.dll" adapterTypeName="executor://xunit/VsTestRunner3/netcore/" className="BrushForge.Tests.Geometry.TextureAxisTests" name="ParallelTextureAxesAreRejected" />
    </UnitTest>
    <UnitTest name="BrushForge.Tests.Core.DeterministicRandomTests.TextSeedHashIsStable" storage="c:\development\brushforge\tests\brushforge.tests\bin\debug\net10.0\brushforge.tests.dll" id="bf9b69c7-ab5e-6535-42f8-fc38dc236417">
      <Execution id="ba2d2396-f812-41b4-9a29-a789877ff53d" />
      <TestMethod codeBase="C:\Development\BrushForge\tests\BrushForge.Tests\bin\Debug\net10.0\BrushForge.Tests.dll" adapterTypeName="executor://xunit/VsTestRunner3/netcore/" className="BrushForge.Tests.Core.DeterministicRandomTests" name="TextSeedHashIsStable" />
    </UnitTest>
    <UnitTest name="BrushForge.Tests.Geometry.Bounds3dTests.InvalidMinimumAndMaximumAreRejected" storage="c:\development\brushforge\tests\brushforge.tests\bin\debug\net10.0\brushforge.tests.dll" id="2c3685a4-d415-c41b-8284-132275282f5e">
      <Execution id="651308e6-1217-4634-96c7-875ddce07085" />
      <TestMethod codeBase="C:\Development\BrushForge\tests\BrushForge.Tests\bin\Debug\net10.0\BrushForge.Tests.dll" adapterTypeName="executor://xunit/VsTestRunner3/netcore/" className="BrushForge.Tests.Geometry.Bounds3dTests" name="InvalidMinimumAndMaximumAreRejected" />
    </UnitTest>
    <UnitTest name="BrushForge.Tests.Geometry.BrushModelTests.BrushFaceGeneratesTextureAxes" storage="c:\development\brushforge\tests\brushforge.tests\bin\debug\net10.0\brushforge.tests.dll" id="8a54ad06-ae36-fad4-ccd3-cbe7ee1682ab">
      <Execution id="c5dbfcb8-4de8-4381-bdd1-7bdd70ff48d1" />
      <TestMethod codeBase="C:\Development\BrushForge\tests\BrushForge.Tests\bin\Debug\net10.0\BrushForge.Tests.dll" adapterTypeName="executor://xunit/VsTestRunner3/netcore/" className="BrushForge.Tests.Geometry.BrushModelTests" name="BrushFaceGeneratesTextureAxes" />
    </UnitTest>
    <UnitTest name="BrushForge.Tests.Core.DeterministicRandomTests.GeneratorSequenceIsStable" storage="c:\development\brushforge\tests\brushforge.tests\bin\debug\net10.0\brushforge.tests.dll" id="e7b3d1a4-4077-88b1-beb9-4ddafc1d0541">
      <Execution id="2b07f9a8-f284-4f4b-9a1d-af5c18388102" />
      <TestMethod codeBase="C:\Development\BrushForge\tests\BrushForge.Tests\bin\Debug\net10.0\BrushForge.Tests.dll" adapterTypeName="executor://xunit/VsTestRunner3/netcore/" className="BrushForge.Tests.Core.DeterministicRandomTests" name="GeneratorSequenceIsStable" />
    </UnitTest>
    <UnitTest name="BrushForge.Tests.Geometry.Vector3dTests.NormalizeProducesUnitLength" storage="c:\development\brushforge\tests\brushforge.tests\bin\debug\net10.0\brushforge.tests.dll" id="b3e60353-dcf1-95e6-3f43-684c87cd6fe2">
      <Execution id="4d13dc41-f671-4a05-8a1d-71ff7931a59d" />
      <TestMethod codeBase="C:\Development\BrushForge\tests\BrushForge.Tests\bin\Debug\net10.0\BrushForge.Tests.dll" adapterTypeName="executor://xunit/VsTestRunner3/netcore/" className="BrushForge.Tests.Geometry.Vector3dTests" name="NormalizeProducesUnitLength" />
    </UnitTest>
    <UnitTest name="BrushForge.Tests.Core.DeterministicRandomTests.IntegerRangeHonorsInclusiveAndExclusiveBounds" storage="c:\development\brushforge\tests\brushforge.tests\bin\debug\net10.0\brushforge.tests.dll" id="fd8d74b6-e32e-48da-ccd2-7d864e749cb3">
      <Execution id="77690257-e029-40fa-a281-cde195d294f6" />
      <TestMethod codeBase="C:\Development\BrushForge\tests\BrushForge.Tests\bin\Debug\net10.0\BrushForge.Tests.dll" adapterTypeName="executor://xunit/VsTestRunner3/netcore/" className="BrushForge.Tests.Core.DeterministicRandomTests" name="IntegerRangeHonorsInclusiveAndExclusiveBounds" />
    </UnitTest>
    <UnitTest name="BrushForge.Tests.Core.DiagnosticTests.SnapshotIsIndependentFromLaterChanges" storage="c:\development\brushforge\tests\brushforge.tests\bin\debug\net10.0\brushforge.tests.dll" id="8e83f3d1-d379-751e-0737-f1b70917f5b3">
      <Execution id="e14655ce-7b1c-4417-9f6e-a0325c38debb" />
      <TestMethod codeBase="C:\Development\BrushForge\tests\BrushForge.Tests\bin\Debug\net10.0\BrushForge.Tests.dll" adapterTypeName="executor://xunit/VsTestRunner3/netcore/" className="BrushForge.Tests.Core.DiagnosticTests" name="SnapshotIsIndependentFromLaterChanges" />
    </UnitTest>
    <UnitTest name="BrushForge.Tests.Geometry.Plane3dTests.FromPointsPreservesRightHandedOrientation" storage="c:\development\brushforge\tests\brushforge.tests\bin\debug\net10.0\brushforge.tests.dll" id="f1a61163-fbd2-9172-892b-f4f77428718e">
      <Execution id="fc606e75-44f8-479a-83d3-acbcc2c5d32e" />
      <TestMethod codeBase="C:\Development\BrushForge\tests\BrushForge.Tests\bin\Debug\net10.0\BrushForge.Tests.dll" adapterTypeName="executor://xunit/VsTestRunner3/netcore/" className="BrushForge.Tests.Geometry.Plane3dTests" name="FromPointsPreservesRightHandedOrientation" />
    </UnitTest>
    <UnitTest name="BrushForge.Tests.Core.DiagnosticTests.DiagnosticBagTracksWarningsAndErrors" storage="c:\development\brushforge\tests\brushforge.tests\bin\debug\net10.0\brushforge.tests.dll" id="a6daafc8-3cbc-df7a-1672-463bc612a36f">
      <Execution id="47e75eca-4420-4b30-870c-ade4f8398d12" />
      <TestMethod codeBase="C:\Development\BrushForge\tests\BrushForge.Tests\bin\Debug\net10.0\BrushForge.Tests.dll" adapterTypeName="executor://xunit/VsTestRunner3/netcore/" className="BrushForge.Tests.Core.DiagnosticTests" name="DiagnosticBagTracksWarningsAndErrors" />
    </UnitTest>
    <UnitTest name="BrushForge.Tests.Geometry.Vector3dTests.CrossProductConfirmsRightHandedCoordinates" storage="c:\development\brushforge\tests\brushforge.tests\bin\debug\net10.0\brushforge.tests.dll" id="9f086c7e-744d-8817-3f8e-9722d8df64c3">
      <Execution id="bd5157c3-e8ff-4801-b3c0-645f5624f7ca" />
      <TestMethod codeBase="C:\Development\BrushForge\tests\BrushForge.Tests\bin\Debug\net10.0\BrushForge.Tests.dll" adapterTypeName="executor://xunit/VsTestRunner3/netcore/" className="BrushForge.Tests.Geometry.Vector3dTests" name="CrossProductConfirmsRightHandedCoordinates" />
    </UnitTest>
    <UnitTest name="BrushForge.Tests.Geometry.BrushModelTests.PlanePointsRetainOrientedPlane" storage="c:\development\brushforge\tests\brushforge.tests\bin\debug\net10.0\brushforge.tests.dll" id="0fda2d90-6835-846c-e31e-da9bc47cdb0d">
      <Execution id="4a2dc886-b9f7-4087-9a2a-c02bf6e90989" />
      <TestMethod codeBase="C:\Development\BrushForge\tests\BrushForge.Tests\bin\Debug\net10.0\BrushForge.Tests.dll" adapterTypeName="executor://xunit/VsTestRunner3/netcore/" className="BrushForge.Tests.Geometry.BrushModelTests" name="PlanePointsRetainOrientedPlane" />
    </UnitTest>
    <UnitTest name="BrushForge.Tests.Core.CoordinateInfrastructureTests.CoordinateSystemUsesRightHandedZUpConvention" storage="c:\development\brushforge\tests\brushforge.tests\bin\debug\net10.0\brushforge.tests.dll" id="2c3eaba2-e25f-3c90-0990-cb956d8058ba">
      <Execution id="74621e2d-b127-40ff-b04c-be8bb21d0a3e" />
      <TestMethod codeBase="C:\Development\BrushForge\tests\BrushForge.Tests\bin\Debug\net10.0\BrushForge.Tests.dll" adapterTypeName="executor://xunit/VsTestRunner3/netcore/" className="BrushForge.Tests.Core.CoordinateInfrastructureTests" name="CoordinateSystemUsesRightHandedZUpConvention" />
    </UnitTest>
    <UnitTest name="BrushForge.Tests.Core.CoordinateInfrastructureTests.GridSnappingUsesMidpointAwayFromZero(input: 12, expected: 16)" storage="c:\development\brushforge\tests\brushforge.tests\bin\debug\net10.0\brushforge.tests.dll" id="bc23beff-11e3-1085-1a60-00dcc32c6483">
      <Execution id="5c78fb6d-f18a-4c1e-b895-76e9fe9fa1fb" />
      <TestMethod codeBase="C:\Development\BrushForge\tests\BrushForge.Tests\bin\Debug\net10.0\BrushForge.Tests.dll" adapterTypeName="executor://xunit/VsTestRunner3/netcore/" className="BrushForge.Tests.Core.CoordinateInfrastructureTests" name="GridSnappingUsesMidpointAwayFromZero" />
    </UnitTest>
    <UnitTest name="BrushForge.Tests.Geometry.Bounds3dTests.FromPointsCalculatesAllExtents" storage="c:\development\brushforge\tests\brushforge.tests\bin\debug\net10.0\brushforge.tests.dll" id="2e0d34b8-fc2a-5855-9b24-5a4222b002f8">
      <Execution id="31322e1d-8b8d-4643-9d0a-29974885c67b" />
      <TestMethod codeBase="C:\Development\BrushForge\tests\BrushForge.Tests\bin\Debug\net10.0\BrushForge.Tests.dll" adapterTypeName="executor://xunit/VsTestRunner3/netcore/" className="BrushForge.Tests.Geometry.Bounds3dTests" name="FromPointsCalculatesAllExtents" />
    </UnitTest>
    <UnitTest name="BrushForge.Tests.Core.CoordinateInfrastructureTests.CoordinateScaleRejectsInvalidValues" storage="c:\development\brushforge\tests\brushforge.tests\bin\debug\net10.0\brushforge.tests.dll" id="5888ae04-814d-f20f-735b-bea869d6e7af">
      <Execution id="06f1eebb-7695-4060-a2e5-806fdbb3b709" />
      <TestMethod codeBase="C:\Development\BrushForge\tests\BrushForge.Tests\bin\Debug\net10.0\BrushForge.Tests.dll" adapterTypeName="executor://xunit/VsTestRunner3/netcore/" className="BrushForge.Tests.Core.CoordinateInfrastructureTests" name="CoordinateScaleRejectsInvalidValues" />
    </UnitTest>
    <UnitTest name="BrushForge.Tests.Geometry.TextureAxisTests.PositiveXWallUsesVerticalVAxis" storage="c:\development\brushforge\tests\brushforge.tests\bin\debug\net10.0\brushforge.tests.dll" id="8eed1e01-7c98-e10b-4b15-af859e282ab9">
      <Execution id="2ab074c5-4b3b-41b9-8154-549a3b5a4235" />
      <TestMethod codeBase="C:\Development\BrushForge\tests\BrushForge.Tests\bin\Debug\net10.0\BrushForge.Tests.dll" adapterTypeName="executor://xunit/VsTestRunner3/netcore/" className="BrushForge.Tests.Geometry.TextureAxisTests" name="PositiveXWallUsesVerticalVAxis" />
    </UnitTest>
    <UnitTest name="BrushForge.Tests.Geometry.BrushModelTests.SixFaceBoxCreatesStructuralBrush" storage="c:\development\brushforge\tests\brushforge.tests\bin\debug\net10.0\brushforge.tests.dll" id="1f5a0601-e77a-708d-306e-717d5ed9bcfb">
      <Execution id="455b7cb4-531a-4ef0-9363-80db9341f01f" />
      <TestMethod codeBase="C:\Development\BrushForge\tests\BrushForge.Tests\bin\Debug\net10.0\BrushForge.Tests.dll" adapterTypeName="executor://xunit/VsTestRunner3/netcore/" className="BrushForge.Tests.Geometry.BrushModelTests" name="SixFaceBoxCreatesStructuralBrush" />
    </UnitTest>
    <UnitTest name="BrushForge.Tests.Geometry.TextureAxisTests.NinetyDegreeRotationRotatesGeneratedAxes" storage="c:\development\brushforge\tests\brushforge.tests\bin\debug\net10.0\brushforge.tests.dll" id="9aee2fc8-7a4a-56d0-80f5-8aca0854a5ff">
      <Execution id="b1b38851-a5a0-48fc-9678-b2be2d0d983a" />
      <TestMethod codeBase="C:\Development\BrushForge\tests\BrushForge.Tests\bin\Debug\net10.0\BrushForge.Tests.dll" adapterTypeName="executor://xunit/VsTestRunner3/netcore/" className="BrushForge.Tests.Geometry.TextureAxisTests" name="NinetyDegreeRotationRotatesGeneratedAxes" />
    </UnitTest>
    <UnitTest name="BrushForge.Tests.Geometry.Plane3dTests.CollinearPointsAreRejected" storage="c:\development\brushforge\tests\brushforge.tests\bin\debug\net10.0\brushforge.tests.dll" id="60f297e0-04e8-5e53-cc79-510134612bd8">
      <Execution id="230f817e-71b5-461e-95bd-6e4195999d48" />
      <TestMethod codeBase="C:\Development\BrushForge\tests\BrushForge.Tests\bin\Debug\net10.0\BrushForge.Tests.dll" adapterTypeName="executor://xunit/VsTestRunner3/netcore/" className="BrushForge.Tests.Geometry.Plane3dTests" name="CollinearPointsAreRejected" />
    </UnitTest>
    <UnitTest name="BrushForge.Tests.Geometry.Vector3dTests.DistanceUsesThreeDimensionalCoordinates" storage="c:\development\brushforge\tests\brushforge.tests\bin\debug\net10.0\brushforge.tests.dll" id="15fa42c5-7d36-fd04-9ad2-2c37a71580b9">
      <Execution id="8468769f-92b4-4aad-8f9d-092cb863dabd" />
      <TestMethod codeBase="C:\Development\BrushForge\tests\BrushForge.Tests\bin\Debug\net10.0\BrushForge.Tests.dll" adapterTypeName="executor://xunit/VsTestRunner3/netcore/" className="BrushForge.Tests.Geometry.Vector3dTests" name="DistanceUsesThreeDimensionalCoordinates" />
    </UnitTest>
  </TestDefinitions>
  <TestEntries>
    <TestEntry testId="664c585c-1f4a-f0e3-c773-e5b30755fd00" executionId="f4ce141d-57ae-4c33-bbaa-9b52d0b5fa8f" testListId="8c84fa94-04c1-424b-9868-57a2d4851a1d" />
    <TestEntry testId="9aee2fc8-7a4a-56d0-80f5-8aca0854a5ff" executionId="b1b38851-a5a0-48fc-9678-b2be2d0d983a" testListId="8c84fa94-04c1-424b-9868-57a2d4851a1d" />
    <TestEntry testId="ae535374-62c2-f341-39af-8f6230dc419c" executionId="6e4ed81d-b947-4e09-9883-9d222418731a" testListId="8c84fa94-04c1-424b-9868-57a2d4851a1d" />
    <TestEntry testId="62a75a68-c3d6-bd50-455f-de1bc7e5b295" executionId="6092c07e-9e67-4fd2-af42-6d90c6e62b9c" testListId="8c84fa94-04c1-424b-9868-57a2d4851a1d" />
    <TestEntry testId="bf9b69c7-ab5e-6535-42f8-fc38dc236417" executionId="ba2d2396-f812-41b4-9a29-a789877ff53d" testListId="8c84fa94-04c1-424b-9868-57a2d4851a1d" />
    <TestEntry testId="9f086c7e-744d-8817-3f8e-9722d8df64c3" executionId="bd5157c3-e8ff-4801-b3c0-645f5624f7ca" testListId="8c84fa94-04c1-424b-9868-57a2d4851a1d" />
    <TestEntry testId="200f487e-a132-cf8b-38d7-616143c0dcf2" executionId="d244ba59-bf13-4f84-807f-219a05e5c570" testListId="8c84fa94-04c1-424b-9868-57a2d4851a1d" />
    <TestEntry testId="e7b3d1a4-4077-88b1-beb9-4ddafc1d0541" executionId="2b07f9a8-f284-4f4b-9a1d-af5c18388102" testListId="8c84fa94-04c1-424b-9868-57a2d4851a1d" />
    <TestEntry testId="e88eb188-bbb3-14b7-1b8f-91a3607d6542" executionId="4f52e6c9-9af6-4dee-8919-84b0d8163dd5" testListId="8c84fa94-04c1-424b-9868-57a2d4851a1d" />
    <TestEntry testId="e8ed5ac7-906e-c1cc-d1ff-b8b1f6225f8f" executionId="91fe2d69-f1d9-4d3f-8edf-5e14c988aec9" testListId="8c84fa94-04c1-424b-9868-57a2d4851a1d" />
    <TestEntry testId="8eed1e01-7c98-e10b-4b15-af859e282ab9" executionId="2ab074c5-4b3b-41b9-8154-549a3b5a4235" testListId="8c84fa94-04c1-424b-9868-57a2d4851a1d" />
    <TestEntry testId="3f0f93ba-f747-e0a2-5a43-e53dca025010" executionId="d66dc2b1-7791-4ad2-89ce-c84447e02fb9" testListId="8c84fa94-04c1-424b-9868-57a2d4851a1d" />
    <TestEntry testId="15fa42c5-7d36-fd04-9ad2-2c37a71580b9" executionId="8468769f-92b4-4aad-8f9d-092cb863dabd" testListId="8c84fa94-04c1-424b-9868-57a2d4851a1d" />
    <TestEntry testId="8a54ad06-ae36-fad4-ccd3-cbe7ee1682ab" executionId="c5dbfcb8-4de8-4381-bdd1-7bdd70ff48d1" testListId="8c84fa94-04c1-424b-9868-57a2d4851a1d" />
    <TestEntry testId="0fda2d90-6835-846c-e31e-da9bc47cdb0d" executionId="4a2dc886-b9f7-4087-9a2a-c02bf6e90989" testListId="8c84fa94-04c1-424b-9868-57a2d4851a1d" />
    <TestEntry testId="2c3eaba2-e25f-3c90-0990-cb956d8058ba" executionId="74621e2d-b127-40ff-b04c-be8bb21d0a3e" testListId="8c84fa94-04c1-424b-9868-57a2d4851a1d" />
    <TestEntry testId="2c3685a4-d415-c41b-8284-132275282f5e" executionId="651308e6-1217-4634-96c7-875ddce07085" testListId="8c84fa94-04c1-424b-9868-57a2d4851a1d" />
    <TestEntry testId="2e0d34b8-fc2a-5855-9b24-5a4222b002f8" executionId="31322e1d-8b8d-4643-9d0a-29974885c67b" testListId="8c84fa94-04c1-424b-9868-57a2d4851a1d" />
    <TestEntry testId="5888ae04-814d-f20f-735b-bea869d6e7af" executionId="06f1eebb-7695-4060-a2e5-806fdbb3b709" testListId="8c84fa94-04c1-424b-9868-57a2d4851a1d" />
    <TestEntry testId="b0037b9c-5860-1854-d3bd-8a88422a7069" executionId="5a533e7b-63a0-4b62-bbfc-fa20b4ce1982" testListId="8c84fa94-04c1-424b-9868-57a2d4851a1d" />
    <TestEntry testId="7261bfe0-4d2e-3ea8-2999-747ec7c8fc0d" executionId="c7d1ea20-82df-4a07-80df-b8c677144d93" testListId="8c84fa94-04c1-424b-9868-57a2d4851a1d" />
    <TestEntry testId="12c47706-f724-a5cc-7d9b-c5380c949463" executionId="2ac51fa9-ec11-405b-a321-eb07a0793448" testListId="8c84fa94-04c1-424b-9868-57a2d4851a1d" />
    <TestEntry testId="90e96c3b-8a38-075a-b489-8bcd62fc7ba6" executionId="eaa54c85-8287-4a8e-bec8-4662feb4fce1" testListId="8c84fa94-04c1-424b-9868-57a2d4851a1d" />
    <TestEntry testId="d4245e92-12e4-4f40-5591-8ef053931cfc" executionId="d63e2ae4-dbb1-4c3b-a3cf-675c2c9e48b5" testListId="8c84fa94-04c1-424b-9868-57a2d4851a1d" />
    <TestEntry testId="bc23beff-11e3-1085-1a60-00dcc32c6483" executionId="5c78fb6d-f18a-4c1e-b895-76e9fe9fa1fb" testListId="8c84fa94-04c1-424b-9868-57a2d4851a1d" />
    <TestEntry testId="b1b3c74d-f281-3d06-3144-1bd6f4412b2e" executionId="d7f61360-88bb-4929-8277-e23824450b43" testListId="8c84fa94-04c1-424b-9868-57a2d4851a1d" />
    <TestEntry testId="60f297e0-04e8-5e53-cc79-510134612bd8" executionId="230f817e-71b5-461e-95bd-6e4195999d48" testListId="8c84fa94-04c1-424b-9868-57a2d4851a1d" />
    <TestEntry testId="21f023ac-19e9-0f24-0800-5b19bdb02bff" executionId="32131720-7a2d-43ac-8623-4219f1fbd460" testListId="8c84fa94-04c1-424b-9868-57a2d4851a1d" />
    <TestEntry testId="46261481-330c-ceec-9c81-690a7d50cfe1" executionId="414eed99-94d8-40ea-9ead-4c2f19320f49" testListId="8c84fa94-04c1-424b-9868-57a2d4851a1d" />
    <TestEntry testId="a6daafc8-3cbc-df7a-1672-463bc612a36f" executionId="47e75eca-4420-4b30-870c-ade4f8398d12" testListId="8c84fa94-04c1-424b-9868-57a2d4851a1d" />
    <TestEntry testId="7b158493-285d-980b-f303-a21442654683" executionId="6f3ade1b-d82c-4c54-960f-4f01665eab33" testListId="8c84fa94-04c1-424b-9868-57a2d4851a1d" />
    <TestEntry testId="b3e60353-dcf1-95e6-3f43-684c87cd6fe2" executionId="4d13dc41-f671-4a05-8a1d-71ff7931a59d" testListId="8c84fa94-04c1-424b-9868-57a2d4851a1d" />
    <TestEntry testId="2c0f3fae-ada8-2367-8c2c-a32a146948b6" executionId="3d17ceb3-0ac8-4ffd-a9fc-049c9a8f3d0b" testListId="8c84fa94-04c1-424b-9868-57a2d4851a1d" />
    <TestEntry testId="983d99fe-7c54-b71a-3beb-1f17757ff024" executionId="73654dbf-fa4c-4cc0-a5ad-de2d9da99500" testListId="8c84fa94-04c1-424b-9868-57a2d4851a1d" />
    <TestEntry testId="186a33b5-f158-e2cd-8a06-34ecb0dffbbe" executionId="9fd82f5b-784c-4c35-928c-f72a763eaa70" testListId="8c84fa94-04c1-424b-9868-57a2d4851a1d" />
    <TestEntry testId="fd8d74b6-e32e-48da-ccd2-7d864e749cb3" executionId="77690257-e029-40fa-a281-cde195d294f6" testListId="8c84fa94-04c1-424b-9868-57a2d4851a1d" />
    <TestEntry testId="3d1fa1eb-3fa9-17b9-39a3-9c77f851763a" executionId="6a2dc17b-2ef4-4481-8cdb-2107048fac68" testListId="8c84fa94-04c1-424b-9868-57a2d4851a1d" />
    <TestEntry testId="1f5a0601-e77a-708d-306e-717d5ed9bcfb" executionId="455b7cb4-531a-4ef0-9363-80db9341f01f" testListId="8c84fa94-04c1-424b-9868-57a2d4851a1d" />
    <TestEntry testId="a8e31f13-97e5-9d0c-89c9-4e705f3d46d8" executionId="680861a4-2f36-44f6-98c6-1440adcdbd10" testListId="8c84fa94-04c1-424b-9868-57a2d4851a1d" />
    <TestEntry testId="f41d7da2-3e36-66e7-97e7-467b430dd2b7" executionId="4690df2f-9f79-4c7b-8775-ac598615ea87" testListId="8c84fa94-04c1-424b-9868-57a2d4851a1d" />
    <TestEntry testId="e13e8b81-c540-3407-3f6a-35fb37f4dd29" executionId="152030c7-6af3-41e1-9408-23b53c6793bc" testListId="8c84fa94-04c1-424b-9868-57a2d4851a1d" />
    <TestEntry testId="cc6f3adc-eb1d-5ebe-a00a-9784e32498cd" executionId="9846cbf1-cb24-4b99-8b7c-36b1dd996e89" testListId="8c84fa94-04c1-424b-9868-57a2d4851a1d" />
    <TestEntry testId="8e83f3d1-d379-751e-0737-f1b70917f5b3" executionId="e14655ce-7b1c-4417-9f6e-a0325c38debb" testListId="8c84fa94-04c1-424b-9868-57a2d4851a1d" />
    <TestEntry testId="f1a61163-fbd2-9172-892b-f4f77428718e" executionId="fc606e75-44f8-479a-83d3-acbcc2c5d32e" testListId="8c84fa94-04c1-424b-9868-57a2d4851a1d" />
  </TestEntries>
  <TestLists>
    <TestList name="Results Not in a List" id="8c84fa94-04c1-424b-9868-57a2d4851a1d" />
    <TestList name="All Loaded Results" id="19431567-8539-422a-85d7-44ee4e166bda" />
  </TestLists>
  <ResultSummary outcome="Completed">
    <Counters total="44" executed="44" passed="44" failed="0" error="0" timeout="0" aborted="0" inconclusive="0" passedButRunAborted="0" notRunnable="0" notExecuted="0" disconnected="0" warning="0" completed="0" inProgress="0" pending="0" />
    <Output>
      <StdOut>[xUnit.net 00:00:00.00] xUnit.net VSTest Adapter v3.1.4+50e68bbb8b (64-bit .NET 10.0.10)&#xD;
[xUnit.net 00:00:00.07]   Discovering: BrushForge.Tests&#xD;
[xUnit.net 00:00:00.11]   Discovered:  BrushForge.Tests&#xD;
[xUnit.net 00:00:00.13]   Starting:    BrushForge.Tests&#xD;
[xUnit.net 00:00:00.21]   Finished:    BrushForge.Tests&#xD;
</StdOut>
    </Output>
  </ResultSummary>
</TestRun>