<?xml version="1.0" encoding="utf-8"?>
<TestRun id="823d45c7-b585-4efa-bf52-a1508c8ea0d9" name="stris@DESKTOP-ICI35TL 2026-08-03 22:06:21" runUser="DESKTOP-ICI35TL\stris" xmlns="http://microsoft.com/schemas/VisualStudio/TeamTest/2010">
  <Times creation="2026-08-03T22:06:21.5189558-05:00" queuing="2026-08-03T22:06:21.5189559-05:00" start="2026-08-03T22:06:20.9286694-05:00" finish="2026-08-03T22:06:21.5570124-05:00" />
  <TestSettings name="default" id="c067f99a-a3c4-4ee2-8bda-0b102db3085a">
    <Deployment runDeploymentRoot="stris_DESKTOP-ICI35TL_2026-08-03_22_06_21" />
  </TestSettings>
  <Results>
    <UnitTestResult executionId="1b9a3838-7b67-4eb9-8630-6f7fca91ba2c" testId="2c3685a4-d415-c41b-8284-132275282f5e" testName="BrushForge.Tests.Geometry.Bounds3dTests.InvalidMinimumAndMaximumAreRejected" computerName="DESKTOP-ICI35TL" duration="00:00:00.0002914" startTime="2026-08-03T22:06:21.5001525-05:00" endTime="2026-08-03T22:06:21.5006262-05:00" testType="13cdc9d9-ddb5-4fa4-a97d-d965ccfc6d4b" outcome="Passed" testListId="8c84fa94-04c1-424b-9868-57a2d4851a1d" relativeResultsDirectory="1b9a3838-7b67-4eb9-8630-6f7fca91ba2c" />
    <UnitTestResult executionId="060d6fa4-fbd7-4824-a2c4-6a303e1251e2" testId="cc6f3adc-eb1d-5ebe-a00a-9784e32498cd" testName="BrushForge.Tests.Geometry.Plane3dTests.FlipReversesPlaneOrientation" computerName="DESKTOP-ICI35TL" duration="00:00:00.0001982" startTime="2026-08-03T22:06:21.5051886-05:00" endTime="2026-08-03T22:06:21.5054635-05:00" testType="13cdc9d9-ddb5-4fa4-a97d-d965ccfc6d4b" outcome="Passed" testListId="8c84fa94-04c1-424b-9868-57a2d4851a1d" relativeResultsDirectory="060d6fa4-fbd7-4824-a2c4-6a303e1251e2" />
    <UnitTestResult executionId="b78368cb-da01-468f-a73e-a85b5a98ffae" testId="e7b3d1a4-4077-88b1-beb9-4ddafc1d0541" testName="BrushForge.Tests.Core.DeterministicRandomTests.GeneratorSequenceIsStable" computerName="DESKTOP-ICI35TL" duration="00:00:00.0057061" startTime="2026-08-03T22:06:21.4527883-05:00" endTime="2026-08-03T22:06:21.4676980-05:00" testType="13cdc9d9-ddb5-4fa4-a97d-d965ccfc6d4b" outcome="Passed" testListId="8c84fa94-04c1-424b-9868-57a2d4851a1d" relativeResultsDirectory="b78368cb-da01-468f-a73e-a85b5a98ffae" />
    <UnitTestResult executionId="e5e6bc3e-22db-4ea7-bfc6-0348ba9e5fd9" testId="2c0f3fae-ada8-2367-8c2c-a32a146948b6" testName="BrushForge.Tests.Geometry.Vector3dTests.VectorArithmeticPreservesDoublePrecisionValues" computerName="DESKTOP-ICI35TL" duration="00:00:00.0024139" startTime="2026-08-03T22:06:21.4968390-05:00" endTime="2026-08-03T22:06:21.5025241-05:00" testType="13cdc9d9-ddb5-4fa4-a97d-d965ccfc6d4b" outcome="Passed" testListId="8c84fa94-04c1-424b-9868-57a2d4851a1d" relativeResultsDirectory="e5e6bc3e-22db-4ea7-bfc6-0348ba9e5fd9" />
    <UnitTestResult executionId="ebe8e6b3-bc11-480a-aefc-b98b4c32d293" testId="62a75a68-c3d6-bd50-455f-de1bc7e5b295" testName="BrushForge.Tests.Geometry.TextureAxisTests.GeneratedOffsetsAndScaleArePreserved" computerName="DESKTOP-ICI35TL" duration="00:00:00.0002595" startTime="2026-08-03T22:06:21.5003115-05:00" endTime="2026-08-03T22:06:21.5009072-05:00" testType="13cdc9d9-ddb5-4fa4-a97d-d965ccfc6d4b" outcome="Passed" testListId="8c84fa94-04c1-424b-9868-57a2d4851a1d" relativeResultsDirectory="ebe8e6b3-bc11-480a-aefc-b98b4c32d293" />
    <UnitTestResult executionId="22d00253-4e1c-4373-8ad9-b1e75518d87d" testId="15fa42c5-7d36-fd04-9ad2-2c37a71580b9" testName="BrushForge.Tests.Geometry.Vector3dTests.DistanceUsesThreeDimensionalCoordinates" computerName="DESKTOP-ICI35TL" duration="00:00:00.0056556" startTime="2026-08-03T22:06:21.4529260-05:00" endTime="2026-08-03T22:06:21.4677319-05:00" testType="13cdc9d9-ddb5-4fa4-a97d-d965ccfc6d4b" outcome="Passed" testListId="8c84fa94-04c1-424b-9868-57a2d4851a1d" relativeResultsDirectory="22d00253-4e1c-4373-8ad9-b1e75518d87d" />
    <UnitTestResult executionId="3cd8fbbd-ef13-4077-841c-5a144969bc55" testId="5888ae04-814d-f20f-735b-bea869d6e7af" testName="BrushForge.Tests.Core.CoordinateInfrastructureTests.CoordinateScaleRejectsInvalidValues" computerName="DESKTOP-ICI35TL" duration="00:00:00.0006394" startTime="2026-08-03T22:06:21.5008684-05:00" endTime="2026-08-03T22:06:21.5016281-05:00" testType="13cdc9d9-ddb5-4fa4-a97d-d965ccfc6d4b" outcome="Passed" testListId="8c84fa94-04c1-424b-9868-57a2d4851a1d" relativeResultsDirectory="3cd8fbbd-ef13-4077-841c-5a144969bc55" />
    <UnitTestResult executionId="b25e3120-7158-4da4-81cc-c46e43c5a338" testId="21f023ac-19e9-0f24-0800-5b19bdb02bff" testName="BrushForge.Tests.Core.CoordinateInfrastructureTests.GridAlignmentUsesCentralTolerance" computerName="DESKTOP-ICI35TL" duration="00:00:00.0001662" startTime="2026-08-03T22:06:21.5005454-05:00" endTime="2026-08-03T22:06:21.5007645-05:00" testType="13cdc9d9-ddb5-4fa4-a97d-d965ccfc6d4b" outcome="Passed" testListId="8c84fa94-04c1-424b-9868-57a2d4851a1d" relativeResultsDirectory="b25e3120-7158-4da4-81cc-c46e43c5a338" />
    <UnitTestResult executionId="f9ae482b-3e6b-4e85-b8c1-24808bdeeff8" testId="b3e60353-dcf1-95e6-3f43-684c87cd6fe2" testName="BrushForge.Tests.Geometry.Vector3dTests.NormalizeProducesUnitLength" computerName="DESKTOP-ICI35TL" duration="00:00:00.0003074" startTime="2026-08-03T22:06:21.5031934-05:00" endTime="2026-08-03T22:06:21.5034020-05:00" testType="13cdc9d9-ddb5-4fa4-a97d-d965ccfc6d4b" outcome="Passed" testListId="8c84fa94-04c1-424b-9868-57a2d4851a1d" relativeResultsDirectory="f9ae482b-3e6b-4e85-b8c1-24808bdeeff8" />
    <UnitTestResult executionId="3f37bc14-d964-4310-8847-093eb8681201" testId="fd8d74b6-e32e-48da-ccd2-7d864e749cb3" testName="BrushForge.Tests.Core.DeterministicRandomTests.IntegerRangeHonorsInclusiveAndExclusiveBounds" computerName="DESKTOP-ICI35TL" duration="00:00:00.0009882" startTime="2026-08-03T22:06:21.4994728-05:00" endTime="2026-08-03T22:06:21.5010294-05:00" testType="13cdc9d9-ddb5-4fa4-a97d-d965ccfc6d4b" outcome="Passed" testListId="8c84fa94-04c1-424b-9868-57a2d4851a1d" relativeResultsDirectory="3f37bc14-d964-4310-8847-093eb8681201" />
    <UnitTestResult executionId="f91a73c3-049f-4e18-ad2d-5fc4d5338298" testId="2c3eaba2-e25f-3c90-0990-cb956d8058ba" testName="BrushForge.Tests.Core.CoordinateInfrastructureTests.CoordinateSystemUsesRightHandedZUpConvention" computerName="DESKTOP-ICI35TL" duration="00:00:00.0046188" startTime="2026-08-03T22:06:21.5017363-05:00" endTime="2026-08-03T22:06:21.5058633-05:00" testType="13cdc9d9-ddb5-4fa4-a97d-d965ccfc6d4b" outcome="Passed" testListId="8c84fa94-04c1-424b-9868-57a2d4851a1d" relativeResultsDirectory="f91a73c3-049f-4e18-ad2d-5fc4d5338298" />
    <UnitTestResult executionId="7b3bb45d-01eb-4458-9548-85d6667c9d9b" testId="200f487e-a132-cf8b-38d7-616143c0dcf2" testName="BrushForge.Tests.Geometry.Plane3dTests.ConstructorNormalizesNormalAndDistance" computerName="DESKTOP-ICI35TL" duration="00:00:00.0023980" startTime="2026-08-03T22:06:21.4968801-05:00" endTime="2026-08-03T22:06:21.5024325-05:00" testType="13cdc9d9-ddb5-4fa4-a97d-d965ccfc6d4b" outcome="Passed" testListId="8c84fa94-04c1-424b-9868-57a2d4851a1d" relativeResultsDirectory="7b3bb45d-01eb-4458-9548-85d6667c9d9b" />
    <UnitTestResult executionId="bffbb701-bce0-43a7-bf5d-20b5d8903dc8" testId="983d99fe-7c54-b71a-3beb-1f17757ff024" testName="BrushForge.Tests.Geometry.Plane3dTests.ProjectionMovesPointOntoPlane" computerName="DESKTOP-ICI35TL" duration="00:00:00.0003702" startTime="2026-08-03T22:06:21.5031765-05:00" endTime="2026-08-03T22:06:21.5035470-05:00" testType="13cdc9d9-ddb5-4fa4-a97d-d965ccfc6d4b" outcome="Passed" testListId="8c84fa94-04c1-424b-9868-57a2d4851a1d" relativeResultsDirectory="bffbb701-bce0-43a7-bf5d-20b5d8903dc8" />
    <UnitTestResult executionId="52ef9024-d453-4038-aac6-f44f869623f6" testId="f1a61163-fbd2-9172-892b-f4f77428718e" testName="BrushForge.Tests.Geometry.Plane3dTests.FromPointsPreservesRightHandedOrientation" computerName="DESKTOP-ICI35TL" duration="00:00:00.0001011" startTime="2026-08-03T22:06:21.5038652-05:00" endTime="2026-08-03T22:06:21.5046847-05:00" testType="13cdc9d9-ddb5-4fa4-a97d-d965ccfc6d4b" outcome="Passed" testListId="8c84fa94-04c1-424b-9868-57a2d4851a1d" relativeResultsDirectory="52ef9024-d453-4038-aac6-f44f869623f6" />
    <UnitTestResult executionId="f39f2259-ea7e-41fd-a775-1a6989cc9c87" testId="7b158493-285d-980b-f303-a21442654683" testName="BrushForge.Tests.Geometry.Bounds3dTests.SizeAndCenterAreCalculatedCorrectly" computerName="DESKTOP-ICI35TL" duration="00:00:00.0003752" startTime="2026-08-03T22:06:21.5031543-05:00" endTime="2026-08-03T22:06:21.5035875-05:00" testType="13cdc9d9-ddb5-4fa4-a97d-d965ccfc6d4b" outcome="Passed" testListId="8c84fa94-04c1-424b-9868-57a2d4851a1d" relativeResultsDirectory="f39f2259-ea7e-41fd-a775-1a6989cc9c87" />
    <UnitTestResult executionId="566caf7d-e36a-442b-9071-f633a6577502" testId="90e96c3b-8a38-075a-b489-8bcd62fc7ba6" testName="BrushForge.Tests.Core.DeterministicRandomTests.SeedCanRoundTripThroughInvariantText" computerName="DESKTOP-ICI35TL" duration="00:00:00.0025745" startTime="2026-08-03T22:06:21.5015667-05:00" endTime="2026-08-03T22:06:21.5055433-05:00" testType="13cdc9d9-ddb5-4fa4-a97d-d965ccfc6d4b" outcome="Passed" testListId="8c84fa94-04c1-424b-9868-57a2d4851a1d" relativeResultsDirectory="566caf7d-e36a-442b-9071-f633a6577502" />
    <UnitTestResult executionId="618b897e-e42d-46e3-a999-e9a75836a8d3" testId="a8e31f13-97e5-9d0c-89c9-4e705f3d46d8" testName="BrushForge.Tests.Geometry.Bounds3dTests.IntersectsDetectsTouchingBounds" computerName="DESKTOP-ICI35TL" duration="00:00:00.0045347" startTime="2026-08-03T22:06:21.4528280-05:00" endTime="2026-08-03T22:06:21.4676261-05:00" testType="13cdc9d9-ddb5-4fa4-a97d-d965ccfc6d4b" outcome="Passed" testListId="8c84fa94-04c1-424b-9868-57a2d4851a1d" relativeResultsDirectory="618b897e-e42d-46e3-a999-e9a75836a8d3" />
    <UnitTestResult executionId="88504342-a20d-463f-b73b-e9d4ef1d720f" testId="0fda2d90-6835-846c-e31e-da9bc47cdb0d" testName="BrushForge.Tests.Geometry.BrushModelTests.PlanePointsRetainOrientedPlane" computerName="DESKTOP-ICI35TL" duration="00:00:00.0001625" startTime="2026-08-03T22:06:21.5001204-05:00" endTime="2026-08-03T22:06:21.5003285-05:00" testType="13cdc9d9-ddb5-4fa4-a97d-d965ccfc6d4b" outcome="Passed" testListId="8c84fa94-04c1-424b-9868-57a2d4851a1d" relativeResultsDirectory="88504342-a20d-463f-b73b-e9d4ef1d720f" />
    <UnitTestResult executionId="2ed57fa6-55b6-4d8a-85cd-17f24037420c" testId="e8ed5ac7-906e-c1cc-d1ff-b8b1f6225f8f" testName="BrushForge.Tests.Geometry.TextureAxisTests.TopFaceUsesValveStyleFloorAxes" computerName="DESKTOP-ICI35TL" duration="00:00:00.0001211" startTime="2026-08-03T22:06:21.4991896-05:00" endTime="2026-08-03T22:06:21.4992288-05:00" testType="13cdc9d9-ddb5-4fa4-a97d-d965ccfc6d4b" outcome="Passed" testListId="8c84fa94-04c1-424b-9868-57a2d4851a1d" relativeResultsDirectory="2ed57fa6-55b6-4d8a-85cd-17f24037420c" />
    <UnitTestResult executionId="ab0e16b4-d20b-4a40-85fd-1399b7f31218" testId="664c585c-1f4a-f0e3-c773-e5b30755fd00" testName="BrushForge.Tests.Core.CoordinateInfrastructureTests.GridSnappingUsesMidpointAwayFromZero(input: -12, expected: -16)" computerName="DESKTOP-ICI35TL" duration="00:00:00.0000048" startTime="2026-08-03T22:06:21.4969695-05:00" endTime="2026-08-03T22:06:21.4972372-05:00" testType="13cdc9d9-ddb5-4fa4-a97d-d965ccfc6d4b" outcome="Passed" testListId="8c84fa94-04c1-424b-9868-57a2d4851a1d" relativeResultsDirectory="ab0e16b4-d20b-4a40-85fd-1399b7f31218" />
    <UnitTestResult executionId="c85ee975-636f-4c26-97ed-3ca0bd9cd904" testId="b0037b9c-5860-1854-d3bd-8a88422a7069" testName="BrushForge.Tests.Geometry.Plane3dTests.SignedDistanceDistinguishesPlaneSides" computerName="DESKTOP-ICI35TL" duration="00:00:00.0001187" startTime="2026-08-03T22:06:21.5037201-05:00" endTime="2026-08-03T22:06:21.5037638-05:00" testType="13cdc9d9-ddb5-4fa4-a97d-d965ccfc6d4b" outcome="Passed" testListId="8c84fa94-04c1-424b-9868-57a2d4851a1d" relativeResultsDirectory="c85ee975-636f-4c26-97ed-3ca0bd9cd904" />
    <UnitTestResult executionId="f1f0e403-56e3-4dd6-95bd-09a60dd6360e" testId="3f0f93ba-f747-e0a2-5a43-e53dca025010" testName="BrushForge.Tests.Core.DeterministicRandomTests.EqualSeedsProduceEqualSequences" computerName="DESKTOP-ICI35TL" duration="00:00:00.0001979" startTime="2026-08-03T22:06:21.4990431-05:00" endTime="2026-08-03T22:06:21.4993699-05:00" testType="13cdc9d9-ddb5-4fa4-a97d-d965ccfc6d4b" outcome="Passed" testListId="8c84fa94-04c1-424b-9868-57a2d4851a1d" relativeResultsDirectory="f1f0e403-56e3-4dd6-95bd-09a60dd6360e" />
    <UnitTestResult executionId="4cf8df0c-0566-4aa1-a14f-c05edb202f2b" testId="60f297e0-04e8-5e53-cc79-510134612bd8" testName="BrushForge.Tests.Geometry.Plane3dTests.CollinearPointsAreRejected" computerName="DESKTOP-ICI35TL" duration="00:00:00.0045162" startTime="2026-08-03T22:06:21.4515112-05:00" endTime="2026-08-03T22:06:21.4674707-05:00" testType="13cdc9d9-ddb5-4fa4-a97d-d965ccfc6d4b" outcome="Passed" testListId="8c84fa94-04c1-424b-9868-57a2d4851a1d" relativeResultsDirectory="4cf8df0c-0566-4aa1-a14f-c05edb202f2b" />
    <UnitTestResult executionId="5b520af0-7ace-4a41-acc0-b895796a1472" testId="b1b3c74d-f281-3d06-3144-1bd6f4412b2e" testName="BrushForge.Tests.Geometry.BrushModelTests.BrushRejectsDuplicateFacePlanes" computerName="DESKTOP-ICI35TL" duration="00:00:00.0069053" startTime="2026-08-03T22:06:21.4528696-05:00" endTime="2026-08-03T22:06:21.4741979-05:00" testType="13cdc9d9-ddb5-4fa4-a97d-d965ccfc6d4b" outcome="Passed" testListId="8c84fa94-04c1-424b-9868-57a2d4851a1d" relativeResultsDirectory="5b520af0-7ace-4a41-acc0-b895796a1472" />
    <UnitTestResult executionId="421696e8-8ca2-4c02-914d-508387e47845" testId="8e83f3d1-d379-751e-0737-f1b70917f5b3" testName="BrushForge.Tests.Core.DiagnosticTests.SnapshotIsIndependentFromLaterChanges" computerName="DESKTOP-ICI35TL" duration="00:00:00.0018089" startTime="2026-08-03T22:06:21.5040075-05:00" endTime="2026-08-03T22:06:21.5057612-05:00" testType="13cdc9d9-ddb5-4fa4-a97d-d965ccfc6d4b" outcome="Passed" testListId="8c84fa94-04c1-424b-9868-57a2d4851a1d" relativeResultsDirectory="421696e8-8ca2-4c02-914d-508387e47845" />
    <UnitTestResult executionId="5075411a-fb28-4bfb-9596-49401ec61c56" testId="d4245e92-12e4-4f40-5591-8ef053931cfc" testName="BrushForge.Tests.Geometry.Vector3dTests.NormalizeRejectsZeroVector" computerName="DESKTOP-ICI35TL" duration="00:00:00.0003647" startTime="2026-08-03T22:06:21.5035071-05:00" endTime="2026-08-03T22:06:21.5052323-05:00" testType="13cdc9d9-ddb5-4fa4-a97d-d965ccfc6d4b" outcome="Passed" testListId="8c84fa94-04c1-424b-9868-57a2d4851a1d" relativeResultsDirectory="5075411a-fb28-4bfb-9596-49401ec61c56" />
    <UnitTestResult executionId="99b0324b-0ea6-4fa8-98f3-e43e378e3067" testId="8eed1e01-7c98-e10b-4b15-af859e282ab9" testName="BrushForge.Tests.Geometry.TextureAxisTests.PositiveXWallUsesVerticalVAxis" computerName="DESKTOP-ICI35TL" duration="00:00:00.0051575" startTime="2026-08-03T22:06:21.4528905-05:00" endTime="2026-08-03T22:06:21.4676607-05:00" testType="13cdc9d9-ddb5-4fa4-a97d-d965ccfc6d4b" outcome="Passed" testListId="8c84fa94-04c1-424b-9868-57a2d4851a1d" relativeResultsDirectory="99b0324b-0ea6-4fa8-98f3-e43e378e3067" />
    <UnitTestResult executionId="863ebe7d-5d82-48c9-a083-036f076b40fd" testId="bc23beff-11e3-1085-1a60-00dcc32c6483" testName="BrushForge.Tests.Core.CoordinateInfrastructureTests.GridSnappingUsesMidpointAwayFromZero(input: 12, expected: 16)" computerName="DESKTOP-ICI35TL" duration="00:00:00.0000019" startTime="2026-08-03T22:06:21.4973715-05:00" endTime="2026-08-03T22:06:21.4974094-05:00" testType="13cdc9d9-ddb5-4fa4-a97d-d965ccfc6d4b" outcome="Passed" testListId="8c84fa94-04c1-424b-9868-57a2d4851a1d" relativeResultsDirectory="863ebe7d-5d82-48c9-a083-036f076b40fd" />
    <UnitTestResult executionId="041e219a-e901-41a5-95c1-2b3358c42f8f" testId="9f086c7e-744d-8817-3f8e-9722d8df64c3" testName="BrushForge.Tests.Geometry.Vector3dTests.CrossProductConfirmsRightHandedCoordinates" computerName="DESKTOP-ICI35TL" duration="00:00:00.0001086" startTime="2026-08-03T22:06:21.5053416-05:00" endTime="2026-08-03T22:06:21.5053805-05:00" testType="13cdc9d9-ddb5-4fa4-a97d-d965ccfc6d4b" outcome="Passed" testListId="8c84fa94-04c1-424b-9868-57a2d4851a1d" relativeResultsDirectory="041e219a-e901-41a5-95c1-2b3358c42f8f" />
    <UnitTestResult executionId="4979ae78-f300-462a-b579-00f5c9f86eeb" testId="f41d7da2-3e36-66e7-97e7-467b430dd2b7" testName="BrushForge.Tests.Core.CoordinateInfrastructureTests.GridSnappingUsesMidpointAwayFromZero(input: 0, expected: 0)" computerName="DESKTOP-ICI35TL" duration="00:00:00.0002003" startTime="2026-08-03T22:06:21.4743061-05:00" endTime="2026-08-03T22:06:21.4751098-05:00" testType="13cdc9d9-ddb5-4fa4-a97d-d965ccfc6d4b" outcome="Passed" testListId="8c84fa94-04c1-424b-9868-57a2d4851a1d" relativeResultsDirectory="4979ae78-f300-462a-b579-00f5c9f86eeb" />
    <UnitTestResult executionId="f08680e6-1302-41f8-b04b-1141bd2ff2dd" testId="2e0d34b8-fc2a-5855-9b24-5a4222b002f8" testName="BrushForge.Tests.Geometry.Bounds3dTests.FromPointsCalculatesAllExtents" computerName="DESKTOP-ICI35TL" duration="00:00:00.0015460" startTime="2026-08-03T22:06:21.5007248-05:00" endTime="2026-08-03T22:06:21.5025022-05:00" testType="13cdc9d9-ddb5-4fa4-a97d-d965ccfc6d4b" outcome="Passed" testListId="8c84fa94-04c1-424b-9868-57a2d4851a1d" relativeResultsDirectory="f08680e6-1302-41f8-b04b-1141bd2ff2dd" />
    <UnitTestResult executionId="9beca3b8-85db-4b9f-8b75-93a3c58db615" testId="ae535374-62c2-f341-39af-8f6230dc419c" testName="BrushForge.Tests.Geometry.BrushModelTests.BrushFaceRejectsInvalidTextureName" computerName="DESKTOP-ICI35TL" duration="00:00:00.0004931" startTime="2026-08-03T22:06:21.4971251-05:00" endTime="2026-08-03T22:06:21.4995129-05:00" testType="13cdc9d9-ddb5-4fa4-a97d-d965ccfc6d4b" outcome="Passed" testListId="8c84fa94-04c1-424b-9868-57a2d4851a1d" relativeResultsDirectory="9beca3b8-85db-4b9f-8b75-93a3c58db615" />
    <UnitTestResult executionId="0ac22652-9827-4789-9695-302cc79d4d84" testId="1f5a0601-e77a-708d-306e-717d5ed9bcfb" testName="BrushForge.Tests.Geometry.BrushModelTests.SixFaceBoxCreatesStructuralBrush" computerName="DESKTOP-ICI35TL" duration="00:00:00.0012017" startTime="2026-08-03T22:06:21.5015483-05:00" endTime="2026-08-03T22:06:21.5032873-05:00" testType="13cdc9d9-ddb5-4fa4-a97d-d965ccfc6d4b" outcome="Passed" testListId="8c84fa94-04c1-424b-9868-57a2d4851a1d" relativeResultsDirectory="0ac22652-9827-4789-9695-302cc79d4d84" />
    <UnitTestResult executionId="dc5a8964-3b04-44c9-ac65-7a8bb04508f4" testId="12c47706-f724-a5cc-7d9b-c5380c949463" testName="BrushForge.Tests.Core.CoordinateInfrastructureTests.GridSnappingUsesMidpointAwayFromZero(input: -11.9, expected: -8)" computerName="DESKTOP-ICI35TL" duration="00:00:00.0000020" startTime="2026-08-03T22:06:21.4986757-05:00" endTime="2026-08-03T22:06:21.4987163-05:00" testType="13cdc9d9-ddb5-4fa4-a97d-d965ccfc6d4b" outcome="Passed" testListId="8c84fa94-04c1-424b-9868-57a2d4851a1d" relativeResultsDirectory="dc5a8964-3b04-44c9-ac65-7a8bb04508f4" />
    <UnitTestResult executionId="e7ca3c3f-3290-4d77-a947-cb63bceb3f35" testId="e88eb188-bbb3-14b7-1b8f-91a3607d6542" testName="BrushForge.Tests.Core.CoordinateInfrastructureTests.GridSnappingUsesMidpointAwayFromZero(input: 11.9, expected: 8)" computerName="DESKTOP-ICI35TL" duration="00:00:00.0056765" startTime="2026-08-03T22:06:21.4528493-05:00" endTime="2026-08-03T22:06:21.4632869-05:00" testType="13cdc9d9-ddb5-4fa4-a97d-d965ccfc6d4b" outcome="Passed" testListId="8c84fa94-04c1-424b-9868-57a2d4851a1d" relativeResultsDirectory="e7ca3c3f-3290-4d77-a947-cb63bceb3f35" />
    <UnitTestResult executionId="25a91ef2-5621-47cb-9e61-909014460401" testId="bf9b69c7-ab5e-6535-42f8-fc38dc236417" testName="BrushForge.Tests.Core.DeterministicRandomTests.TextSeedHashIsStable" computerName="DESKTOP-ICI35TL" duration="00:00:00.0000768" startTime="2026-08-03T22:06:21.5056414-05:00" endTime="2026-08-03T22:06:21.5056808-05:00" testType="13cdc9d9-ddb5-4fa4-a97d-d965ccfc6d4b" outcome="Passed" testListId="8c84fa94-04c1-424b-9868-57a2d4851a1d" relativeResultsDirectory="25a91ef2-5621-47cb-9e61-909014460401" />
    <UnitTestResult executionId="25f6774f-3d77-490d-a0d4-b57335560df9" testId="46261481-330c-ceec-9c81-690a7d50cfe1" testName="BrushForge.Tests.Core.CoordinateInfrastructureTests.CoordinateScaleConvertsInBothDirections" computerName="DESKTOP-ICI35TL" duration="00:00:00.0006478" startTime="2026-08-03T22:06:21.4988916-05:00" endTime="2026-08-03T22:06:21.5003936-05:00" testType="13cdc9d9-ddb5-4fa4-a97d-d965ccfc6d4b" outcome="Passed" testListId="8c84fa94-04c1-424b-9868-57a2d4851a1d" relativeResultsDirectory="25f6774f-3d77-490d-a0d4-b57335560df9" />
    <UnitTestResult executionId="d822ac19-b147-4f78-93f4-0eb125a7ecb4" testId="9aee2fc8-7a4a-56d0-80f5-8aca0854a5ff" testName="BrushForge.Tests.Geometry.TextureAxisTests.NinetyDegreeRotationRotatesGeneratedAxes" computerName="DESKTOP-ICI35TL" duration="00:00:00.0002601" startTime="2026-08-03T22:06:21.4970345-05:00" endTime="2026-08-03T22:06:21.4990846-05:00" testType="13cdc9d9-ddb5-4fa4-a97d-d965ccfc6d4b" outcome="Passed" testListId="8c84fa94-04c1-424b-9868-57a2d4851a1d" relativeResultsDirectory="d822ac19-b147-4f78-93f4-0eb125a7ecb4" />
    <UnitTestResult executionId="83f17258-4997-4a9d-a4dd-aa46a446a4cd" testId="7261bfe0-4d2e-3ea8-2999-747ec7c8fc0d" testName="BrushForge.Tests.Geometry.TextureAxisTests.ParallelTextureAxesAreRejected" computerName="DESKTOP-ICI35TL" duration="00:00:00.0002402" startTime="2026-08-03T22:06:21.4993306-05:00" endTime="2026-08-03T22:06:21.5002052-05:00" testType="13cdc9d9-ddb5-4fa4-a97d-d965ccfc6d4b" outcome="Passed" testListId="8c84fa94-04c1-424b-9868-57a2d4851a1d" relativeResultsDirectory="83f17258-4997-4a9d-a4dd-aa46a446a4cd" />
    <UnitTestResult executionId="e8b0afc9-1d01-4d0d-921c-7211a4046650" testId="8a54ad06-ae36-fad4-ccd3-cbe7ee1682ab" testName="BrushForge.Tests.Geometry.BrushModelTests.BrushFaceGeneratesTextureAxes" computerName="DESKTOP-ICI35TL" duration="00:00:00.0007342" startTime="2026-08-03T22:06:21.5005631-05:00" endTime="2026-08-03T22:06:21.5009771-05:00" testType="13cdc9d9-ddb5-4fa4-a97d-d965ccfc6d4b" outcome="Passed" testListId="8c84fa94-04c1-424b-9868-57a2d4851a1d" relativeResultsDirectory="e8b0afc9-1d01-4d0d-921c-7211a4046650" />
    <UnitTestResult executionId="9aa9bd42-96ea-47af-b0ff-d226da538f85" testId="3d1fa1eb-3fa9-17b9-39a3-9c77f851763a" testName="BrushForge.Tests.Geometry.Bounds3dTests.ContainsIncludesBoundaryPoints" computerName="DESKTOP-ICI35TL" duration="00:00:00.0005156" startTime="2026-08-03T22:06:21.4968611-05:00" endTime="2026-08-03T22:06:21.4995821-05:00" testType="13cdc9d9-ddb5-4fa4-a97d-d965ccfc6d4b" outcome="Passed" testListId="8c84fa94-04c1-424b-9868-57a2d4851a1d" relativeResultsDirectory="9aa9bd42-96ea-47af-b0ff-d226da538f85" />
    <UnitTestResult executionId="5a0bd37e-7516-4f9b-a7c1-588e3234cf1a" testId="e13e8b81-c540-3407-3f6a-35fb37f4dd29" testName="BrushForge.Tests.Core.DeterministicRandomTests.UnitDoubleNeverReachesOne" computerName="DESKTOP-ICI35TL" duration="00:00:00.0002165" startTime="2026-08-03T22:06:21.4972208-05:00" endTime="2026-08-03T22:06:21.4989359-05:00" testType="13cdc9d9-ddb5-4fa4-a97d-d965ccfc6d4b" outcome="Passed" testListId="8c84fa94-04c1-424b-9868-57a2d4851a1d" relativeResultsDirectory="5a0bd37e-7516-4f9b-a7c1-588e3234cf1a" />
    <UnitTestResult executionId="b5fc929e-1c59-4c43-92b0-053ca7113232" testId="a6daafc8-3cbc-df7a-1672-463bc612a36f" testName="BrushForge.Tests.Core.DiagnosticTests.DiagnosticBagTracksWarningsAndErrors" computerName="DESKTOP-ICI35TL" duration="00:00:00.0029369" startTime="2026-08-03T22:06:21.4971078-05:00" endTime="2026-08-03T22:06:21.5038819-05:00" testType="13cdc9d9-ddb5-4fa4-a97d-d965ccfc6d4b" outcome="Passed" testListId="8c84fa94-04c1-424b-9868-57a2d4851a1d" relativeResultsDirectory="b5fc929e-1c59-4c43-92b0-053ca7113232" />
    <UnitTestResult executionId="28be4737-6b44-4711-b4f8-c0d28ea3f81a" testId="186a33b5-f158-e2cd-8a06-34ecb0dffbbe" testName="BrushForge.Tests.Core.DiagnosticTests.DiagnosticRequiresCodeAndMessage" computerName="DESKTOP-ICI35TL" duration="00:00:00.0045196" startTime="2026-08-03T22:06:21.4529091-05:00" endTime="2026-08-03T22:06:21.4675876-05:00" testType="13cdc9d9-ddb5-4fa4-a97d-d965ccfc6d4b" outcome="Passed" testListId="8c84fa94-04c1-424b-9868-57a2d4851a1d" relativeResultsDirectory="28be4737-6b44-4711-b4f8-c0d28ea3f81a" />
  </Results>
  <TestDefinitions>
    <UnitTest name="BrushForge.Tests.Core.CoordinateInfrastructureTests.CoordinateScaleConvertsInBothDirections" storage="c:\development\brushforge\tests\brushforge.tests\bin\debug\net10.0\brushforge.tests.dll" id="46261481-330c-ceec-9c81-690a7d50cfe1">
      <Execution id="25f6774f-3d77-490d-a0d4-b57335560df9" />
      <TestMethod codeBase="C:\Development\BrushForge\tests\BrushForge.Tests\bin\Debug\net10.0\BrushForge.Tests.dll" adapterTypeName="executor://xunit/VsTestRunner3/netcore/" className="BrushForge.Tests.Core.CoordinateInfrastructureTests" name="CoordinateScaleConvertsInBothDirections" />
    </UnitTest>
    <UnitTest name="BrushForge.Tests.Geometry.Plane3dTests.FlipReversesPlaneOrientation" storage="c:\development\brushforge\tests\brushforge.tests\bin\debug\net10.0\brushforge.tests.dll" id="cc6f3adc-eb1d-5ebe-a00a-9784e32498cd">
      <Execution id="060d6fa4-fbd7-4824-a2c4-6a303e1251e2" />
      <TestMethod codeBase="C:\Development\BrushForge\tests\BrushForge.Tests\bin\Debug\net10.0\BrushForge.Tests.dll" adapterTypeName="executor://xunit/VsTestRunner3/netcore/" className="BrushForge.Tests.Geometry.Plane3dTests" name="FlipReversesPlaneOrientation" />
    </UnitTest>
    <UnitTest name="BrushForge.Tests.Geometry.BrushModelTests.BrushRejectsDuplicateFacePlanes" storage="c:\development\brushforge\tests\brushforge.tests\bin\debug\net10.0\brushforge.tests.dll" id="b1b3c74d-f281-3d06-3144-1bd6f4412b2e">
      <Execution id="5b520af0-7ace-4a41-acc0-b895796a1472" />
      <TestMethod codeBase="C:\Development\BrushForge\tests\BrushForge.Tests\bin\Debug\net10.0\BrushForge.Tests.dll" adapterTypeName="executor://xunit/VsTestRunner3/netcore/" className="BrushForge.Tests.Geometry.BrushModelTests" name="BrushRejectsDuplicateFacePlanes" />
    </UnitTest>
    <UnitTest name="BrushForge.Tests.Core.CoordinateInfrastructureTests.GridSnappingUsesMidpointAwayFromZero(input: -11.9, expected: -8)" storage="c:\development\brushforge\tests\brushforge.tests\bin\debug\net10.0\brushforge.tests.dll" id="12c47706-f724-a5cc-7d9b-c5380c949463">
      <Execution id="dc5a8964-3b04-44c9-ac65-7a8bb04508f4" />
      <TestMethod codeBase="C:\Development\BrushForge\tests\BrushForge.Tests\bin\Debug\net10.0\BrushForge.Tests.dll" adapterTypeName="executor://xunit/VsTestRunner3/netcore/" className="BrushForge.Tests.Core.CoordinateInfrastructureTests" name="GridSnappingUsesMidpointAwayFromZero" />
    </UnitTest>
    <UnitTest name="BrushForge.Tests.Geometry.Bounds3dTests.ContainsIncludesBoundaryPoints" storage="c:\development\brushforge\tests\brushforge.tests\bin\debug\net10.0\brushforge.tests.dll" id="3d1fa1eb-3fa9-17b9-39a3-9c77f851763a">
      <Execution id="9aa9bd42-96ea-47af-b0ff-d226da538f85" />
      <TestMethod codeBase="C:\Development\BrushForge\tests\BrushForge.Tests\bin\Debug\net10.0\BrushForge.Tests.dll" adapterTypeName="executor://xunit/VsTestRunner3/netcore/" className="BrushForge.Tests.Geometry.Bounds3dTests" name="ContainsIncludesBoundaryPoints" />
    </UnitTest>
    <UnitTest name="BrushForge.Tests.Geometry.Plane3dTests.SignedDistanceDistinguishesPlaneSides" storage="c:\development\brushforge\tests\brushforge.tests\bin\debug\net10.0\brushforge.tests.dll" id="b0037b9c-5860-1854-d3bd-8a88422a7069">
      <Execution id="c85ee975-636f-4c26-97ed-3ca0bd9cd904" />
      <TestMethod codeBase="C:\Development\BrushForge\tests\BrushForge.Tests\bin\Debug\net10.0\BrushForge.Tests.dll" adapterTypeName="executor://xunit/VsTestRunner3/netcore/" className="BrushForge.Tests.Geometry.Plane3dTests" name="SignedDistanceDistinguishesPlaneSides" />
    </UnitTest>
    <UnitTest name="BrushForge.Tests.Core.DeterministicRandomTests.EqualSeedsProduceEqualSequences" storage="c:\development\brushforge\tests\brushforge.tests\bin\debug\net10.0\brushforge.tests.dll" id="3f0f93ba-f747-e0a2-5a43-e53dca025010">
      <Execution id="f1f0e403-56e3-4dd6-95bd-09a60dd6360e" />
      <TestMethod codeBase="C:\Development\BrushForge\tests\BrushForge.Tests\bin\Debug\net10.0\BrushForge.Tests.dll" adapterTypeName="executor://xunit/VsTestRunner3/netcore/" className="BrushForge.Tests.Core.DeterministicRandomTests" name="EqualSeedsProduceEqualSequences" />
    </UnitTest>
    <UnitTest name="BrushForge.Tests.Core.CoordinateInfrastructureTests.GridSnappingUsesMidpointAwayFromZero(input: 0, expected: 0)" storage="c:\development\brushforge\tests\brushforge.tests\bin\debug\net10.0\brushforge.tests.dll" id="f41d7da2-3e36-66e7-97e7-467b430dd2b7">
      <Execution id="4979ae78-f300-462a-b579-00f5c9f86eeb" />
      <TestMethod codeBase="C:\Development\BrushForge\tests\BrushForge.Tests\bin\Debug\net10.0\BrushForge.Tests.dll" adapterTypeName="executor://xunit/VsTestRunner3/netcore/" className="BrushForge.Tests.Core.CoordinateInfrastructureTests" name="GridSnappingUsesMidpointAwayFromZero" />
    </UnitTest>
    <UnitTest name="BrushForge.Tests.Geometry.Bounds3dTests.SizeAndCenterAreCalculatedCorrectly" storage="c:\development\brushforge\tests\brushforge.tests\bin\debug\net10.0\brushforge.tests.dll" id="7b158493-285d-980b-f303-a21442654683">
      <Execution id="f39f2259-ea7e-41fd-a775-1a6989cc9c87" />
      <TestMethod codeBase="C:\Development\BrushForge\tests\BrushForge.Tests\bin\Debug\net10.0\BrushForge.Tests.dll" adapterTypeName="executor://xunit/VsTestRunner3/netcore/" className="BrushForge.Tests.Geometry.Bounds3dTests" name="SizeAndCenterAreCalculatedCorrectly" />
    </UnitTest>
    <UnitTest name="BrushForge.Tests.Geometry.Plane3dTests.ProjectionMovesPointOntoPlane" storage="c:\development\brushforge\tests\brushforge.tests\bin\debug\net10.0\brushforge.tests.dll" id="983d99fe-7c54-b71a-3beb-1f17757ff024">
      <Execution id="bffbb701-bce0-43a7-bf5d-20b5d8903dc8" />
      <TestMethod codeBase="C:\Development\BrushForge\tests\BrushForge.Tests\bin\Debug\net10.0\BrushForge.Tests.dll" adapterTypeName="executor://xunit/VsTestRunner3/netcore/" className="BrushForge.Tests.Geometry.Plane3dTests" name="ProjectionMovesPointOntoPlane" />
    </UnitTest>
    <UnitTest name="BrushForge.Tests.Core.DeterministicRandomTests.SeedCanRoundTripThroughInvariantText" storage="c:\development\brushforge\tests\brushforge.tests\bin\debug\net10.0\brushforge.tests.dll" id="90e96c3b-8a38-075a-b489-8bcd62fc7ba6">
      <Execution id="566caf7d-e36a-442b-9071-f633a6577502" />
      <TestMethod codeBase="C:\Development\BrushForge\tests\BrushForge.Tests\bin\Debug\net10.0\BrushForge.Tests.dll" adapterTypeName="executor://xunit/VsTestRunner3/netcore/" className="BrushForge.Tests.Core.DeterministicRandomTests" name="SeedCanRoundTripThroughInvariantText" />
    </UnitTest>
    <UnitTest name="BrushForge.Tests.Core.CoordinateInfrastructureTests.GridAlignmentUsesCentralTolerance" storage="c:\development\brushforge\tests\brushforge.tests\bin\debug\net10.0\brushforge.tests.dll" id="21f023ac-19e9-0f24-0800-5b19bdb02bff">
      <Execution id="b25e3120-7158-4da4-81cc-c46e43c5a338" />
      <TestMethod codeBase="C:\Development\BrushForge\tests\BrushForge.Tests\bin\Debug\net10.0\BrushForge.Tests.dll" adapterTypeName="executor://xunit/VsTestRunner3/netcore/" className="BrushForge.Tests.Core.CoordinateInfrastructureTests" name="GridAlignmentUsesCentralTolerance" />
    </UnitTest>
    <UnitTest name="BrushForge.Tests.Geometry.Plane3dTests.ConstructorNormalizesNormalAndDistance" storage="c:\development\brushforge\tests\brushforge.tests\bin\debug\net10.0\brushforge.tests.dll" id="200f487e-a132-cf8b-38d7-616143c0dcf2">
      <Execution id="7b3bb45d-01eb-4458-9548-85d6667c9d9b" />
      <TestMethod codeBase="C:\Development\BrushForge\tests\BrushForge.Tests\bin\Debug\net10.0\BrushForge.Tests.dll" adapterTypeName="executor://xunit/VsTestRunner3/netcore/" className="BrushForge.Tests.Geometry.Plane3dTests" name="ConstructorNormalizesNormalAndDistance" />
    </UnitTest>
    <UnitTest name="BrushForge.Tests.Core.DeterministicRandomTests.UnitDoubleNeverReachesOne" storage="c:\development\brushforge\tests\brushforge.tests\bin\debug\net10.0\brushforge.tests.dll" id="e13e8b81-c540-3407-3f6a-35fb37f4dd29">
      <Execution id="5a0bd37e-7516-4f9b-a7c1-588e3234cf1a" />
      <TestMethod codeBase="C:\Development\BrushForge\tests\BrushForge.Tests\bin\Debug\net10.0\BrushForge.Tests.dll" adapterTypeName="executor://xunit/VsTestRunner3/netcore/" className="BrushForge.Tests.Core.DeterministicRandomTests" name="UnitDoubleNeverReachesOne" />
    </UnitTest>
    <UnitTest name="BrushForge.Tests.Core.DiagnosticTests.DiagnosticRequiresCodeAndMessage" storage="c:\development\brushforge\tests\brushforge.tests\bin\debug\net10.0\brushforge.tests.dll" id="186a33b5-f158-e2cd-8a06-34ecb0dffbbe">
      <Execution id="28be4737-6b44-4711-b4f8-c0d28ea3f81a" />
      <TestMethod codeBase="C:\Development\BrushForge\tests\BrushForge.Tests\bin\Debug\net10.0\BrushForge.Tests.dll" adapterTypeName="executor://xunit/VsTestRunner3/netcore/" className="BrushForge.Tests.Core.DiagnosticTests" name="DiagnosticRequiresCodeAndMessage" />
    </UnitTest>
    <UnitTest name="BrushForge.Tests.Core.CoordinateInfrastructureTests.GridSnappingUsesMidpointAwayFromZero(input: 11.9, expected: 8)" storage="c:\development\brushforge\tests\brushforge.tests\bin\debug\net10.0\brushforge.tests.dll" id="e88eb188-bbb3-14b7-1b8f-91a3607d6542">
      <Execution id="e7ca3c3f-3290-4d77-a947-cb63bceb3f35" />
      <TestMethod codeBase="C:\Development\BrushForge\tests\BrushForge.Tests\bin\Debug\net10.0\BrushForge.Tests.dll" adapterTypeName="executor://xunit/VsTestRunner3/netcore/" className="BrushForge.Tests.Core.CoordinateInfrastructureTests" name="GridSnappingUsesMidpointAwayFromZero" />
    </UnitTest>
    <UnitTest name="BrushForge.Tests.Geometry.Vector3dTests.NormalizeRejectsZeroVector" storage="c:\development\brushforge\tests\brushforge.tests\bin\debug\net10.0\brushforge.tests.dll" id="d4245e92-12e4-4f40-5591-8ef053931cfc">
      <Execution id="5075411a-fb28-4bfb-9596-49401ec61c56" />
      <TestMethod codeBase="C:\Development\BrushForge\tests\BrushForge.Tests\bin\Debug\net10.0\BrushForge.Tests.dll" adapterTypeName="executor://xunit/VsTestRunner3/netcore/" className="BrushForge.Tests.Geometry.Vector3dTests" name="NormalizeRejectsZeroVector" />
    </UnitTest>
    <UnitTest name="BrushForge.Tests.Geometry.TextureAxisTests.TopFaceUsesValveStyleFloorAxes" storage="c:\development\brushforge\tests\brushforge.tests\bin\debug\net10.0\brushforge.tests.dll" id="e8ed5ac7-906e-c1cc-d1ff-b8b1f6225f8f">
      <Execution id="2ed57fa6-55b6-4d8a-85cd-17f24037420c" />
      <TestMethod codeBase="C:\Development\BrushForge\tests\BrushForge.Tests\bin\Debug\net10.0\BrushForge.Tests.dll" adapterTypeName="executor://xunit/VsTestRunner3/netcore/" className="BrushForge.Tests.Geometry.TextureAxisTests" name="TopFaceUsesValveStyleFloorAxes" />
    </UnitTest>
    <UnitTest name="BrushForge.Tests.Geometry.TextureAxisTests.GeneratedOffsetsAndScaleArePreserved" storage="c:\development\brushforge\tests\brushforge.tests\bin\debug\net10.0\brushforge.tests.dll" id="62a75a68-c3d6-bd50-455f-de1bc7e5b295">
      <Execution id="ebe8e6b3-bc11-480a-aefc-b98b4c32d293" />
      <TestMethod codeBase="C:\Development\BrushForge\tests\BrushForge.Tests\bin\Debug\net10.0\BrushForge.Tests.dll" adapterTypeName="executor://xunit/VsTestRunner3/netcore/" className="BrushForge.Tests.Geometry.TextureAxisTests" name="GeneratedOffsetsAndScaleArePreserved" />
    </UnitTest>
    <UnitTest name="BrushForge.Tests.Geometry.BrushModelTests.BrushFaceRejectsInvalidTextureName" storage="c:\development\brushforge\tests\brushforge.tests\bin\debug\net10.0\brushforge.tests.dll" id="ae535374-62c2-f341-39af-8f6230dc419c">
      <Execution id="9beca3b8-85db-4b9f-8b75-93a3c58db615" />
      <TestMethod codeBase="C:\Development\BrushForge\tests\BrushForge.Tests\bin\Debug\net10.0\BrushForge.Tests.dll" adapterTypeName="executor://xunit/VsTestRunner3/netcore/" className="BrushForge.Tests.Geometry.BrushModelTests" name="BrushFaceRejectsInvalidTextureName" />
    </UnitTest>
    <UnitTest name="BrushForge.Tests.Geometry.Vector3dTests.VectorArithmeticPreservesDoublePrecisionValues" storage="c:\development\brushforge\tests\brushforge.tests\bin\debug\net10.0\brushforge.tests.dll" id="2c0f3fae-ada8-2367-8c2c-a32a146948b6">
      <Execution id="e5e6bc3e-22db-4ea7-bfc6-0348ba9e5fd9" />
      <TestMethod codeBase="C:\Development\BrushForge\tests\BrushForge.Tests\bin\Debug\net10.0\BrushForge.Tests.dll" adapterTypeName="executor://xunit/VsTestRunner3/netcore/" className="BrushForge.Tests.Geometry.Vector3dTests" name="VectorArithmeticPreservesDoublePrecisionValues" />
    </UnitTest>
    <UnitTest name="BrushForge.Tests.Core.CoordinateInfrastructureTests.GridSnappingUsesMidpointAwayFromZero(input: -12, expected: -16)" storage="c:\development\brushforge\tests\brushforge.tests\bin\debug\net10.0\brushforge.tests.dll" id="664c585c-1f4a-f0e3-c773-e5b30755fd00">
      <Execution id="ab0e16b4-d20b-4a40-85fd-1399b7f31218" />
      <TestMethod codeBase="C:\Development\BrushForge\tests\BrushForge.Tests\bin\Debug\net10.0\BrushForge.Tests.dll" adapterTypeName="executor://xunit/VsTestRunner3/netcore/" className="BrushForge.Tests.Core.CoordinateInfrastructureTests" name="GridSnappingUsesMidpointAwayFromZero" />
    </UnitTest>
    <UnitTest name="BrushForge.Tests.Geometry.Bounds3dTests.IntersectsDetectsTouchingBounds" storage="c:\development\brushforge\tests\brushforge.tests\bin\debug\net10.0\brushforge.tests.dll" id="a8e31f13-97e5-9d0c-89c9-4e705f3d46d8">
      <Execution id="618b897e-e42d-46e3-a999-e9a75836a8d3" />
      <TestMethod codeBase="C:\Development\BrushForge\tests\BrushForge.Tests\bin\Debug\net10.0\BrushForge.Tests.dll" adapterTypeName="executor://xunit/VsTestRunner3/netcore/" className="BrushForge.Tests.Geometry.Bounds3dTests" name="IntersectsDetectsTouchingBounds" />
    </UnitTest>
    <UnitTest name="BrushForge.Tests.Geometry.TextureAxisTests.ParallelTextureAxesAreRejected" storage="c:\development\brushforge\tests\brushforge.tests\bin\debug\net10.0\brushforge.tests.dll" id="7261bfe0-4d2e-3ea8-2999-747ec7c8fc0d">
      <Execution id="83f17258-4997-4a9d-a4dd-aa46a446a4cd" />
      <TestMethod codeBase="C:\Development\BrushForge\tests\BrushForge.Tests\bin\Debug\net10.0\BrushForge.Tests.dll" adapterTypeName="executor://xunit/VsTestRunner3/netcore/" className="BrushForge.Tests.Geometry.TextureAxisTests" name="ParallelTextureAxesAreRejected" />
    </UnitTest>
    <UnitTest name="BrushForge.Tests.Core.DeterministicRandomTests.TextSeedHashIsStable" storage="c:\development\brushforge\tests\brushforge.tests\bin\debug\net10.0\brushforge.tests.dll" id="bf9b69c7-ab5e-6535-42f8-fc38dc236417">
      <Execution id="25a91ef2-5621-47cb-9e61-909014460401" />
      <TestMethod codeBase="C:\Development\BrushForge\tests\BrushForge.Tests\bin\Debug\net10.0\BrushForge.Tests.dll" adapterTypeName="executor://xunit/VsTestRunner3/netcore/" className="BrushForge.Tests.Core.DeterministicRandomTests" name="TextSeedHashIsStable" />
    </UnitTest>
    <UnitTest name="BrushForge.Tests.Geometry.Bounds3dTests.InvalidMinimumAndMaximumAreRejected" storage="c:\development\brushforge\tests\brushforge.tests\bin\debug\net10.0\brushforge.tests.dll" id="2c3685a4-d415-c41b-8284-132275282f5e">
      <Execution id="1b9a3838-7b67-4eb9-8630-6f7fca91ba2c" />
      <TestMethod codeBase="C:\Development\BrushForge\tests\BrushForge.Tests\bin\Debug\net10.0\BrushForge.Tests.dll" adapterTypeName="executor://xunit/VsTestRunner3/netcore/" className="BrushForge.Tests.Geometry.Bounds3dTests" name="InvalidMinimumAndMaximumAreRejected" />
    </UnitTest>
    <UnitTest name="BrushForge.Tests.Geometry.BrushModelTests.BrushFaceGeneratesTextureAxes" storage="c:\development\brushforge\tests\brushforge.tests\bin\debug\net10.0\brushforge.tests.dll" id="8a54ad06-ae36-fad4-ccd3-cbe7ee1682ab">
      <Execution id="e8b0afc9-1d01-4d0d-921c-7211a4046650" />
      <TestMethod codeBase="C:\Development\BrushForge\tests\BrushForge.Tests\bin\Debug\net10.0\BrushForge.Tests.dll" adapterTypeName="executor://xunit/VsTestRunner3/netcore/" className="BrushForge.Tests.Geometry.BrushModelTests" name="BrushFaceGeneratesTextureAxes" />
    </UnitTest>
    <UnitTest name="BrushForge.Tests.Core.DeterministicRandomTests.GeneratorSequenceIsStable" storage="c:\development\brushforge\tests\brushforge.tests\bin\debug\net10.0\brushforge.tests.dll" id="e7b3d1a4-4077-88b1-beb9-4ddafc1d0541">
      <Execution id="b78368cb-da01-468f-a73e-a85b5a98ffae" />
      <TestMethod codeBase="C:\Development\BrushForge\tests\BrushForge.Tests\bin\Debug\net10.0\BrushForge.Tests.dll" adapterTypeName="executor://xunit/VsTestRunner3/netcore/" className="BrushForge.Tests.Core.DeterministicRandomTests" name="GeneratorSequenceIsStable" />
    </UnitTest>
    <UnitTest name="BrushForge.Tests.Geometry.Vector3dTests.NormalizeProducesUnitLength" storage="c:\development\brushforge\tests\brushforge.tests\bin\debug\net10.0\brushforge.tests.dll" id="b3e60353-dcf1-95e6-3f43-684c87cd6fe2">
      <Execution id="f9ae482b-3e6b-4e85-b8c1-24808bdeeff8" />
      <TestMethod codeBase="C:\Development\BrushForge\tests\BrushForge.Tests\bin\Debug\net10.0\BrushForge.Tests.dll" adapterTypeName="executor://xunit/VsTestRunner3/netcore/" className="BrushForge.Tests.Geometry.Vector3dTests" name="NormalizeProducesUnitLength" />
    </UnitTest>
    <UnitTest name="BrushForge.Tests.Core.DeterministicRandomTests.IntegerRangeHonorsInclusiveAndExclusiveBounds" storage="c:\development\brushforge\tests\brushforge.tests\bin\debug\net10.0\brushforge.tests.dll" id="fd8d74b6-e32e-48da-ccd2-7d864e749cb3">
      <Execution id="3f37bc14-d964-4310-8847-093eb8681201" />
      <TestMethod codeBase="C:\Development\BrushForge\tests\BrushForge.Tests\bin\Debug\net10.0\BrushForge.Tests.dll" adapterTypeName="executor://xunit/VsTestRunner3/netcore/" className="BrushForge.Tests.Core.DeterministicRandomTests" name="IntegerRangeHonorsInclusiveAndExclusiveBounds" />
    </UnitTest>
    <UnitTest name="BrushForge.Tests.Core.DiagnosticTests.SnapshotIsIndependentFromLaterChanges" storage="c:\development\brushforge\tests\brushforge.tests\bin\debug\net10.0\brushforge.tests.dll" id="8e83f3d1-d379-751e-0737-f1b70917f5b3">
      <Execution id="421696e8-8ca2-4c02-914d-508387e47845" />
      <TestMethod codeBase="C:\Development\BrushForge\tests\BrushForge.Tests\bin\Debug\net10.0\BrushForge.Tests.dll" adapterTypeName="executor://xunit/VsTestRunner3/netcore/" className="BrushForge.Tests.Core.DiagnosticTests" name="SnapshotIsIndependentFromLaterChanges" />
    </UnitTest>
    <UnitTest name="BrushForge.Tests.Geometry.Plane3dTests.FromPointsPreservesRightHandedOrientation" storage="c:\development\brushforge\tests\brushforge.tests\bin\debug\net10.0\brushforge.tests.dll" id="f1a61163-fbd2-9172-892b-f4f77428718e">
      <Execution id="52ef9024-d453-4038-aac6-f44f869623f6" />
      <TestMethod codeBase="C:\Development\BrushForge\tests\BrushForge.Tests\bin\Debug\net10.0\BrushForge.Tests.dll" adapterTypeName="executor://xunit/VsTestRunner3/netcore/" className="BrushForge.Tests.Geometry.Plane3dTests" name="FromPointsPreservesRightHandedOrientation" />
    </UnitTest>
    <UnitTest name="BrushForge.Tests.Core.DiagnosticTests.DiagnosticBagTracksWarningsAndErrors" storage="c:\development\brushforge\tests\brushforge.tests\bin\debug\net10.0\brushforge.tests.dll" id="a6daafc8-3cbc-df7a-1672-463bc612a36f">
      <Execution id="b5fc929e-1c59-4c43-92b0-053ca7113232" />
      <TestMethod codeBase="C:\Development\BrushForge\tests\BrushForge.Tests\bin\Debug\net10.0\BrushForge.Tests.dll" adapterTypeName="executor://xunit/VsTestRunner3/netcore/" className="BrushForge.Tests.Core.DiagnosticTests" name="DiagnosticBagTracksWarningsAndErrors" />
    </UnitTest>
    <UnitTest name="BrushForge.Tests.Geometry.Vector3dTests.CrossProductConfirmsRightHandedCoordinates" storage="c:\development\brushforge\tests\brushforge.tests\bin\debug\net10.0\brushforge.tests.dll" id="9f086c7e-744d-8817-3f8e-9722d8df64c3">
      <Execution id="041e219a-e901-41a5-95c1-2b3358c42f8f" />
      <TestMethod codeBase="C:\Development\BrushForge\tests\BrushForge.Tests\bin\Debug\net10.0\BrushForge.Tests.dll" adapterTypeName="executor://xunit/VsTestRunner3/netcore/" className="BrushForge.Tests.Geometry.Vector3dTests" name="CrossProductConfirmsRightHandedCoordinates" />
    </UnitTest>
    <UnitTest name="BrushForge.Tests.Geometry.BrushModelTests.PlanePointsRetainOrientedPlane" storage="c:\development\brushforge\tests\brushforge.tests\bin\debug\net10.0\brushforge.tests.dll" id="0fda2d90-6835-846c-e31e-da9bc47cdb0d">
      <Execution id="88504342-a20d-463f-b73b-e9d4ef1d720f" />
      <TestMethod codeBase="C:\Development\BrushForge\tests\BrushForge.Tests\bin\Debug\net10.0\BrushForge.Tests.dll" adapterTypeName="executor://xunit/VsTestRunner3/netcore/" className="BrushForge.Tests.Geometry.BrushModelTests" name="PlanePointsRetainOrientedPlane" />
    </UnitTest>
    <UnitTest name="BrushForge.Tests.Core.CoordinateInfrastructureTests.CoordinateSystemUsesRightHandedZUpConvention" storage="c:\development\brushforge\tests\brushforge.tests\bin\debug\net10.0\brushforge.tests.dll" id="2c3eaba2-e25f-3c90-0990-cb956d8058ba">
      <Execution id="f91a73c3-049f-4e18-ad2d-5fc4d5338298" />
      <TestMethod codeBase="C:\Development\BrushForge\tests\BrushForge.Tests\bin\Debug\net10.0\BrushForge.Tests.dll" adapterTypeName="executor://xunit/VsTestRunner3/netcore/" className="BrushForge.Tests.Core.CoordinateInfrastructureTests" name="CoordinateSystemUsesRightHandedZUpConvention" />
    </UnitTest>
    <UnitTest name="BrushForge.Tests.Core.CoordinateInfrastructureTests.GridSnappingUsesMidpointAwayFromZero(input: 12, expected: 16)" storage="c:\development\brushforge\tests\brushforge.tests\bin\debug\net10.0\brushforge.tests.dll" id="bc23beff-11e3-1085-1a60-00dcc32c6483">
      <Execution id="863ebe7d-5d82-48c9-a083-036f076b40fd" />
      <TestMethod codeBase="C:\Development\BrushForge\tests\BrushForge.Tests\bin\Debug\net10.0\BrushForge.Tests.dll" adapterTypeName="executor://xunit/VsTestRunner3/netcore/" className="BrushForge.Tests.Core.CoordinateInfrastructureTests" name="GridSnappingUsesMidpointAwayFromZero" />
    </UnitTest>
    <UnitTest name="BrushForge.Tests.Geometry.Bounds3dTests.FromPointsCalculatesAllExtents" storage="c:\development\brushforge\tests\brushforge.tests\bin\debug\net10.0\brushforge.tests.dll" id="2e0d34b8-fc2a-5855-9b24-5a4222b002f8">
      <Execution id="f08680e6-1302-41f8-b04b-1141bd2ff2dd" />
      <TestMethod codeBase="C:\Development\BrushForge\tests\BrushForge.Tests\bin\Debug\net10.0\BrushForge.Tests.dll" adapterTypeName="executor://xunit/VsTestRunner3/netcore/" className="BrushForge.Tests.Geometry.Bounds3dTests" name="FromPointsCalculatesAllExtents" />
    </UnitTest>
    <UnitTest name="BrushForge.Tests.Core.CoordinateInfrastructureTests.CoordinateScaleRejectsInvalidValues" storage="c:\development\brushforge\tests\brushforge.tests\bin\debug\net10.0\brushforge.tests.dll" id="5888ae04-814d-f20f-735b-bea869d6e7af">
      <Execution id="3cd8fbbd-ef13-4077-841c-5a144969bc55" />
      <TestMethod codeBase="C:\Development\BrushForge\tests\BrushForge.Tests\bin\Debug\net10.0\BrushForge.Tests.dll" adapterTypeName="executor://xunit/VsTestRunner3/netcore/" className="BrushForge.Tests.Core.CoordinateInfrastructureTests" name="CoordinateScaleRejectsInvalidValues" />
    </UnitTest>
    <UnitTest name="BrushForge.Tests.Geometry.TextureAxisTests.PositiveXWallUsesVerticalVAxis" storage="c:\development\brushforge\tests\brushforge.tests\bin\debug\net10.0\brushforge.tests.dll" id="8eed1e01-7c98-e10b-4b15-af859e282ab9">
      <Execution id="99b0324b-0ea6-4fa8-98f3-e43e378e3067" />
      <TestMethod codeBase="C:\Development\BrushForge\tests\BrushForge.Tests\bin\Debug\net10.0\BrushForge.Tests.dll" adapterTypeName="executor://xunit/VsTestRunner3/netcore/" className="BrushForge.Tests.Geometry.TextureAxisTests" name="PositiveXWallUsesVerticalVAxis" />
    </UnitTest>
    <UnitTest name="BrushForge.Tests.Geometry.BrushModelTests.SixFaceBoxCreatesStructuralBrush" storage="c:\development\brushforge\tests\brushforge.tests\bin\debug\net10.0\brushforge.tests.dll" id="1f5a0601-e77a-708d-306e-717d5ed9bcfb">
      <Execution id="0ac22652-9827-4789-9695-302cc79d4d84" />
      <TestMethod codeBase="C:\Development\BrushForge\tests\BrushForge.Tests\bin\Debug\net10.0\BrushForge.Tests.dll" adapterTypeName="executor://xunit/VsTestRunner3/netcore/" className="BrushForge.Tests.Geometry.BrushModelTests" name="SixFaceBoxCreatesStructuralBrush" />
    </UnitTest>
    <UnitTest name="BrushForge.Tests.Geometry.TextureAxisTests.NinetyDegreeRotationRotatesGeneratedAxes" storage="c:\development\brushforge\tests\brushforge.tests\bin\debug\net10.0\brushforge.tests.dll" id="9aee2fc8-7a4a-56d0-80f5-8aca0854a5ff">
      <Execution id="d822ac19-b147-4f78-93f4-0eb125a7ecb4" />
      <TestMethod codeBase="C:\Development\BrushForge\tests\BrushForge.Tests\bin\Debug\net10.0\BrushForge.Tests.dll" adapterTypeName="executor://xunit/VsTestRunner3/netcore/" className="BrushForge.Tests.Geometry.TextureAxisTests" name="NinetyDegreeRotationRotatesGeneratedAxes" />
    </UnitTest>
    <UnitTest name="BrushForge.Tests.Geometry.Plane3dTests.CollinearPointsAreRejected" storage="c:\development\brushforge\tests\brushforge.tests\bin\debug\net10.0\brushforge.tests.dll" id="60f297e0-04e8-5e53-cc79-510134612bd8">
      <Execution id="4cf8df0c-0566-4aa1-a14f-c05edb202f2b" />
      <TestMethod codeBase="C:\Development\BrushForge\tests\BrushForge.Tests\bin\Debug\net10.0\BrushForge.Tests.dll" adapterTypeName="executor://xunit/VsTestRunner3/netcore/" className="BrushForge.Tests.Geometry.Plane3dTests" name="CollinearPointsAreRejected" />
    </UnitTest>
    <UnitTest name="BrushForge.Tests.Geometry.Vector3dTests.DistanceUsesThreeDimensionalCoordinates" storage="c:\development\brushforge\tests\brushforge.tests\bin\debug\net10.0\brushforge.tests.dll" id="15fa42c5-7d36-fd04-9ad2-2c37a71580b9">
      <Execution id="22d00253-4e1c-4373-8ad9-b1e75518d87d" />
      <TestMethod codeBase="C:\Development\BrushForge\tests\BrushForge.Tests\bin\Debug\net10.0\BrushForge.Tests.dll" adapterTypeName="executor://xunit/VsTestRunner3/netcore/" className="BrushForge.Tests.Geometry.Vector3dTests" name="DistanceUsesThreeDimensionalCoordinates" />
    </UnitTest>
  </TestDefinitions>
  <TestEntries>
    <TestEntry testId="2c3685a4-d415-c41b-8284-132275282f5e" executionId="1b9a3838-7b67-4eb9-8630-6f7fca91ba2c" testListId="8c84fa94-04c1-424b-9868-57a2d4851a1d" />
    <TestEntry testId="cc6f3adc-eb1d-5ebe-a00a-9784e32498cd" executionId="060d6fa4-fbd7-4824-a2c4-6a303e1251e2" testListId="8c84fa94-04c1-424b-9868-57a2d4851a1d" />
    <TestEntry testId="e7b3d1a4-4077-88b1-beb9-4ddafc1d0541" executionId="b78368cb-da01-468f-a73e-a85b5a98ffae" testListId="8c84fa94-04c1-424b-9868-57a2d4851a1d" />
    <TestEntry testId="2c0f3fae-ada8-2367-8c2c-a32a146948b6" executionId="e5e6bc3e-22db-4ea7-bfc6-0348ba9e5fd9" testListId="8c84fa94-04c1-424b-9868-57a2d4851a1d" />
    <TestEntry testId="62a75a68-c3d6-bd50-455f-de1bc7e5b295" executionId="ebe8e6b3-bc11-480a-aefc-b98b4c32d293" testListId="8c84fa94-04c1-424b-9868-57a2d4851a1d" />
    <TestEntry testId="15fa42c5-7d36-fd04-9ad2-2c37a71580b9" executionId="22d00253-4e1c-4373-8ad9-b1e75518d87d" testListId="8c84fa94-04c1-424b-9868-57a2d4851a1d" />
    <TestEntry testId="5888ae04-814d-f20f-735b-bea869d6e7af" executionId="3cd8fbbd-ef13-4077-841c-5a144969bc55" testListId="8c84fa94-04c1-424b-9868-57a2d4851a1d" />
    <TestEntry testId="21f023ac-19e9-0f24-0800-5b19bdb02bff" executionId="b25e3120-7158-4da4-81cc-c46e43c5a338" testListId="8c84fa94-04c1-424b-9868-57a2d4851a1d" />
    <TestEntry testId="b3e60353-dcf1-95e6-3f43-684c87cd6fe2" executionId="f9ae482b-3e6b-4e85-b8c1-24808bdeeff8" testListId="8c84fa94-04c1-424b-9868-57a2d4851a1d" />
    <TestEntry testId="fd8d74b6-e32e-48da-ccd2-7d864e749cb3" executionId="3f37bc14-d964-4310-8847-093eb8681201" testListId="8c84fa94-04c1-424b-9868-57a2d4851a1d" />
    <TestEntry testId="2c3eaba2-e25f-3c90-0990-cb956d8058ba" executionId="f91a73c3-049f-4e18-ad2d-5fc4d5338298" testListId="8c84fa94-04c1-424b-9868-57a2d4851a1d" />
    <TestEntry testId="200f487e-a132-cf8b-38d7-616143c0dcf2" executionId="7b3bb45d-01eb-4458-9548-85d6667c9d9b" testListId="8c84fa94-04c1-424b-9868-57a2d4851a1d" />
    <TestEntry testId="983d99fe-7c54-b71a-3beb-1f17757ff024" executionId="bffbb701-bce0-43a7-bf5d-20b5d8903dc8" testListId="8c84fa94-04c1-424b-9868-57a2d4851a1d" />
    <TestEntry testId="f1a61163-fbd2-9172-892b-f4f77428718e" executionId="52ef9024-d453-4038-aac6-f44f869623f6" testListId="8c84fa94-04c1-424b-9868-57a2d4851a1d" />
    <TestEntry testId="7b158493-285d-980b-f303-a21442654683" executionId="f39f2259-ea7e-41fd-a775-1a6989cc9c87" testListId="8c84fa94-04c1-424b-9868-57a2d4851a1d" />
    <TestEntry testId="90e96c3b-8a38-075a-b489-8bcd62fc7ba6" executionId="566caf7d-e36a-442b-9071-f633a6577502" testListId="8c84fa94-04c1-424b-9868-57a2d4851a1d" />
    <TestEntry testId="a8e31f13-97e5-9d0c-89c9-4e705f3d46d8" executionId="618b897e-e42d-46e3-a999-e9a75836a8d3" testListId="8c84fa94-04c1-424b-9868-57a2d4851a1d" />
    <TestEntry testId="0fda2d90-6835-846c-e31e-da9bc47cdb0d" executionId="88504342-a20d-463f-b73b-e9d4ef1d720f" testListId="8c84fa94-04c1-424b-9868-57a2d4851a1d" />
    <TestEntry testId="e8ed5ac7-906e-c1cc-d1ff-b8b1f6225f8f" executionId="2ed57fa6-55b6-4d8a-85cd-17f24037420c" testListId="8c84fa94-04c1-424b-9868-57a2d4851a1d" />
    <TestEntry testId="664c585c-1f4a-f0e3-c773-e5b30755fd00" executionId="ab0e16b4-d20b-4a40-85fd-1399b7f31218" testListId="8c84fa94-04c1-424b-9868-57a2d4851a1d" />
    <TestEntry testId="b0037b9c-5860-1854-d3bd-8a88422a7069" executionId="c85ee975-636f-4c26-97ed-3ca0bd9cd904" testListId="8c84fa94-04c1-424b-9868-57a2d4851a1d" />
    <TestEntry testId="3f0f93ba-f747-e0a2-5a43-e53dca025010" executionId="f1f0e403-56e3-4dd6-95bd-09a60dd6360e" testListId="8c84fa94-04c1-424b-9868-57a2d4851a1d" />
    <TestEntry testId="60f297e0-04e8-5e53-cc79-510134612bd8" executionId="4cf8df0c-0566-4aa1-a14f-c05edb202f2b" testListId="8c84fa94-04c1-424b-9868-57a2d4851a1d" />
    <TestEntry testId="b1b3c74d-f281-3d06-3144-1bd6f4412b2e" executionId="5b520af0-7ace-4a41-acc0-b895796a1472" testListId="8c84fa94-04c1-424b-9868-57a2d4851a1d" />
    <TestEntry testId="8e83f3d1-d379-751e-0737-f1b70917f5b3" executionId="421696e8-8ca2-4c02-914d-508387e47845" testListId="8c84fa94-04c1-424b-9868-57a2d4851a1d" />
    <TestEntry testId="d4245e92-12e4-4f40-5591-8ef053931cfc" executionId="5075411a-fb28-4bfb-9596-49401ec61c56" testListId="8c84fa94-04c1-424b-9868-57a2d4851a1d" />
    <TestEntry testId="8eed1e01-7c98-e10b-4b15-af859e282ab9" executionId="99b0324b-0ea6-4fa8-98f3-e43e378e3067" testListId="8c84fa94-04c1-424b-9868-57a2d4851a1d" />
    <TestEntry testId="bc23beff-11e3-1085-1a60-00dcc32c6483" executionId="863ebe7d-5d82-48c9-a083-036f076b40fd" testListId="8c84fa94-04c1-424b-9868-57a2d4851a1d" />
    <TestEntry testId="9f086c7e-744d-8817-3f8e-9722d8df64c3" executionId="041e219a-e901-41a5-95c1-2b3358c42f8f" testListId="8c84fa94-04c1-424b-9868-57a2d4851a1d" />
    <TestEntry testId="f41d7da2-3e36-66e7-97e7-467b430dd2b7" executionId="4979ae78-f300-462a-b579-00f5c9f86eeb" testListId="8c84fa94-04c1-424b-9868-57a2d4851a1d" />
    <TestEntry testId="2e0d34b8-fc2a-5855-9b24-5a4222b002f8" executionId="f08680e6-1302-41f8-b04b-1141bd2ff2dd" testListId="8c84fa94-04c1-424b-9868-57a2d4851a1d" />
    <TestEntry testId="ae535374-62c2-f341-39af-8f6230dc419c" executionId="9beca3b8-85db-4b9f-8b75-93a3c58db615" testListId="8c84fa94-04c1-424b-9868-57a2d4851a1d" />
    <TestEntry testId="1f5a0601-e77a-708d-306e-717d5ed9bcfb" executionId="0ac22652-9827-4789-9695-302cc79d4d84" testListId="8c84fa94-04c1-424b-9868-57a2d4851a1d" />
    <TestEntry testId="12c47706-f724-a5cc-7d9b-c5380c949463" executionId="dc5a8964-3b04-44c9-ac65-7a8bb04508f4" testListId="8c84fa94-04c1-424b-9868-57a2d4851a1d" />
    <TestEntry testId="e88eb188-bbb3-14b7-1b8f-91a3607d6542" executionId="e7ca3c3f-3290-4d77-a947-cb63bceb3f35" testListId="8c84fa94-04c1-424b-9868-57a2d4851a1d" />
    <TestEntry testId="bf9b69c7-ab5e-6535-42f8-fc38dc236417" executionId="25a91ef2-5621-47cb-9e61-909014460401" testListId="8c84fa94-04c1-424b-9868-57a2d4851a1d" />
    <TestEntry testId="46261481-330c-ceec-9c81-690a7d50cfe1" executionId="25f6774f-3d77-490d-a0d4-b57335560df9" testListId="8c84fa94-04c1-424b-9868-57a2d4851a1d" />
    <TestEntry testId="9aee2fc8-7a4a-56d0-80f5-8aca0854a5ff" executionId="d822ac19-b147-4f78-93f4-0eb125a7ecb4" testListId="8c84fa94-04c1-424b-9868-57a2d4851a1d" />
    <TestEntry testId="7261bfe0-4d2e-3ea8-2999-747ec7c8fc0d" executionId="83f17258-4997-4a9d-a4dd-aa46a446a4cd" testListId="8c84fa94-04c1-424b-9868-57a2d4851a1d" />
    <TestEntry testId="8a54ad06-ae36-fad4-ccd3-cbe7ee1682ab" executionId="e8b0afc9-1d01-4d0d-921c-7211a4046650" testListId="8c84fa94-04c1-424b-9868-57a2d4851a1d" />
    <TestEntry testId="3d1fa1eb-3fa9-17b9-39a3-9c77f851763a" executionId="9aa9bd42-96ea-47af-b0ff-d226da538f85" testListId="8c84fa94-04c1-424b-9868-57a2d4851a1d" />
    <TestEntry testId="e13e8b81-c540-3407-3f6a-35fb37f4dd29" executionId="5a0bd37e-7516-4f9b-a7c1-588e3234cf1a" testListId="8c84fa94-04c1-424b-9868-57a2d4851a1d" />
    <TestEntry testId="a6daafc8-3cbc-df7a-1672-463bc612a36f" executionId="b5fc929e-1c59-4c43-92b0-053ca7113232" testListId="8c84fa94-04c1-424b-9868-57a2d4851a1d" />
    <TestEntry testId="186a33b5-f158-e2cd-8a06-34ecb0dffbbe" executionId="28be4737-6b44-4711-b4f8-c0d28ea3f81a" testListId="8c84fa94-04c1-424b-9868-57a2d4851a1d" />
  </TestEntries>
  <TestLists>
    <TestList name="Results Not in a List" id="8c84fa94-04c1-424b-9868-57a2d4851a1d" />
    <TestList name="All Loaded Results" id="19431567-8539-422a-85d7-44ee4e166bda" />
  </TestLists>
  <ResultSummary outcome="Completed">
    <Counters total="44" executed="44" passed="44" failed="0" error="0" timeout="0" aborted="0" inconclusive="0" passedButRunAborted="0" notRunnable="0" notExecuted="0" disconnected="0" warning="0" completed="0" inProgress="0" pending="0" />
    <Output>
      <StdOut>[xUnit.net 00:00:00.00] xUnit.net VSTest Adapter v3.1.4+50e68bbb8b (64-bit .NET 10.0.10)&#xD;
[xUnit.net 00:00:00.07]   Discovering: BrushForge.Tests&#xD;
[xUnit.net 00:00:00.12]   Discovered:  BrushForge.Tests&#xD;
[xUnit.net 00:00:00.14]   Starting:    BrushForge.Tests&#xD;
[xUnit.net 00:00:00.22]   Finished:    BrushForge.Tests&#xD;
</StdOut>
    </Output>
  </ResultSummary>
</TestRun>