<?xml version="1.0" encoding="utf-8"?>
<TestRun id="55e4ff8d-c1dd-49c6-990a-109c09703e71" name="stris@DESKTOP-ICI35TL 2026-08-03 21:56:48" runUser="DESKTOP-ICI35TL\stris" xmlns="http://microsoft.com/schemas/VisualStudio/TeamTest/2010">
  <Times creation="2026-08-03T21:56:48.8941228-05:00" queuing="2026-08-03T21:56:48.8941229-05:00" start="2026-08-03T21:56:48.2083195-05:00" finish="2026-08-03T21:56:48.9315136-05:00" />
  <TestSettings name="default" id="5bf94dbe-c235-4983-b10f-90159f67da4a">
    <Deployment runDeploymentRoot="stris_DESKTOP-ICI35TL_2026-08-03_21_56_48" />
  </TestSettings>
  <Results>
    <UnitTestResult executionId="fb9b1235-906f-471d-92ce-e26f2317693d" testId="12c47706-f724-a5cc-7d9b-c5380c949463" testName="BrushForge.Tests.Core.CoordinateInfrastructureTests.GridSnappingUsesMidpointAwayFromZero(input: -11.9, expected: -8)" computerName="DESKTOP-ICI35TL" duration="00:00:00.0000041" startTime="2026-08-03T21:56:48.8726840-05:00" endTime="2026-08-03T21:56:48.8727305-05:00" testType="13cdc9d9-ddb5-4fa4-a97d-d965ccfc6d4b" outcome="Passed" testListId="8c84fa94-04c1-424b-9868-57a2d4851a1d" relativeResultsDirectory="fb9b1235-906f-471d-92ce-e26f2317693d" />
    <UnitTestResult executionId="2ab6ff41-fc5d-4f0b-8da8-59126dd36f8e" testId="fd8d74b6-e32e-48da-ccd2-7d864e749cb3" testName="BrushForge.Tests.Core.DeterministicRandomTests.IntegerRangeHonorsInclusiveAndExclusiveBounds" computerName="DESKTOP-ICI35TL" duration="00:00:00.0012555" startTime="2026-08-03T21:56:48.8742320-05:00" endTime="2026-08-03T21:56:48.8755726-05:00" testType="13cdc9d9-ddb5-4fa4-a97d-d965ccfc6d4b" outcome="Passed" testListId="8c84fa94-04c1-424b-9868-57a2d4851a1d" relativeResultsDirectory="2ab6ff41-fc5d-4f0b-8da8-59126dd36f8e" />
    <UnitTestResult executionId="df1976fe-2057-42f9-afbe-c49236cb9a95" testId="15fa42c5-7d36-fd04-9ad2-2c37a71580b9" testName="BrushForge.Tests.Geometry.Vector3dTests.DistanceUsesThreeDimensionalCoordinates" computerName="DESKTOP-ICI35TL" duration="00:00:00.1011752" startTime="2026-08-03T21:56:48.7290944-05:00" endTime="2026-08-03T21:56:48.8360122-05:00" testType="13cdc9d9-ddb5-4fa4-a97d-d965ccfc6d4b" outcome="Passed" testListId="8c84fa94-04c1-424b-9868-57a2d4851a1d" relativeResultsDirectory="df1976fe-2057-42f9-afbe-c49236cb9a95" />
    <UnitTestResult executionId="8cc164ac-1366-4ab0-9fdb-b7a3193a4680" testId="21f023ac-19e9-0f24-0800-5b19bdb02bff" testName="BrushForge.Tests.Core.CoordinateInfrastructureTests.GridAlignmentUsesCentralTolerance" computerName="DESKTOP-ICI35TL" duration="00:00:00.0001876" startTime="2026-08-03T21:56:48.8748067-05:00" endTime="2026-08-03T21:56:48.8749899-05:00" testType="13cdc9d9-ddb5-4fa4-a97d-d965ccfc6d4b" outcome="Passed" testListId="8c84fa94-04c1-424b-9868-57a2d4851a1d" relativeResultsDirectory="8cc164ac-1366-4ab0-9fdb-b7a3193a4680" />
    <UnitTestResult executionId="011e1252-4fa4-4359-90e0-3b2bbeba00a8" testId="e8ed5ac7-906e-c1cc-d1ff-b8b1f6225f8f" testName="BrushForge.Tests.Geometry.TextureAxisTests.TopFaceUsesValveStyleFloorAxes" computerName="DESKTOP-ICI35TL" duration="00:00:00.0002188" startTime="2026-08-03T21:56:48.8732272-05:00" endTime="2026-08-03T21:56:48.8732699-05:00" testType="13cdc9d9-ddb5-4fa4-a97d-d965ccfc6d4b" outcome="Passed" testListId="8c84fa94-04c1-424b-9868-57a2d4851a1d" relativeResultsDirectory="011e1252-4fa4-4359-90e0-3b2bbeba00a8" />
    <UnitTestResult executionId="8d89db55-0434-4043-9ef8-71e9fa79e592" testId="2c0f3fae-ada8-2367-8c2c-a32a146948b6" testName="BrushForge.Tests.Geometry.Vector3dTests.VectorArithmeticPreservesDoublePrecisionValues" computerName="DESKTOP-ICI35TL" duration="00:00:00.0029233" startTime="2026-08-03T21:56:48.8705188-05:00" endTime="2026-08-03T21:56:48.8767537-05:00" testType="13cdc9d9-ddb5-4fa4-a97d-d965ccfc6d4b" outcome="Passed" testListId="8c84fa94-04c1-424b-9868-57a2d4851a1d" relativeResultsDirectory="8d89db55-0434-4043-9ef8-71e9fa79e592" />
    <UnitTestResult executionId="96912cff-b8dd-48c3-8bf7-dffda2afe6ce" testId="5888ae04-814d-f20f-735b-bea869d6e7af" testName="BrushForge.Tests.Core.CoordinateInfrastructureTests.CoordinateScaleRejectsInvalidValues" computerName="DESKTOP-ICI35TL" duration="00:00:00.0006847" startTime="2026-08-03T21:56:48.8754539-05:00" endTime="2026-08-03T21:56:48.8758542-05:00" testType="13cdc9d9-ddb5-4fa4-a97d-d965ccfc6d4b" outcome="Passed" testListId="8c84fa94-04c1-424b-9868-57a2d4851a1d" relativeResultsDirectory="96912cff-b8dd-48c3-8bf7-dffda2afe6ce" />
    <UnitTestResult executionId="fa93a47e-8c53-401a-97cb-10be160a3783" testId="2e0d34b8-fc2a-5855-9b24-5a4222b002f8" testName="BrushForge.Tests.Geometry.Bounds3dTests.FromPointsCalculatesAllExtents" computerName="DESKTOP-ICI35TL" duration="00:00:00.0018303" startTime="2026-08-03T21:56:48.8749464-05:00" endTime="2026-08-03T21:56:48.8766483-05:00" testType="13cdc9d9-ddb5-4fa4-a97d-d965ccfc6d4b" outcome="Passed" testListId="8c84fa94-04c1-424b-9868-57a2d4851a1d" relativeResultsDirectory="fa93a47e-8c53-401a-97cb-10be160a3783" />
    <UnitTestResult executionId="af288b23-e739-46d4-ba1b-28642dfdcf24" testId="8e83f3d1-d379-751e-0737-f1b70917f5b3" testName="BrushForge.Tests.Core.DiagnosticTests.SnapshotIsIndependentFromLaterChanges" computerName="DESKTOP-ICI35TL" duration="00:00:00.0017807" startTime="2026-08-03T21:56:48.8798237-05:00" endTime="2026-08-03T21:56:48.8801837-05:00" testType="13cdc9d9-ddb5-4fa4-a97d-d965ccfc6d4b" outcome="Passed" testListId="8c84fa94-04c1-424b-9868-57a2d4851a1d" relativeResultsDirectory="af288b23-e739-46d4-ba1b-28642dfdcf24" />
    <UnitTestResult executionId="b9413fb1-8da9-485b-a671-8b3c6a6c46c8" testId="e88eb188-bbb3-14b7-1b8f-91a3607d6542" testName="BrushForge.Tests.Core.CoordinateInfrastructureTests.GridSnappingUsesMidpointAwayFromZero(input: 11.9, expected: 8)" computerName="DESKTOP-ICI35TL" duration="00:00:00.1011745" startTime="2026-08-03T21:56:48.7310740-05:00" endTime="2026-08-03T21:56:48.8410852-05:00" testType="13cdc9d9-ddb5-4fa4-a97d-d965ccfc6d4b" outcome="Passed" testListId="8c84fa94-04c1-424b-9868-57a2d4851a1d" relativeResultsDirectory="b9413fb1-8da9-485b-a671-8b3c6a6c46c8" />
    <UnitTestResult executionId="90cc3aab-90d6-4327-8498-0a60f346f665" testId="664c585c-1f4a-f0e3-c773-e5b30755fd00" testName="BrushForge.Tests.Core.CoordinateInfrastructureTests.GridSnappingUsesMidpointAwayFromZero(input: -12, expected: -16)" computerName="DESKTOP-ICI35TL" duration="00:00:00.0000062" startTime="2026-08-03T21:56:48.8709245-05:00" endTime="2026-08-03T21:56:48.8709704-05:00" testType="13cdc9d9-ddb5-4fa4-a97d-d965ccfc6d4b" outcome="Passed" testListId="8c84fa94-04c1-424b-9868-57a2d4851a1d" relativeResultsDirectory="90cc3aab-90d6-4327-8498-0a60f346f665" />
    <UnitTestResult executionId="58700605-a6a6-4eb1-aae9-c20b17717cb2" testId="e13e8b81-c540-3407-3f6a-35fb37f4dd29" testName="BrushForge.Tests.Core.DeterministicRandomTests.UnitDoubleNeverReachesOne" computerName="DESKTOP-ICI35TL" duration="00:00:00.0001878" startTime="2026-08-03T21:56:48.8703998-05:00" endTime="2026-08-03T21:56:48.8729615-05:00" testType="13cdc9d9-ddb5-4fa4-a97d-d965ccfc6d4b" outcome="Passed" testListId="8c84fa94-04c1-424b-9868-57a2d4851a1d" relativeResultsDirectory="58700605-a6a6-4eb1-aae9-c20b17717cb2" />
    <UnitTestResult executionId="bb105348-a545-4b42-afe2-c4a9f50805ba" testId="bc23beff-11e3-1085-1a60-00dcc32c6483" testName="BrushForge.Tests.Core.CoordinateInfrastructureTests.GridSnappingUsesMidpointAwayFromZero(input: 12, expected: 16)" computerName="DESKTOP-ICI35TL" duration="00:00:00.0000045" startTime="2026-08-03T21:56:48.8710557-05:00" endTime="2026-08-03T21:56:48.8710943-05:00" testType="13cdc9d9-ddb5-4fa4-a97d-d965ccfc6d4b" outcome="Passed" testListId="8c84fa94-04c1-424b-9868-57a2d4851a1d" relativeResultsDirectory="bb105348-a545-4b42-afe2-c4a9f50805ba" />
    <UnitTestResult executionId="9a948f04-240d-4115-bf8f-b10d79f83ef9" testId="200f487e-a132-cf8b-38d7-616143c0dcf2" testName="BrushForge.Tests.Geometry.Plane3dTests.ConstructorNormalizesNormalAndDistance" computerName="DESKTOP-ICI35TL" duration="00:00:00.0029135" startTime="2026-08-03T21:56:48.8706148-05:00" endTime="2026-08-03T21:56:48.8767138-05:00" testType="13cdc9d9-ddb5-4fa4-a97d-d965ccfc6d4b" outcome="Passed" testListId="8c84fa94-04c1-424b-9868-57a2d4851a1d" relativeResultsDirectory="9a948f04-240d-4115-bf8f-b10d79f83ef9" />
    <UnitTestResult executionId="370fc386-d03a-4a3b-b9af-8b8875982df3" testId="0fda2d90-6835-846c-e31e-da9bc47cdb0d" testName="BrushForge.Tests.Geometry.BrushModelTests.PlanePointsRetainOrientedPlane" computerName="DESKTOP-ICI35TL" duration="00:00:00.0000971" startTime="2026-08-03T21:56:48.8737087-05:00" endTime="2026-08-03T21:56:48.8744210-05:00" testType="13cdc9d9-ddb5-4fa4-a97d-d965ccfc6d4b" outcome="Passed" testListId="8c84fa94-04c1-424b-9868-57a2d4851a1d" relativeResultsDirectory="370fc386-d03a-4a3b-b9af-8b8875982df3" />
    <UnitTestResult executionId="fbfb3175-0e13-47ab-b4a7-15e110630284" testId="7261bfe0-4d2e-3ea8-2999-747ec7c8fc0d" testName="BrushForge.Tests.Geometry.TextureAxisTests.ParallelTextureAxesAreRejected" computerName="DESKTOP-ICI35TL" duration="00:00:00.0003529" startTime="2026-08-03T21:56:48.8735330-05:00" endTime="2026-08-03T21:56:48.8745644-05:00" testType="13cdc9d9-ddb5-4fa4-a97d-d965ccfc6d4b" outcome="Passed" testListId="8c84fa94-04c1-424b-9868-57a2d4851a1d" relativeResultsDirectory="fbfb3175-0e13-47ab-b4a7-15e110630284" />
    <UnitTestResult executionId="3907f7f6-9e82-441c-ad43-9b94ad922661" testId="7b158493-285d-980b-f303-a21442654683" testName="BrushForge.Tests.Geometry.Bounds3dTests.SizeAndCenterAreCalculatedCorrectly" computerName="DESKTOP-ICI35TL" duration="00:00:00.0002589" startTime="2026-08-03T21:56:48.8773105-05:00" endTime="2026-08-03T21:56:48.8775799-05:00" testType="13cdc9d9-ddb5-4fa4-a97d-d965ccfc6d4b" outcome="Passed" testListId="8c84fa94-04c1-424b-9868-57a2d4851a1d" relativeResultsDirectory="3907f7f6-9e82-441c-ad43-9b94ad922661" />
    <UnitTestResult executionId="db5a169a-79ae-4715-b55b-4c34ccbe72f4" testId="9f086c7e-744d-8817-3f8e-9722d8df64c3" testName="BrushForge.Tests.Geometry.Vector3dTests.CrossProductConfirmsRightHandedCoordinates" computerName="DESKTOP-ICI35TL" duration="00:00:00.0001172" startTime="2026-08-03T21:56:48.8783248-05:00" endTime="2026-08-03T21:56:48.8783630-05:00" testType="13cdc9d9-ddb5-4fa4-a97d-d965ccfc6d4b" outcome="Passed" testListId="8c84fa94-04c1-424b-9868-57a2d4851a1d" relativeResultsDirectory="db5a169a-79ae-4715-b55b-4c34ccbe72f4" />
    <UnitTestResult executionId="98ec0c5a-1057-4554-b888-15927e4c76d7" testId="983d99fe-7c54-b71a-3beb-1f17757ff024" testName="BrushForge.Tests.Geometry.Plane3dTests.ProjectionMovesPointOntoPlane" computerName="DESKTOP-ICI35TL" duration="00:00:00.0003156" startTime="2026-08-03T21:56:48.8773451-05:00" endTime="2026-08-03T21:56:48.8778061-05:00" testType="13cdc9d9-ddb5-4fa4-a97d-d965ccfc6d4b" outcome="Passed" testListId="8c84fa94-04c1-424b-9868-57a2d4851a1d" relativeResultsDirectory="98ec0c5a-1057-4554-b888-15927e4c76d7" />
    <UnitTestResult executionId="6a3f2bbc-e2bd-429f-b2e7-df9044a15c3f" testId="8eed1e01-7c98-e10b-4b15-af859e282ab9" testName="BrushForge.Tests.Geometry.TextureAxisTests.PositiveXWallUsesVerticalVAxis" computerName="DESKTOP-ICI35TL" duration="00:00:00.1004865" startTime="2026-08-03T21:56:48.7310940-05:00" endTime="2026-08-03T21:56:48.8410651-05:00" testType="13cdc9d9-ddb5-4fa4-a97d-d965ccfc6d4b" outcome="Passed" testListId="8c84fa94-04c1-424b-9868-57a2d4851a1d" relativeResultsDirectory="6a3f2bbc-e2bd-429f-b2e7-df9044a15c3f" />
    <UnitTestResult executionId="f3d15bd4-c4d6-4229-96b9-0fdd497e1f8a" testId="9aee2fc8-7a4a-56d0-80f5-8aca0854a5ff" testName="BrushForge.Tests.Geometry.TextureAxisTests.NinetyDegreeRotationRotatesGeneratedAxes" computerName="DESKTOP-ICI35TL" duration="00:00:00.0002094" startTime="2026-08-03T21:56:48.8703782-05:00" endTime="2026-08-03T21:56:48.8731197-05:00" testType="13cdc9d9-ddb5-4fa4-a97d-d965ccfc6d4b" outcome="Passed" testListId="8c84fa94-04c1-424b-9868-57a2d4851a1d" relativeResultsDirectory="f3d15bd4-c4d6-4229-96b9-0fdd497e1f8a" />
    <UnitTestResult executionId="09f9d515-85f7-4790-bd17-769e6db23bf7" testId="8a54ad06-ae36-fad4-ccd3-cbe7ee1682ab" testName="BrushForge.Tests.Geometry.BrushModelTests.BrushFaceGeneratesTextureAxes" computerName="DESKTOP-ICI35TL" duration="00:00:00.0011501" startTime="2026-08-03T21:56:48.8745243-05:00" endTime="2026-08-03T21:56:48.8756663-05:00" testType="13cdc9d9-ddb5-4fa4-a97d-d965ccfc6d4b" outcome="Passed" testListId="8c84fa94-04c1-424b-9868-57a2d4851a1d" relativeResultsDirectory="09f9d515-85f7-4790-bd17-769e6db23bf7" />
    <UnitTestResult executionId="14720258-a652-41f1-8b93-8d7b3a2a6a49" testId="a6daafc8-3cbc-df7a-1672-463bc612a36f" testName="BrushForge.Tests.Core.DiagnosticTests.DiagnosticBagTracksWarningsAndErrors" computerName="DESKTOP-ICI35TL" duration="00:00:00.0043475" startTime="2026-08-03T21:56:48.8704830-05:00" endTime="2026-08-03T21:56:48.8792453-05:00" testType="13cdc9d9-ddb5-4fa4-a97d-d965ccfc6d4b" outcome="Passed" testListId="8c84fa94-04c1-424b-9868-57a2d4851a1d" relativeResultsDirectory="14720258-a652-41f1-8b93-8d7b3a2a6a49" />
    <UnitTestResult executionId="e8da8569-cbb6-422d-9c7d-cd31e946d136" testId="b3e60353-dcf1-95e6-3f43-684c87cd6fe2" testName="BrushForge.Tests.Geometry.Vector3dTests.NormalizeProducesUnitLength" computerName="DESKTOP-ICI35TL" duration="00:00:00.0002420" startTime="2026-08-03T21:56:48.8773639-05:00" endTime="2026-08-03T21:56:48.8774667-05:00" testType="13cdc9d9-ddb5-4fa4-a97d-d965ccfc6d4b" outcome="Passed" testListId="8c84fa94-04c1-424b-9868-57a2d4851a1d" relativeResultsDirectory="e8da8569-cbb6-422d-9c7d-cd31e946d136" />
    <UnitTestResult executionId="01321b55-df59-4caa-8d50-d7528b1bac84" testId="b1b3c74d-f281-3d06-3144-1bd6f4412b2e" testName="BrushForge.Tests.Geometry.BrushModelTests.BrushRejectsDuplicateFacePlanes" computerName="DESKTOP-ICI35TL" duration="00:00:00.1026421" startTime="2026-08-03T21:56:48.7303276-05:00" endTime="2026-08-03T21:56:48.8476241-05:00" testType="13cdc9d9-ddb5-4fa4-a97d-d965ccfc6d4b" outcome="Passed" testListId="8c84fa94-04c1-424b-9868-57a2d4851a1d" relativeResultsDirectory="01321b55-df59-4caa-8d50-d7528b1bac84" />
    <UnitTestResult executionId="3ac3d631-0e2b-401d-becb-8fa124349a30" testId="3d1fa1eb-3fa9-17b9-39a3-9c77f851763a" testName="BrushForge.Tests.Geometry.Bounds3dTests.ContainsIncludesBoundaryPoints" computerName="DESKTOP-ICI35TL" duration="00:00:00.0005388" startTime="2026-08-03T21:56:48.8705489-05:00" endTime="2026-08-03T21:56:48.8742694-05:00" testType="13cdc9d9-ddb5-4fa4-a97d-d965ccfc6d4b" outcome="Passed" testListId="8c84fa94-04c1-424b-9868-57a2d4851a1d" relativeResultsDirectory="3ac3d631-0e2b-401d-becb-8fa124349a30" />
    <UnitTestResult executionId="85393b28-6103-46c2-9444-b7afb6457140" testId="46261481-330c-ceec-9c81-690a7d50cfe1" testName="BrushForge.Tests.Core.CoordinateInfrastructureTests.CoordinateScaleConvertsInBothDirections" computerName="DESKTOP-ICI35TL" duration="00:00:00.0008300" startTime="2026-08-03T21:56:48.8729187-05:00" endTime="2026-08-03T21:56:48.8747067-05:00" testType="13cdc9d9-ddb5-4fa4-a97d-d965ccfc6d4b" outcome="Passed" testListId="8c84fa94-04c1-424b-9868-57a2d4851a1d" relativeResultsDirectory="85393b28-6103-46c2-9444-b7afb6457140" />
    <UnitTestResult executionId="57b64cb2-b04e-4db3-ae30-45e7426757e1" testId="90e96c3b-8a38-075a-b489-8bcd62fc7ba6" testName="BrushForge.Tests.Core.DeterministicRandomTests.SeedCanRoundTripThroughInvariantText" computerName="DESKTOP-ICI35TL" duration="00:00:00.0034101" startTime="2026-08-03T21:56:48.8757269-05:00" endTime="2026-08-03T21:56:48.8798636-05:00" testType="13cdc9d9-ddb5-4fa4-a97d-d965ccfc6d4b" outcome="Passed" testListId="8c84fa94-04c1-424b-9868-57a2d4851a1d" relativeResultsDirectory="57b64cb2-b04e-4db3-ae30-45e7426757e1" />
    <UnitTestResult executionId="1bbe9cbc-3aa3-4724-96c9-b358f9509468" testId="f41d7da2-3e36-66e7-97e7-467b430dd2b7" testName="BrushForge.Tests.Core.CoordinateInfrastructureTests.GridSnappingUsesMidpointAwayFromZero(input: 0, expected: 0)" computerName="DESKTOP-ICI35TL" duration="00:00:00.0003592" startTime="2026-08-03T21:56:48.8475752-05:00" endTime="2026-08-03T21:56:48.8707068-05:00" testType="13cdc9d9-ddb5-4fa4-a97d-d965ccfc6d4b" outcome="Passed" testListId="8c84fa94-04c1-424b-9868-57a2d4851a1d" relativeResultsDirectory="1bbe9cbc-3aa3-4724-96c9-b358f9509468" />
    <UnitTestResult executionId="a506ac75-81cd-4b22-9cb2-3482cbaf7e1b" testId="62a75a68-c3d6-bd50-455f-de1bc7e5b295" testName="BrushForge.Tests.Geometry.TextureAxisTests.GeneratedOffsetsAndScaleArePreserved" computerName="DESKTOP-ICI35TL" duration="00:00:00.0003834" startTime="2026-08-03T21:56:48.8746671-05:00" endTime="2026-08-03T21:56:48.8754994-05:00" testType="13cdc9d9-ddb5-4fa4-a97d-d965ccfc6d4b" outcome="Passed" testListId="8c84fa94-04c1-424b-9868-57a2d4851a1d" relativeResultsDirectory="a506ac75-81cd-4b22-9cb2-3482cbaf7e1b" />
    <UnitTestResult executionId="28060d56-8972-4aa1-a8a0-001a832df955" testId="3f0f93ba-f747-e0a2-5a43-e53dca025010" testName="BrushForge.Tests.Core.DeterministicRandomTests.EqualSeedsProduceEqualSequences" computerName="DESKTOP-ICI35TL" duration="00:00:00.0002694" startTime="2026-08-03T21:56:48.8730716-05:00" endTime="2026-08-03T21:56:48.8736130-05:00" testType="13cdc9d9-ddb5-4fa4-a97d-d965ccfc6d4b" outcome="Passed" testListId="8c84fa94-04c1-424b-9868-57a2d4851a1d" relativeResultsDirectory="28060d56-8972-4aa1-a8a0-001a832df955" />
    <UnitTestResult executionId="54cd0d23-fa6f-4477-be2d-9e1b769c7d72" testId="bf9b69c7-ab5e-6535-42f8-fc38dc236417" testName="BrushForge.Tests.Core.DeterministicRandomTests.TextSeedHashIsStable" computerName="DESKTOP-ICI35TL" duration="00:00:00.0000860" startTime="2026-08-03T21:56:48.8799758-05:00" endTime="2026-08-03T21:56:48.8800154-05:00" testType="13cdc9d9-ddb5-4fa4-a97d-d965ccfc6d4b" outcome="Passed" testListId="8c84fa94-04c1-424b-9868-57a2d4851a1d" relativeResultsDirectory="54cd0d23-fa6f-4477-be2d-9e1b769c7d72" />
    <UnitTestResult executionId="bab1da7b-0726-41a3-82bc-d5175d2ad3bf" testId="d4245e92-12e4-4f40-5591-8ef053931cfc" testName="BrushForge.Tests.Geometry.Vector3dTests.NormalizeRejectsZeroVector" computerName="DESKTOP-ICI35TL" duration="00:00:00.0004581" startTime="2026-08-03T21:56:48.8777207-05:00" endTime="2026-08-03T21:56:48.8781566-05:00" testType="13cdc9d9-ddb5-4fa4-a97d-d965ccfc6d4b" outcome="Passed" testListId="8c84fa94-04c1-424b-9868-57a2d4851a1d" relativeResultsDirectory="bab1da7b-0726-41a3-82bc-d5175d2ad3bf" />
    <UnitTestResult executionId="3d35ce09-a533-452d-acc4-13ee4222ac84" testId="f1a61163-fbd2-9172-892b-f4f77428718e" testName="BrushForge.Tests.Geometry.Plane3dTests.FromPointsPreservesRightHandedOrientation" computerName="DESKTOP-ICI35TL" duration="00:00:00.0000982" startTime="2026-08-03T21:56:48.8780534-05:00" endTime="2026-08-03T21:56:48.8780910-05:00" testType="13cdc9d9-ddb5-4fa4-a97d-d965ccfc6d4b" outcome="Passed" testListId="8c84fa94-04c1-424b-9868-57a2d4851a1d" relativeResultsDirectory="3d35ce09-a533-452d-acc4-13ee4222ac84" />
    <UnitTestResult executionId="fdf87a14-22c3-481f-a1fe-b30db4989aed" testId="ae535374-62c2-f341-39af-8f6230dc419c" testName="BrushForge.Tests.Geometry.BrushModelTests.BrushFaceRejectsInvalidTextureName" computerName="DESKTOP-ICI35TL" duration="00:00:00.0004701" startTime="2026-08-03T21:56:48.8704386-05:00" endTime="2026-08-03T21:56:48.8733695-05:00" testType="13cdc9d9-ddb5-4fa4-a97d-d965ccfc6d4b" outcome="Passed" testListId="8c84fa94-04c1-424b-9868-57a2d4851a1d" relativeResultsDirectory="fdf87a14-22c3-481f-a1fe-b30db4989aed" />
    <UnitTestResult executionId="7c3f1689-ad90-463e-ab1b-757789e9ca3a" testId="60f297e0-04e8-5e53-cc79-510134612bd8" testName="BrushForge.Tests.Geometry.Plane3dTests.CollinearPointsAreRejected" computerName="DESKTOP-ICI35TL" duration="00:00:00.0993982" startTime="2026-08-03T21:56:48.7303690-05:00" endTime="2026-08-03T21:56:48.8411045-05:00" testType="13cdc9d9-ddb5-4fa4-a97d-d965ccfc6d4b" outcome="Passed" testListId="8c84fa94-04c1-424b-9868-57a2d4851a1d" relativeResultsDirectory="7c3f1689-ad90-463e-ab1b-757789e9ca3a" />
    <UnitTestResult executionId="0516a0c7-7bad-4aad-8fe9-462dd4f276fa" testId="1f5a0601-e77a-708d-306e-717d5ed9bcfb" testName="BrushForge.Tests.Geometry.BrushModelTests.SixFaceBoxCreatesStructuralBrush" computerName="DESKTOP-ICI35TL" duration="00:00:00.0022166" startTime="2026-08-03T21:56:48.8758145-05:00" endTime="2026-08-03T21:56:48.8791632-05:00" testType="13cdc9d9-ddb5-4fa4-a97d-d965ccfc6d4b" outcome="Passed" testListId="8c84fa94-04c1-424b-9868-57a2d4851a1d" relativeResultsDirectory="0516a0c7-7bad-4aad-8fe9-462dd4f276fa" />
    <UnitTestResult executionId="70fdcdcf-fff1-4826-a944-4c79d6e04293" testId="e7b3d1a4-4077-88b1-beb9-4ddafc1d0541" testName="BrushForge.Tests.Core.DeterministicRandomTests.GeneratorSequenceIsStable" computerName="DESKTOP-ICI35TL" duration="00:00:00.1011502" startTime="2026-08-03T21:56:48.7303502-05:00" endTime="2026-08-03T21:56:48.8418113-05:00" testType="13cdc9d9-ddb5-4fa4-a97d-d965ccfc6d4b" outcome="Passed" testListId="8c84fa94-04c1-424b-9868-57a2d4851a1d" relativeResultsDirectory="70fdcdcf-fff1-4826-a944-4c79d6e04293" />
    <UnitTestResult executionId="b2f2d1b4-18ff-4492-b802-b40b54b13362" testId="cc6f3adc-eb1d-5ebe-a00a-9784e32498cd" testName="BrushForge.Tests.Geometry.Plane3dTests.FlipReversesPlaneOrientation" computerName="DESKTOP-ICI35TL" duration="00:00:00.0002320" startTime="2026-08-03T21:56:48.8782827-05:00" endTime="2026-08-03T21:56:48.8790684-05:00" testType="13cdc9d9-ddb5-4fa4-a97d-d965ccfc6d4b" outcome="Passed" testListId="8c84fa94-04c1-424b-9868-57a2d4851a1d" relativeResultsDirectory="b2f2d1b4-18ff-4492-b802-b40b54b13362" />
    <UnitTestResult executionId="07471ada-60aa-4de0-84ca-b01692cff99f" testId="b0037b9c-5860-1854-d3bd-8a88422a7069" testName="BrushForge.Tests.Geometry.Plane3dTests.SignedDistanceDistinguishesPlaneSides" computerName="DESKTOP-ICI35TL" duration="00:00:00.0001977" startTime="2026-08-03T21:56:48.8779108-05:00" endTime="2026-08-03T21:56:48.8779489-05:00" testType="13cdc9d9-ddb5-4fa4-a97d-d965ccfc6d4b" outcome="Passed" testListId="8c84fa94-04c1-424b-9868-57a2d4851a1d" relativeResultsDirectory="07471ada-60aa-4de0-84ca-b01692cff99f" />
    <UnitTestResult executionId="058ab37d-1b07-4d9a-984b-e795ef5e981e" testId="2c3eaba2-e25f-3c90-0990-cb956d8058ba" testName="BrushForge.Tests.Core.CoordinateInfrastructureTests.CoordinateSystemUsesRightHandedZUpConvention" computerName="DESKTOP-ICI35TL" duration="00:00:00.0041436" startTime="2026-08-03T21:56:48.8759576-05:00" endTime="2026-08-03T21:56:48.8801019-05:00" testType="13cdc9d9-ddb5-4fa4-a97d-d965ccfc6d4b" outcome="Passed" testListId="8c84fa94-04c1-424b-9868-57a2d4851a1d" relativeResultsDirectory="058ab37d-1b07-4d9a-984b-e795ef5e981e" />
    <UnitTestResult executionId="7f91a48b-0844-49b2-aed9-20c27047baae" testId="186a33b5-f158-e2cd-8a06-34ecb0dffbbe" testName="BrushForge.Tests.Core.DiagnosticTests.DiagnosticRequiresCodeAndMessage" computerName="DESKTOP-ICI35TL" duration="00:00:00.0994376" startTime="2026-08-03T21:56:48.7302948-05:00" endTime="2026-08-03T21:56:48.8409726-05:00" testType="13cdc9d9-ddb5-4fa4-a97d-d965ccfc6d4b" outcome="Passed" testListId="8c84fa94-04c1-424b-9868-57a2d4851a1d" relativeResultsDirectory="7f91a48b-0844-49b2-aed9-20c27047baae" />
    <UnitTestResult executionId="e26744e2-8186-42b7-b634-3eb3b61d167d" testId="a8e31f13-97e5-9d0c-89c9-4e705f3d46d8" testName="BrushForge.Tests.Geometry.Bounds3dTests.IntersectsDetectsTouchingBounds" computerName="DESKTOP-ICI35TL" duration="00:00:00.0994025" startTime="2026-08-03T21:56:48.7310462-05:00" endTime="2026-08-03T21:56:48.8410426-05:00" testType="13cdc9d9-ddb5-4fa4-a97d-d965ccfc6d4b" outcome="Passed" testListId="8c84fa94-04c1-424b-9868-57a2d4851a1d" relativeResultsDirectory="e26744e2-8186-42b7-b634-3eb3b61d167d" />
    <UnitTestResult executionId="ebf19fbf-2ad6-4e46-8bb0-622802c65d87" testId="2c3685a4-d415-c41b-8284-132275282f5e" testName="BrushForge.Tests.Geometry.Bounds3dTests.InvalidMinimumAndMaximumAreRejected" computerName="DESKTOP-ICI35TL" duration="00:00:00.0004905" startTime="2026-08-03T21:56:48.8743786-05:00" endTime="2026-08-03T21:56:48.8748477-05:00" testType="13cdc9d9-ddb5-4fa4-a97d-d965ccfc6d4b" outcome="Passed" testListId="8c84fa94-04c1-424b-9868-57a2d4851a1d" relativeResultsDirectory="ebf19fbf-2ad6-4e46-8bb0-622802c65d87" />
  </Results>
  <TestDefinitions>
    <UnitTest name="BrushForge.Tests.Core.CoordinateInfrastructureTests.CoordinateScaleConvertsInBothDirections" storage="c:\development\brushforge\tests\brushforge.tests\bin\debug\net10.0\brushforge.tests.dll" id="46261481-330c-ceec-9c81-690a7d50cfe1">
      <Execution id="85393b28-6103-46c2-9444-b7afb6457140" />
      <TestMethod codeBase="C:\Development\BrushForge\tests\BrushForge.Tests\bin\Debug\net10.0\BrushForge.Tests.dll" adapterTypeName="executor://xunit/VsTestRunner3/netcore/" className="BrushForge.Tests.Core.CoordinateInfrastructureTests" name="CoordinateScaleConvertsInBothDirections" />
    </UnitTest>
    <UnitTest name="BrushForge.Tests.Geometry.Plane3dTests.FlipReversesPlaneOrientation" storage="c:\development\brushforge\tests\brushforge.tests\bin\debug\net10.0\brushforge.tests.dll" id="cc6f3adc-eb1d-5ebe-a00a-9784e32498cd">
      <Execution id="b2f2d1b4-18ff-4492-b802-b40b54b13362" />
      <TestMethod codeBase="C:\Development\BrushForge\tests\BrushForge.Tests\bin\Debug\net10.0\BrushForge.Tests.dll" adapterTypeName="executor://xunit/VsTestRunner3/netcore/" className="BrushForge.Tests.Geometry.Plane3dTests" name="FlipReversesPlaneOrientation" />
    </UnitTest>
    <UnitTest name="BrushForge.Tests.Geometry.BrushModelTests.BrushRejectsDuplicateFacePlanes" storage="c:\development\brushforge\tests\brushforge.tests\bin\debug\net10.0\brushforge.tests.dll" id="b1b3c74d-f281-3d06-3144-1bd6f4412b2e">
      <Execution id="01321b55-df59-4caa-8d50-d7528b1bac84" />
      <TestMethod codeBase="C:\Development\BrushForge\tests\BrushForge.Tests\bin\Debug\net10.0\BrushForge.Tests.dll" adapterTypeName="executor://xunit/VsTestRunner3/netcore/" className="BrushForge.Tests.Geometry.BrushModelTests" name="BrushRejectsDuplicateFacePlanes" />
    </UnitTest>
    <UnitTest name="BrushForge.Tests.Core.CoordinateInfrastructureTests.GridSnappingUsesMidpointAwayFromZero(input: -11.9, expected: -8)" storage="c:\development\brushforge\tests\brushforge.tests\bin\debug\net10.0\brushforge.tests.dll" id="12c47706-f724-a5cc-7d9b-c5380c949463">
      <Execution id="fb9b1235-906f-471d-92ce-e26f2317693d" />
      <TestMethod codeBase="C:\Development\BrushForge\tests\BrushForge.Tests\bin\Debug\net10.0\BrushForge.Tests.dll" adapterTypeName="executor://xunit/VsTestRunner3/netcore/" className="BrushForge.Tests.Core.CoordinateInfrastructureTests" name="GridSnappingUsesMidpointAwayFromZero" />
    </UnitTest>
    <UnitTest name="BrushForge.Tests.Geometry.Bounds3dTests.ContainsIncludesBoundaryPoints" storage="c:\development\brushforge\tests\brushforge.tests\bin\debug\net10.0\brushforge.tests.dll" id="3d1fa1eb-3fa9-17b9-39a3-9c77f851763a">
      <Execution id="3ac3d631-0e2b-401d-becb-8fa124349a30" />
      <TestMethod codeBase="C:\Development\BrushForge\tests\BrushForge.Tests\bin\Debug\net10.0\BrushForge.Tests.dll" adapterTypeName="executor://xunit/VsTestRunner3/netcore/" className="BrushForge.Tests.Geometry.Bounds3dTests" name="ContainsIncludesBoundaryPoints" />
    </UnitTest>
    <UnitTest name="BrushForge.Tests.Geometry.Plane3dTests.SignedDistanceDistinguishesPlaneSides" storage="c:\development\brushforge\tests\brushforge.tests\bin\debug\net10.0\brushforge.tests.dll" id="b0037b9c-5860-1854-d3bd-8a88422a7069">
      <Execution id="07471ada-60aa-4de0-84ca-b01692cff99f" />
      <TestMethod codeBase="C:\Development\BrushForge\tests\BrushForge.Tests\bin\Debug\net10.0\BrushForge.Tests.dll" adapterTypeName="executor://xunit/VsTestRunner3/netcore/" className="BrushForge.Tests.Geometry.Plane3dTests" name="SignedDistanceDistinguishesPlaneSides" />
    </UnitTest>
    <UnitTest name="BrushForge.Tests.Core.DeterministicRandomTests.EqualSeedsProduceEqualSequences" storage="c:\development\brushforge\tests\brushforge.tests\bin\debug\net10.0\brushforge.tests.dll" id="3f0f93ba-f747-e0a2-5a43-e53dca025010">
      <Execution id="28060d56-8972-4aa1-a8a0-001a832df955" />
      <TestMethod codeBase="C:\Development\BrushForge\tests\BrushForge.Tests\bin\Debug\net10.0\BrushForge.Tests.dll" adapterTypeName="executor://xunit/VsTestRunner3/netcore/" className="BrushForge.Tests.Core.DeterministicRandomTests" name="EqualSeedsProduceEqualSequences" />
    </UnitTest>
    <UnitTest name="BrushForge.Tests.Core.CoordinateInfrastructureTests.GridSnappingUsesMidpointAwayFromZero(input: 0, expected: 0)" storage="c:\development\brushforge\tests\brushforge.tests\bin\debug\net10.0\brushforge.tests.dll" id="f41d7da2-3e36-66e7-97e7-467b430dd2b7">
      <Execution id="1bbe9cbc-3aa3-4724-96c9-b358f9509468" />
      <TestMethod codeBase="C:\Development\BrushForge\tests\BrushForge.Tests\bin\Debug\net10.0\BrushForge.Tests.dll" adapterTypeName="executor://xunit/VsTestRunner3/netcore/" className="BrushForge.Tests.Core.CoordinateInfrastructureTests" name="GridSnappingUsesMidpointAwayFromZero" />
    </UnitTest>
    <UnitTest name="BrushForge.Tests.Geometry.Plane3dTests.ProjectionMovesPointOntoPlane" storage="c:\development\brushforge\tests\brushforge.tests\bin\debug\net10.0\brushforge.tests.dll" id="983d99fe-7c54-b71a-3beb-1f17757ff024">
      <Execution id="98ec0c5a-1057-4554-b888-15927e4c76d7" />
      <TestMethod codeBase="C:\Development\BrushForge\tests\BrushForge.Tests\bin\Debug\net10.0\BrushForge.Tests.dll" adapterTypeName="executor://xunit/VsTestRunner3/netcore/" className="BrushForge.Tests.Geometry.Plane3dTests" name="ProjectionMovesPointOntoPlane" />
    </UnitTest>
    <UnitTest name="BrushForge.Tests.Geometry.Bounds3dTests.SizeAndCenterAreCalculatedCorrectly" storage="c:\development\brushforge\tests\brushforge.tests\bin\debug\net10.0\brushforge.tests.dll" id="7b158493-285d-980b-f303-a21442654683">
      <Execution id="3907f7f6-9e82-441c-ad43-9b94ad922661" />
      <TestMethod codeBase="C:\Development\BrushForge\tests\BrushForge.Tests\bin\Debug\net10.0\BrushForge.Tests.dll" adapterTypeName="executor://xunit/VsTestRunner3/netcore/" className="BrushForge.Tests.Geometry.Bounds3dTests" name="SizeAndCenterAreCalculatedCorrectly" />
    </UnitTest>
    <UnitTest name="BrushForge.Tests.Core.DeterministicRandomTests.SeedCanRoundTripThroughInvariantText" storage="c:\development\brushforge\tests\brushforge.tests\bin\debug\net10.0\brushforge.tests.dll" id="90e96c3b-8a38-075a-b489-8bcd62fc7ba6">
      <Execution id="57b64cb2-b04e-4db3-ae30-45e7426757e1" />
      <TestMethod codeBase="C:\Development\BrushForge\tests\BrushForge.Tests\bin\Debug\net10.0\BrushForge.Tests.dll" adapterTypeName="executor://xunit/VsTestRunner3/netcore/" className="BrushForge.Tests.Core.DeterministicRandomTests" name="SeedCanRoundTripThroughInvariantText" />
    </UnitTest>
    <UnitTest name="BrushForge.Tests.Core.CoordinateInfrastructureTests.GridAlignmentUsesCentralTolerance" storage="c:\development\brushforge\tests\brushforge.tests\bin\debug\net10.0\brushforge.tests.dll" id="21f023ac-19e9-0f24-0800-5b19bdb02bff">
      <Execution id="8cc164ac-1366-4ab0-9fdb-b7a3193a4680" />
      <TestMethod codeBase="C:\Development\BrushForge\tests\BrushForge.Tests\bin\Debug\net10.0\BrushForge.Tests.dll" adapterTypeName="executor://xunit/VsTestRunner3/netcore/" className="BrushForge.Tests.Core.CoordinateInfrastructureTests" name="GridAlignmentUsesCentralTolerance" />
    </UnitTest>
    <UnitTest name="BrushForge.Tests.Geometry.Plane3dTests.ConstructorNormalizesNormalAndDistance" storage="c:\development\brushforge\tests\brushforge.tests\bin\debug\net10.0\brushforge.tests.dll" id="200f487e-a132-cf8b-38d7-616143c0dcf2">
      <Execution id="9a948f04-240d-4115-bf8f-b10d79f83ef9" />
      <TestMethod codeBase="C:\Development\BrushForge\tests\BrushForge.Tests\bin\Debug\net10.0\BrushForge.Tests.dll" adapterTypeName="executor://xunit/VsTestRunner3/netcore/" className="BrushForge.Tests.Geometry.Plane3dTests" name="ConstructorNormalizesNormalAndDistance" />
    </UnitTest>
    <UnitTest name="BrushForge.Tests.Core.DeterministicRandomTests.UnitDoubleNeverReachesOne" storage="c:\development\brushforge\tests\brushforge.tests\bin\debug\net10.0\brushforge.tests.dll" id="e13e8b81-c540-3407-3f6a-35fb37f4dd29">
      <Execution id="58700605-a6a6-4eb1-aae9-c20b17717cb2" />
      <TestMethod codeBase="C:\Development\BrushForge\tests\BrushForge.Tests\bin\Debug\net10.0\BrushForge.Tests.dll" adapterTypeName="executor://xunit/VsTestRunner3/netcore/" className="BrushForge.Tests.Core.DeterministicRandomTests" name="UnitDoubleNeverReachesOne" />
    </UnitTest>
    <UnitTest name="BrushForge.Tests.Core.DiagnosticTests.DiagnosticRequiresCodeAndMessage" storage="c:\development\brushforge\tests\brushforge.tests\bin\debug\net10.0\brushforge.tests.dll" id="186a33b5-f158-e2cd-8a06-34ecb0dffbbe">
      <Execution id="7f91a48b-0844-49b2-aed9-20c27047baae" />
      <TestMethod codeBase="C:\Development\BrushForge\tests\BrushForge.Tests\bin\Debug\net10.0\BrushForge.Tests.dll" adapterTypeName="executor://xunit/VsTestRunner3/netcore/" className="BrushForge.Tests.Core.DiagnosticTests" name="DiagnosticRequiresCodeAndMessage" />
    </UnitTest>
    <UnitTest name="BrushForge.Tests.Core.CoordinateInfrastructureTests.GridSnappingUsesMidpointAwayFromZero(input: 11.9, expected: 8)" storage="c:\development\brushforge\tests\brushforge.tests\bin\debug\net10.0\brushforge.tests.dll" id="e88eb188-bbb3-14b7-1b8f-91a3607d6542">
      <Execution id="b9413fb1-8da9-485b-a671-8b3c6a6c46c8" />
      <TestMethod codeBase="C:\Development\BrushForge\tests\BrushForge.Tests\bin\Debug\net10.0\BrushForge.Tests.dll" adapterTypeName="executor://xunit/VsTestRunner3/netcore/" className="BrushForge.Tests.Core.CoordinateInfrastructureTests" name="GridSnappingUsesMidpointAwayFromZero" />
    </UnitTest>
    <UnitTest name="BrushForge.Tests.Geometry.Vector3dTests.NormalizeRejectsZeroVector" storage="c:\development\brushforge\tests\brushforge.tests\bin\debug\net10.0\brushforge.tests.dll" id="d4245e92-12e4-4f40-5591-8ef053931cfc">
      <Execution id="bab1da7b-0726-41a3-82bc-d5175d2ad3bf" />
      <TestMethod codeBase="C:\Development\BrushForge\tests\BrushForge.Tests\bin\Debug\net10.0\BrushForge.Tests.dll" adapterTypeName="executor://xunit/VsTestRunner3/netcore/" className="BrushForge.Tests.Geometry.Vector3dTests" name="NormalizeRejectsZeroVector" />
    </UnitTest>
    <UnitTest name="BrushForge.Tests.Geometry.TextureAxisTests.TopFaceUsesValveStyleFloorAxes" storage="c:\development\brushforge\tests\brushforge.tests\bin\debug\net10.0\brushforge.tests.dll" id="e8ed5ac7-906e-c1cc-d1ff-b8b1f6225f8f">
      <Execution id="011e1252-4fa4-4359-90e0-3b2bbeba00a8" />
      <TestMethod codeBase="C:\Development\BrushForge\tests\BrushForge.Tests\bin\Debug\net10.0\BrushForge.Tests.dll" adapterTypeName="executor://xunit/VsTestRunner3/netcore/" className="BrushForge.Tests.Geometry.TextureAxisTests" name="TopFaceUsesValveStyleFloorAxes" />
    </UnitTest>
    <UnitTest name="BrushForge.Tests.Geometry.TextureAxisTests.GeneratedOffsetsAndScaleArePreserved" storage="c:\development\brushforge\tests\brushforge.tests\bin\debug\net10.0\brushforge.tests.dll" id="62a75a68-c3d6-bd50-455f-de1bc7e5b295">
      <Execution id="a506ac75-81cd-4b22-9cb2-3482cbaf7e1b" />
      <TestMethod codeBase="C:\Development\BrushForge\tests\BrushForge.Tests\bin\Debug\net10.0\BrushForge.Tests.dll" adapterTypeName="executor://xunit/VsTestRunner3/netcore/" className="BrushForge.Tests.Geometry.TextureAxisTests" name="GeneratedOffsetsAndScaleArePreserved" />
    </UnitTest>
    <UnitTest name="BrushForge.Tests.Geometry.BrushModelTests.BrushFaceRejectsInvalidTextureName" storage="c:\development\brushforge\tests\brushforge.tests\bin\debug\net10.0\brushforge.tests.dll" id="ae535374-62c2-f341-39af-8f6230dc419c">
      <Execution id="fdf87a14-22c3-481f-a1fe-b30db4989aed" />
      <TestMethod codeBase="C:\Development\BrushForge\tests\BrushForge.Tests\bin\Debug\net10.0\BrushForge.Tests.dll" adapterTypeName="executor://xunit/VsTestRunner3/netcore/" className="BrushForge.Tests.Geometry.BrushModelTests" name="BrushFaceRejectsInvalidTextureName" />
    </UnitTest>
    <UnitTest name="BrushForge.Tests.Geometry.Vector3dTests.VectorArithmeticPreservesDoublePrecisionValues" storage="c:\development\brushforge\tests\brushforge.tests\bin\debug\net10.0\brushforge.tests.dll" id="2c0f3fae-ada8-2367-8c2c-a32a146948b6">
      <Execution id="8d89db55-0434-4043-9ef8-71e9fa79e592" />
      <TestMethod codeBase="C:\Development\BrushForge\tests\BrushForge.Tests\bin\Debug\net10.0\BrushForge.Tests.dll" adapterTypeName="executor://xunit/VsTestRunner3/netcore/" className="BrushForge.Tests.Geometry.Vector3dTests" name="VectorArithmeticPreservesDoublePrecisionValues" />
    </UnitTest>
    <UnitTest name="BrushForge.Tests.Core.CoordinateInfrastructureTests.GridSnappingUsesMidpointAwayFromZero(input: -12, expected: -16)" storage="c:\development\brushforge\tests\brushforge.tests\bin\debug\net10.0\brushforge.tests.dll" id="664c585c-1f4a-f0e3-c773-e5b30755fd00">
      <Execution id="90cc3aab-90d6-4327-8498-0a60f346f665" />
      <TestMethod codeBase="C:\Development\BrushForge\tests\BrushForge.Tests\bin\Debug\net10.0\BrushForge.Tests.dll" adapterTypeName="executor://xunit/VsTestRunner3/netcore/" className="BrushForge.Tests.Core.CoordinateInfrastructureTests" name="GridSnappingUsesMidpointAwayFromZero" />
    </UnitTest>
    <UnitTest name="BrushForge.Tests.Geometry.Bounds3dTests.IntersectsDetectsTouchingBounds" storage="c:\development\brushforge\tests\brushforge.tests\bin\debug\net10.0\brushforge.tests.dll" id="a8e31f13-97e5-9d0c-89c9-4e705f3d46d8">
      <Execution id="e26744e2-8186-42b7-b634-3eb3b61d167d" />
      <TestMethod codeBase="C:\Development\BrushForge\tests\BrushForge.Tests\bin\Debug\net10.0\BrushForge.Tests.dll" adapterTypeName="executor://xunit/VsTestRunner3/netcore/" className="BrushForge.Tests.Geometry.Bounds3dTests" name="IntersectsDetectsTouchingBounds" />
    </UnitTest>
    <UnitTest name="BrushForge.Tests.Geometry.TextureAxisTests.ParallelTextureAxesAreRejected" storage="c:\development\brushforge\tests\brushforge.tests\bin\debug\net10.0\brushforge.tests.dll" id="7261bfe0-4d2e-3ea8-2999-747ec7c8fc0d">
      <Execution id="fbfb3175-0e13-47ab-b4a7-15e110630284" />
      <TestMethod codeBase="C:\Development\BrushForge\tests\BrushForge.Tests\bin\Debug\net10.0\BrushForge.Tests.dll" adapterTypeName="executor://xunit/VsTestRunner3/netcore/" className="BrushForge.Tests.Geometry.TextureAxisTests" name="ParallelTextureAxesAreRejected" />
    </UnitTest>
    <UnitTest name="BrushForge.Tests.Core.DeterministicRandomTests.TextSeedHashIsStable" storage="c:\development\brushforge\tests\brushforge.tests\bin\debug\net10.0\brushforge.tests.dll" id="bf9b69c7-ab5e-6535-42f8-fc38dc236417">
      <Execution id="54cd0d23-fa6f-4477-be2d-9e1b769c7d72" />
      <TestMethod codeBase="C:\Development\BrushForge\tests\BrushForge.Tests\bin\Debug\net10.0\BrushForge.Tests.dll" adapterTypeName="executor://xunit/VsTestRunner3/netcore/" className="BrushForge.Tests.Core.DeterministicRandomTests" name="TextSeedHashIsStable" />
    </UnitTest>
    <UnitTest name="BrushForge.Tests.Geometry.Bounds3dTests.InvalidMinimumAndMaximumAreRejected" storage="c:\development\brushforge\tests\brushforge.tests\bin\debug\net10.0\brushforge.tests.dll" id="2c3685a4-d415-c41b-8284-132275282f5e">
      <Execution id="ebf19fbf-2ad6-4e46-8bb0-622802c65d87" />
      <TestMethod codeBase="C:\Development\BrushForge\tests\BrushForge.Tests\bin\Debug\net10.0\BrushForge.Tests.dll" adapterTypeName="executor://xunit/VsTestRunner3/netcore/" className="BrushForge.Tests.Geometry.Bounds3dTests" name="InvalidMinimumAndMaximumAreRejected" />
    </UnitTest>
    <UnitTest name="BrushForge.Tests.Geometry.BrushModelTests.BrushFaceGeneratesTextureAxes" storage="c:\development\brushforge\tests\brushforge.tests\bin\debug\net10.0\brushforge.tests.dll" id="8a54ad06-ae36-fad4-ccd3-cbe7ee1682ab">
      <Execution id="09f9d515-85f7-4790-bd17-769e6db23bf7" />
      <TestMethod codeBase="C:\Development\BrushForge\tests\BrushForge.Tests\bin\Debug\net10.0\BrushForge.Tests.dll" adapterTypeName="executor://xunit/VsTestRunner3/netcore/" className="BrushForge.Tests.Geometry.BrushModelTests" name="BrushFaceGeneratesTextureAxes" />
    </UnitTest>
    <UnitTest name="BrushForge.Tests.Core.DeterministicRandomTests.GeneratorSequenceIsStable" storage="c:\development\brushforge\tests\brushforge.tests\bin\debug\net10.0\brushforge.tests.dll" id="e7b3d1a4-4077-88b1-beb9-4ddafc1d0541">
      <Execution id="70fdcdcf-fff1-4826-a944-4c79d6e04293" />
      <TestMethod codeBase="C:\Development\BrushForge\tests\BrushForge.Tests\bin\Debug\net10.0\BrushForge.Tests.dll" adapterTypeName="executor://xunit/VsTestRunner3/netcore/" className="BrushForge.Tests.Core.DeterministicRandomTests" name="GeneratorSequenceIsStable" />
    </UnitTest>
    <UnitTest name="BrushForge.Tests.Geometry.Vector3dTests.NormalizeProducesUnitLength" storage="c:\development\brushforge\tests\brushforge.tests\bin\debug\net10.0\brushforge.tests.dll" id="b3e60353-dcf1-95e6-3f43-684c87cd6fe2">
      <Execution id="e8da8569-cbb6-422d-9c7d-cd31e946d136" />
      <TestMethod codeBase="C:\Development\BrushForge\tests\BrushForge.Tests\bin\Debug\net10.0\BrushForge.Tests.dll" adapterTypeName="executor://xunit/VsTestRunner3/netcore/" className="BrushForge.Tests.Geometry.Vector3dTests" name="NormalizeProducesUnitLength" />
    </UnitTest>
    <UnitTest name="BrushForge.Tests.Core.DeterministicRandomTests.IntegerRangeHonorsInclusiveAndExclusiveBounds" storage="c:\development\brushforge\tests\brushforge.tests\bin\debug\net10.0\brushforge.tests.dll" id="fd8d74b6-e32e-48da-ccd2-7d864e749cb3">
      <Execution id="2ab6ff41-fc5d-4f0b-8da8-59126dd36f8e" />
      <TestMethod codeBase="C:\Development\BrushForge\tests\BrushForge.Tests\bin\Debug\net10.0\BrushForge.Tests.dll" adapterTypeName="executor://xunit/VsTestRunner3/netcore/" className="BrushForge.Tests.Core.DeterministicRandomTests" name="IntegerRangeHonorsInclusiveAndExclusiveBounds" />
    </UnitTest>
    <UnitTest name="BrushForge.Tests.Core.DiagnosticTests.SnapshotIsIndependentFromLaterChanges" storage="c:\development\brushforge\tests\brushforge.tests\bin\debug\net10.0\brushforge.tests.dll" id="8e83f3d1-d379-751e-0737-f1b70917f5b3">
      <Execution id="af288b23-e739-46d4-ba1b-28642dfdcf24" />
      <TestMethod codeBase="C:\Development\BrushForge\tests\BrushForge.Tests\bin\Debug\net10.0\BrushForge.Tests.dll" adapterTypeName="executor://xunit/VsTestRunner3/netcore/" className="BrushForge.Tests.Core.DiagnosticTests" name="SnapshotIsIndependentFromLaterChanges" />
    </UnitTest>
    <UnitTest name="BrushForge.Tests.Geometry.Plane3dTests.FromPointsPreservesRightHandedOrientation" storage="c:\development\brushforge\tests\brushforge.tests\bin\debug\net10.0\brushforge.tests.dll" id="f1a61163-fbd2-9172-892b-f4f77428718e">
      <Execution id="3d35ce09-a533-452d-acc4-13ee4222ac84" />
      <TestMethod codeBase="C:\Development\BrushForge\tests\BrushForge.Tests\bin\Debug\net10.0\BrushForge.Tests.dll" adapterTypeName="executor://xunit/VsTestRunner3/netcore/" className="BrushForge.Tests.Geometry.Plane3dTests" name="FromPointsPreservesRightHandedOrientation" />
    </UnitTest>
    <UnitTest name="BrushForge.Tests.Core.DiagnosticTests.DiagnosticBagTracksWarningsAndErrors" storage="c:\development\brushforge\tests\brushforge.tests\bin\debug\net10.0\brushforge.tests.dll" id="a6daafc8-3cbc-df7a-1672-463bc612a36f">
      <Execution id="14720258-a652-41f1-8b93-8d7b3a2a6a49" />
      <TestMethod codeBase="C:\Development\BrushForge\tests\BrushForge.Tests\bin\Debug\net10.0\BrushForge.Tests.dll" adapterTypeName="executor://xunit/VsTestRunner3/netcore/" className="BrushForge.Tests.Core.DiagnosticTests" name="DiagnosticBagTracksWarningsAndErrors" />
    </UnitTest>
    <UnitTest name="BrushForge.Tests.Geometry.Vector3dTests.CrossProductConfirmsRightHandedCoordinates" storage="c:\development\brushforge\tests\brushforge.tests\bin\debug\net10.0\brushforge.tests.dll" id="9f086c7e-744d-8817-3f8e-9722d8df64c3">
      <Execution id="db5a169a-79ae-4715-b55b-4c34ccbe72f4" />
      <TestMethod codeBase="C:\Development\BrushForge\tests\BrushForge.Tests\bin\Debug\net10.0\BrushForge.Tests.dll" adapterTypeName="executor://xunit/VsTestRunner3/netcore/" className="BrushForge.Tests.Geometry.Vector3dTests" name="CrossProductConfirmsRightHandedCoordinates" />
    </UnitTest>
    <UnitTest name="BrushForge.Tests.Geometry.BrushModelTests.PlanePointsRetainOrientedPlane" storage="c:\development\brushforge\tests\brushforge.tests\bin\debug\net10.0\brushforge.tests.dll" id="0fda2d90-6835-846c-e31e-da9bc47cdb0d">
      <Execution id="370fc386-d03a-4a3b-b9af-8b8875982df3" />
      <TestMethod codeBase="C:\Development\BrushForge\tests\BrushForge.Tests\bin\Debug\net10.0\BrushForge.Tests.dll" adapterTypeName="executor://xunit/VsTestRunner3/netcore/" className="BrushForge.Tests.Geometry.BrushModelTests" name="PlanePointsRetainOrientedPlane" />
    </UnitTest>
    <UnitTest name="BrushForge.Tests.Core.CoordinateInfrastructureTests.CoordinateSystemUsesRightHandedZUpConvention" storage="c:\development\brushforge\tests\brushforge.tests\bin\debug\net10.0\brushforge.tests.dll" id="2c3eaba2-e25f-3c90-0990-cb956d8058ba">
      <Execution id="058ab37d-1b07-4d9a-984b-e795ef5e981e" />
      <TestMethod codeBase="C:\Development\BrushForge\tests\BrushForge.Tests\bin\Debug\net10.0\BrushForge.Tests.dll" adapterTypeName="executor://xunit/VsTestRunner3/netcore/" className="BrushForge.Tests.Core.CoordinateInfrastructureTests" name="CoordinateSystemUsesRightHandedZUpConvention" />
    </UnitTest>
    <UnitTest name="BrushForge.Tests.Core.CoordinateInfrastructureTests.GridSnappingUsesMidpointAwayFromZero(input: 12, expected: 16)" storage="c:\development\brushforge\tests\brushforge.tests\bin\debug\net10.0\brushforge.tests.dll" id="bc23beff-11e3-1085-1a60-00dcc32c6483">
      <Execution id="bb105348-a545-4b42-afe2-c4a9f50805ba" />
      <TestMethod codeBase="C:\Development\BrushForge\tests\BrushForge.Tests\bin\Debug\net10.0\BrushForge.Tests.dll" adapterTypeName="executor://xunit/VsTestRunner3/netcore/" className="BrushForge.Tests.Core.CoordinateInfrastructureTests" name="GridSnappingUsesMidpointAwayFromZero" />
    </UnitTest>
    <UnitTest name="BrushForge.Tests.Geometry.Bounds3dTests.FromPointsCalculatesAllExtents" storage="c:\development\brushforge\tests\brushforge.tests\bin\debug\net10.0\brushforge.tests.dll" id="2e0d34b8-fc2a-5855-9b24-5a4222b002f8">
      <Execution id="fa93a47e-8c53-401a-97cb-10be160a3783" />
      <TestMethod codeBase="C:\Development\BrushForge\tests\BrushForge.Tests\bin\Debug\net10.0\BrushForge.Tests.dll" adapterTypeName="executor://xunit/VsTestRunner3/netcore/" className="BrushForge.Tests.Geometry.Bounds3dTests" name="FromPointsCalculatesAllExtents" />
    </UnitTest>
    <UnitTest name="BrushForge.Tests.Core.CoordinateInfrastructureTests.CoordinateScaleRejectsInvalidValues" storage="c:\development\brushforge\tests\brushforge.tests\bin\debug\net10.0\brushforge.tests.dll" id="5888ae04-814d-f20f-735b-bea869d6e7af">
      <Execution id="96912cff-b8dd-48c3-8bf7-dffda2afe6ce" />
      <TestMethod codeBase="C:\Development\BrushForge\tests\BrushForge.Tests\bin\Debug\net10.0\BrushForge.Tests.dll" adapterTypeName="executor://xunit/VsTestRunner3/netcore/" className="BrushForge.Tests.Core.CoordinateInfrastructureTests" name="CoordinateScaleRejectsInvalidValues" />
    </UnitTest>
    <UnitTest name="BrushForge.Tests.Geometry.TextureAxisTests.PositiveXWallUsesVerticalVAxis" storage="c:\development\brushforge\tests\brushforge.tests\bin\debug\net10.0\brushforge.tests.dll" id="8eed1e01-7c98-e10b-4b15-af859e282ab9">
      <Execution id="6a3f2bbc-e2bd-429f-b2e7-df9044a15c3f" />
      <TestMethod codeBase="C:\Development\BrushForge\tests\BrushForge.Tests\bin\Debug\net10.0\BrushForge.Tests.dll" adapterTypeName="executor://xunit/VsTestRunner3/netcore/" className="BrushForge.Tests.Geometry.TextureAxisTests" name="PositiveXWallUsesVerticalVAxis" />
    </UnitTest>
    <UnitTest name="BrushForge.Tests.Geometry.BrushModelTests.SixFaceBoxCreatesStructuralBrush" storage="c:\development\brushforge\tests\brushforge.tests\bin\debug\net10.0\brushforge.tests.dll" id="1f5a0601-e77a-708d-306e-717d5ed9bcfb">
      <Execution id="0516a0c7-7bad-4aad-8fe9-462dd4f276fa" />
      <TestMethod codeBase="C:\Development\BrushForge\tests\BrushForge.Tests\bin\Debug\net10.0\BrushForge.Tests.dll" adapterTypeName="executor://xunit/VsTestRunner3/netcore/" className="BrushForge.Tests.Geometry.BrushModelTests" name="SixFaceBoxCreatesStructuralBrush" />
    </UnitTest>
    <UnitTest name="BrushForge.Tests.Geometry.TextureAxisTests.NinetyDegreeRotationRotatesGeneratedAxes" storage="c:\development\brushforge\tests\brushforge.tests\bin\debug\net10.0\brushforge.tests.dll" id="9aee2fc8-7a4a-56d0-80f5-8aca0854a5ff">
      <Execution id="f3d15bd4-c4d6-4229-96b9-0fdd497e1f8a" />
      <TestMethod codeBase="C:\Development\BrushForge\tests\BrushForge.Tests\bin\Debug\net10.0\BrushForge.Tests.dll" adapterTypeName="executor://xunit/VsTestRunner3/netcore/" className="BrushForge.Tests.Geometry.TextureAxisTests" name="NinetyDegreeRotationRotatesGeneratedAxes" />
    </UnitTest>
    <UnitTest name="BrushForge.Tests.Geometry.Plane3dTests.CollinearPointsAreRejected" storage="c:\development\brushforge\tests\brushforge.tests\bin\debug\net10.0\brushforge.tests.dll" id="60f297e0-04e8-5e53-cc79-510134612bd8">
      <Execution id="7c3f1689-ad90-463e-ab1b-757789e9ca3a" />
      <TestMethod codeBase="C:\Development\BrushForge\tests\BrushForge.Tests\bin\Debug\net10.0\BrushForge.Tests.dll" adapterTypeName="executor://xunit/VsTestRunner3/netcore/" className="BrushForge.Tests.Geometry.Plane3dTests" name="CollinearPointsAreRejected" />
    </UnitTest>
    <UnitTest name="BrushForge.Tests.Geometry.Vector3dTests.DistanceUsesThreeDimensionalCoordinates" storage="c:\development\brushforge\tests\brushforge.tests\bin\debug\net10.0\brushforge.tests.dll" id="15fa42c5-7d36-fd04-9ad2-2c37a71580b9">
      <Execution id="df1976fe-2057-42f9-afbe-c49236cb9a95" />
      <TestMethod codeBase="C:\Development\BrushForge\tests\BrushForge.Tests\bin\Debug\net10.0\BrushForge.Tests.dll" adapterTypeName="executor://xunit/VsTestRunner3/netcore/" className="BrushForge.Tests.Geometry.Vector3dTests" name="DistanceUsesThreeDimensionalCoordinates" />
    </UnitTest>
  </TestDefinitions>
  <TestEntries>
    <TestEntry testId="12c47706-f724-a5cc-7d9b-c5380c949463" executionId="fb9b1235-906f-471d-92ce-e26f2317693d" testListId="8c84fa94-04c1-424b-9868-57a2d4851a1d" />
    <TestEntry testId="fd8d74b6-e32e-48da-ccd2-7d864e749cb3" executionId="2ab6ff41-fc5d-4f0b-8da8-59126dd36f8e" testListId="8c84fa94-04c1-424b-9868-57a2d4851a1d" />
    <TestEntry testId="15fa42c5-7d36-fd04-9ad2-2c37a71580b9" executionId="df1976fe-2057-42f9-afbe-c49236cb9a95" testListId="8c84fa94-04c1-424b-9868-57a2d4851a1d" />
    <TestEntry testId="21f023ac-19e9-0f24-0800-5b19bdb02bff" executionId="8cc164ac-1366-4ab0-9fdb-b7a3193a4680" testListId="8c84fa94-04c1-424b-9868-57a2d4851a1d" />
    <TestEntry testId="e8ed5ac7-906e-c1cc-d1ff-b8b1f6225f8f" executionId="011e1252-4fa4-4359-90e0-3b2bbeba00a8" testListId="8c84fa94-04c1-424b-9868-57a2d4851a1d" />
    <TestEntry testId="2c0f3fae-ada8-2367-8c2c-a32a146948b6" executionId="8d89db55-0434-4043-9ef8-71e9fa79e592" testListId="8c84fa94-04c1-424b-9868-57a2d4851a1d" />
    <TestEntry testId="5888ae04-814d-f20f-735b-bea869d6e7af" executionId="96912cff-b8dd-48c3-8bf7-dffda2afe6ce" testListId="8c84fa94-04c1-424b-9868-57a2d4851a1d" />
    <TestEntry testId="2e0d34b8-fc2a-5855-9b24-5a4222b002f8" executionId="fa93a47e-8c53-401a-97cb-10be160a3783" testListId="8c84fa94-04c1-424b-9868-57a2d4851a1d" />
    <TestEntry testId="8e83f3d1-d379-751e-0737-f1b70917f5b3" executionId="af288b23-e739-46d4-ba1b-28642dfdcf24" testListId="8c84fa94-04c1-424b-9868-57a2d4851a1d" />
    <TestEntry testId="e88eb188-bbb3-14b7-1b8f-91a3607d6542" executionId="b9413fb1-8da9-485b-a671-8b3c6a6c46c8" testListId="8c84fa94-04c1-424b-9868-57a2d4851a1d" />
    <TestEntry testId="664c585c-1f4a-f0e3-c773-e5b30755fd00" executionId="90cc3aab-90d6-4327-8498-0a60f346f665" testListId="8c84fa94-04c1-424b-9868-57a2d4851a1d" />
    <TestEntry testId="e13e8b81-c540-3407-3f6a-35fb37f4dd29" executionId="58700605-a6a6-4eb1-aae9-c20b17717cb2" testListId="8c84fa94-04c1-424b-9868-57a2d4851a1d" />
    <TestEntry testId="bc23beff-11e3-1085-1a60-00dcc32c6483" executionId="bb105348-a545-4b42-afe2-c4a9f50805ba" testListId="8c84fa94-04c1-424b-9868-57a2d4851a1d" />
    <TestEntry testId="200f487e-a132-cf8b-38d7-616143c0dcf2" executionId="9a948f04-240d-4115-bf8f-b10d79f83ef9" testListId="8c84fa94-04c1-424b-9868-57a2d4851a1d" />
    <TestEntry testId="0fda2d90-6835-846c-e31e-da9bc47cdb0d" executionId="370fc386-d03a-4a3b-b9af-8b8875982df3" testListId="8c84fa94-04c1-424b-9868-57a2d4851a1d" />
    <TestEntry testId="7261bfe0-4d2e-3ea8-2999-747ec7c8fc0d" executionId="fbfb3175-0e13-47ab-b4a7-15e110630284" testListId="8c84fa94-04c1-424b-9868-57a2d4851a1d" />
    <TestEntry testId="7b158493-285d-980b-f303-a21442654683" executionId="3907f7f6-9e82-441c-ad43-9b94ad922661" testListId="8c84fa94-04c1-424b-9868-57a2d4851a1d" />
    <TestEntry testId="9f086c7e-744d-8817-3f8e-9722d8df64c3" executionId="db5a169a-79ae-4715-b55b-4c34ccbe72f4" testListId="8c84fa94-04c1-424b-9868-57a2d4851a1d" />
    <TestEntry testId="983d99fe-7c54-b71a-3beb-1f17757ff024" executionId="98ec0c5a-1057-4554-b888-15927e4c76d7" testListId="8c84fa94-04c1-424b-9868-57a2d4851a1d" />
    <TestEntry testId="8eed1e01-7c98-e10b-4b15-af859e282ab9" executionId="6a3f2bbc-e2bd-429f-b2e7-df9044a15c3f" testListId="8c84fa94-04c1-424b-9868-57a2d4851a1d" />
    <TestEntry testId="9aee2fc8-7a4a-56d0-80f5-8aca0854a5ff" executionId="f3d15bd4-c4d6-4229-96b9-0fdd497e1f8a" testListId="8c84fa94-04c1-424b-9868-57a2d4851a1d" />
    <TestEntry testId="8a54ad06-ae36-fad4-ccd3-cbe7ee1682ab" executionId="09f9d515-85f7-4790-bd17-769e6db23bf7" testListId="8c84fa94-04c1-424b-9868-57a2d4851a1d" />
    <TestEntry testId="a6daafc8-3cbc-df7a-1672-463bc612a36f" executionId="14720258-a652-41f1-8b93-8d7b3a2a6a49" testListId="8c84fa94-04c1-424b-9868-57a2d4851a1d" />
    <TestEntry testId="b3e60353-dcf1-95e6-3f43-684c87cd6fe2" executionId="e8da8569-cbb6-422d-9c7d-cd31e946d136" testListId="8c84fa94-04c1-424b-9868-57a2d4851a1d" />
    <TestEntry testId="b1b3c74d-f281-3d06-3144-1bd6f4412b2e" executionId="01321b55-df59-4caa-8d50-d7528b1bac84" testListId="8c84fa94-04c1-424b-9868-57a2d4851a1d" />
    <TestEntry testId="3d1fa1eb-3fa9-17b9-39a3-9c77f851763a" executionId="3ac3d631-0e2b-401d-becb-8fa124349a30" testListId="8c84fa94-04c1-424b-9868-57a2d4851a1d" />
    <TestEntry testId="46261481-330c-ceec-9c81-690a7d50cfe1" executionId="85393b28-6103-46c2-9444-b7afb6457140" testListId="8c84fa94-04c1-424b-9868-57a2d4851a1d" />
    <TestEntry testId="90e96c3b-8a38-075a-b489-8bcd62fc7ba6" executionId="57b64cb2-b04e-4db3-ae30-45e7426757e1" testListId="8c84fa94-04c1-424b-9868-57a2d4851a1d" />
    <TestEntry testId="f41d7da2-3e36-66e7-97e7-467b430dd2b7" executionId="1bbe9cbc-3aa3-4724-96c9-b358f9509468" testListId="8c84fa94-04c1-424b-9868-57a2d4851a1d" />
    <TestEntry testId="62a75a68-c3d6-bd50-455f-de1bc7e5b295" executionId="a506ac75-81cd-4b22-9cb2-3482cbaf7e1b" testListId="8c84fa94-04c1-424b-9868-57a2d4851a1d" />
    <TestEntry testId="3f0f93ba-f747-e0a2-5a43-e53dca025010" executionId="28060d56-8972-4aa1-a8a0-001a832df955" testListId="8c84fa94-04c1-424b-9868-57a2d4851a1d" />
    <TestEntry testId="bf9b69c7-ab5e-6535-42f8-fc38dc236417" executionId="54cd0d23-fa6f-4477-be2d-9e1b769c7d72" testListId="8c84fa94-04c1-424b-9868-57a2d4851a1d" />
    <TestEntry testId="d4245e92-12e4-4f40-5591-8ef053931cfc" executionId="bab1da7b-0726-41a3-82bc-d5175d2ad3bf" testListId="8c84fa94-04c1-424b-9868-57a2d4851a1d" />
    <TestEntry testId="f1a61163-fbd2-9172-892b-f4f77428718e" executionId="3d35ce09-a533-452d-acc4-13ee4222ac84" testListId="8c84fa94-04c1-424b-9868-57a2d4851a1d" />
    <TestEntry testId="ae535374-62c2-f341-39af-8f6230dc419c" executionId="fdf87a14-22c3-481f-a1fe-b30db4989aed" testListId="8c84fa94-04c1-424b-9868-57a2d4851a1d" />
    <TestEntry testId="60f297e0-04e8-5e53-cc79-510134612bd8" executionId="7c3f1689-ad90-463e-ab1b-757789e9ca3a" testListId="8c84fa94-04c1-424b-9868-57a2d4851a1d" />
    <TestEntry testId="1f5a0601-e77a-708d-306e-717d5ed9bcfb" executionId="0516a0c7-7bad-4aad-8fe9-462dd4f276fa" testListId="8c84fa94-04c1-424b-9868-57a2d4851a1d" />
    <TestEntry testId="e7b3d1a4-4077-88b1-beb9-4ddafc1d0541" executionId="70fdcdcf-fff1-4826-a944-4c79d6e04293" testListId="8c84fa94-04c1-424b-9868-57a2d4851a1d" />
    <TestEntry testId="cc6f3adc-eb1d-5ebe-a00a-9784e32498cd" executionId="b2f2d1b4-18ff-4492-b802-b40b54b13362" testListId="8c84fa94-04c1-424b-9868-57a2d4851a1d" />
    <TestEntry testId="b0037b9c-5860-1854-d3bd-8a88422a7069" executionId="07471ada-60aa-4de0-84ca-b01692cff99f" testListId="8c84fa94-04c1-424b-9868-57a2d4851a1d" />
    <TestEntry testId="2c3eaba2-e25f-3c90-0990-cb956d8058ba" executionId="058ab37d-1b07-4d9a-984b-e795ef5e981e" testListId="8c84fa94-04c1-424b-9868-57a2d4851a1d" />
    <TestEntry testId="186a33b5-f158-e2cd-8a06-34ecb0dffbbe" executionId="7f91a48b-0844-49b2-aed9-20c27047baae" testListId="8c84fa94-04c1-424b-9868-57a2d4851a1d" />
    <TestEntry testId="a8e31f13-97e5-9d0c-89c9-4e705f3d46d8" executionId="e26744e2-8186-42b7-b634-3eb3b61d167d" testListId="8c84fa94-04c1-424b-9868-57a2d4851a1d" />
    <TestEntry testId="2c3685a4-d415-c41b-8284-132275282f5e" executionId="ebf19fbf-2ad6-4e46-8bb0-622802c65d87" testListId="8c84fa94-04c1-424b-9868-57a2d4851a1d" />
  </TestEntries>
  <TestLists>
    <TestList name="Results Not in a List" id="8c84fa94-04c1-424b-9868-57a2d4851a1d" />
    <TestList name="All Loaded Results" id="19431567-8539-422a-85d7-44ee4e166bda" />
  </TestLists>
  <ResultSummary outcome="Completed">
    <Counters total="44" executed="44" passed="44" failed="0" error="0" timeout="0" aborted="0" inconclusive="0" passedButRunAborted="0" notRunnable="0" notExecuted="0" disconnected="0" warning="0" completed="0" inProgress="0" pending="0" />
    <Output>
      <StdOut>[xUnit.net 00:00:00.00] xUnit.net VSTest Adapter v3.1.4+50e68bbb8b (64-bit .NET 10.0.10)&#xD;
[xUnit.net 00:00:00.08]   Discovering: BrushForge.Tests&#xD;
[xUnit.net 00:00:00.12]   Discovered:  BrushForge.Tests&#xD;
[xUnit.net 00:00:00.14]   Starting:    BrushForge.Tests&#xD;
[xUnit.net 00:00:00.32]   Finished:    BrushForge.Tests&#xD;
</StdOut>
    </Output>
  </ResultSummary>
</TestRun>